******************************************************************************
               TMS320C6x Linker PC v7.4.4                      
******************************************************************************
>> Linked Thu Jan 30 11:23:32 2020

OUTPUT FILE NAME:   <Lab4.out>
ENTRY POINT SYMBOL: "_c_int00"  address: 11818b80


MEMORY CONFIGURATION

         name            origin    length      used     unused   attr    fill
----------------------  --------  ---------  --------  --------  ----  --------
  dsp_l2_ram            11800000   00040000  0001a54b  00025ab5  RWIX
  shared_ram            80000000   00020000  00000000  00020000  RWIX
  external_ram          c0000000   08000000  00000000  08000000  RWIX


SECTION ALLOCATION MAP

 output                                  attributes/
section   page    origin      length       input sections
--------  ----  ----------  ----------   ----------------
.data      0    11800000    00000000     UNINITIALIZED

.sysmem    0    11800000    00010000     UNINITIALIZED
                  11800000    00000008     rts6740.lib : memory.obj (.sysmem)
                  11800008    0000fff8     --HOLE--

.text      0    11810000    00009100     
                  11810000    00001560     L138_LCDK_aic3106_init.obj (.text)
                  11811560    00000c20     evmomapl138_bsl.lib : evmomapl138.obj (.text)
                  11812180    000005a0     rts6740.lib : divd.obj (.text:__divd)
                  11812720    00000580                 : _printfi.obj (.text:__getarg_diouxp)
                  11812ca0    000004e0     evmomapl138_bsl.lib : evmomapl138_i2c_gpio.obj (.text)
                  11813180    00000440     rts6740.lib : _printfi.obj (.text:__printfi)
                  118135c0    00000440                 : _printfi.obj (.text:__setfield)
                  11813a00    000003a0                 : fputs.obj (.text:_fputs)
                  11813da0    00000380     evmomapl138_bsl.lib : evmomapl138_gpio.obj (.text)
                  11814120    00000380                         : evmomapl138_i2c.obj (.text)
                  118144a0    00000360     iirsos.obj (.text:retain)
                  11814800    00000320     rts6740.lib : _printfi.obj (.text:__pproc_fge)
                  11814b20    000002c0                 : _printfi.obj (.text:__pproc_fwp)
                  11814de0    000002a0                 : _printfi.obj (.text:_ecvt)
                  11815080    000002a0                 : _printfi.obj (.text:_fcvt)
                  11815320    00000280                 : memory.obj (.text:_free)
                  118155a0    00000260                 : imath64.obj (.text:__divull)
                  11815800    00000260                 : _printfi.obj (.text:__pconv_e)
                  11815a60    00000240                 : _printfi.obj (.text:__pproc_diouxp)
                  11815ca0    00000220                 : _printfi.obj (.text:__pproc_str)
                  11815ec0    00000220                 : fputc.obj (.text:_fputc)
                  118160e0    00000200                 : _printfi.obj (.text:__pconv_g)
                  118162e0    00000200                 : setvbuf.obj (.text:_setvbuf)
                  118164e0    000001e0     evmomapl138_bsl.lib : evmomapl138_timer.obj (.text)
                  118166c0    000001c0     rts6740.lib : _printfi.obj (.text:__mcpy)
                  11816880    000001a0                 : imath40.obj (.text:__divul)
                  11816a20    000001a0     evmomapl138_bsl.lib : evmomapl138_aic3106.obj (.text)
                  11816bc0    00000180     rts6740.lib : trgdrv.obj (.text:_HOSTrename)
                  11816d40    00000180                 : memory.obj (.text:_malloc)
                  11816ec0    00000140                 : _printfi.obj (.text:__pproc_fflags)
                  11817000    00000140                 : lowlev.obj (.text:_getdevice)
                  11817140    00000120                 : fclose.obj (.text:__closefile)
                  11817260    00000120                 : _printfi.obj (.text:__ltostr)
                  11817380    00000120                 : fseek.obj (.text:_fseek)
                  118174a0    00000100                 : trgdrv.obj (.text:_HOSTlseek)
                  118175a0    00000100                 : _io_perm.obj (.text:__wrt_ok)
                  118176a0    000000e0                 : trgdrv.obj (.text:_HOSTopen)
                  11817780    000000e0                 : atoi.obj (.text:_atoi)
                  11817860    000000e0                 : lowlev.obj (.text:_close)
                  11817940    000000e0                 : memset.obj (.text:_memset)
                  11817a20    000000e0                 : printf.obj (.text:_printf)
                  11817b00    000000c0                 : trgdrv.obj (.text:_HOSTread)
                  11817bc0    000000c0                 : trgdrv.obj (.text:_HOSTunlink)
                  11817c80    000000c0                 : trgdrv.obj (.text:_HOSTwrite)
                  11817d40    000000c0                 : autoinit.obj (.text:__auto_init)
                  11817e00    000000c0                 : _printfi.obj (.text:__div)
                  11817ec0    000000c0                 : divu.obj (.text:__divu)
                  11817f80    000000c0                 : fflush.obj (.text:__doflush)
                  11818040    000000c0                 : exit.obj (.text:_exit)
                  11818100    000000c0                 : ltoa.obj (.text:_ltoa)
                  118181c0    000000a0                 : trgdrv.obj (.text:_HOSTclose)
                  11818260    000000a0                 : fopen.obj (.text:__cleanup)
                  11818300    000000a0                 : imath40.obj (.text:__divli)
                  118183a0    000000a0                 : _printfi.obj (.text:__ecpy)
                  11818440    000000a0                 : _printfi.obj (.text:__fcpy)
                  118184e0    000000a0                 : fixdli.obj (.text:__fixdli)
                  11818580    000000a0                 : _printfi.obj (.text:__pconv_f)
                  11818620    000000a0                 : cpy_tbl.obj (.text:_copy_in)
                  118186c0    000000a0                 : lowlev.obj (.text:_finddevice)
                  11818760    000000a0                 : lowlev.obj (.text:_lseek)
                  11818800    000000a0                 : memcpy64.obj (.text:_memcpy)
                  118188a0    000000a0                 : memory.obj (.text:_minsert)
                  11818940    000000a0                 : memory.obj (.text:_mremove)
                  118189e0    000000a0                 : lowlev.obj (.text:_write)
                  11818a80    00000080                 : fltlid.obj (.text:__fltlid)
                  11818b00    00000080                 : llshift.obj (.text:__llshl)
                  11818b80    00000080                 : boot.obj (.text:_c_int00)
                  11818c00    00000080                 : trgmsg.obj (.text:_readmsg)
                  11818c80    00000080                 : lowlev.obj (.text:_unlink)
                  11818d00    00000060                 : cpp_init.obj (.text:___TI_cpp_init)
                  11818d60    00000060                 : imath64.obj (.text:__subcull)
                  11818dc0    00000060                 : memccpy.obj (.text:_memccpy)
                  11818e20    00000060                 : trgmsg.obj (.text:_writemsg)
                  11818e80    00000040                 : isinf.obj (.text:___isinf)
                  11818ec0    00000040                 : _printfi.obj (.text:___isnan)
                  11818f00    00000040                 : args_main.obj (.text:__args_main)
                  11818f40    00000040                 : frcmpyd_div.obj (.text:__frcmpyd_div)
                  11818f80    00000040                 : llshift.obj (.text:__llshru)
                  11818fc0    00000040                 : imath40.obj (.text:__remli)
                  11819000    00000020                 : negll.obj (.text:__negll)
                  11819020    00000020                 : _lock.obj (.text:__nop)
                  11819040    00000020                 : printf.obj (.text:__outc)
                  11819060    00000020                 : printf.obj (.text:__outs)
                  11819080    00000020                 : exit.obj (.text:_abort)
                  118190a0    00000020                 : remove.obj (.text:_remove)
                  118190c0    00000020     iirsos.obj (.text)
                  118190e0    00000020     vectors_intr.obj (.text)

.stack     0    11819100    00000800     UNINITIALIZED
                  11819100    00000008     rts6740.lib : boot.obj (.stack)
                  11819108    000007f8     --HOLE--

.far       0    11819900    000004e0     UNINITIALIZED
                  11819900    00000324     rts6740.lib : defs.obj (.far)
                  11819c24    00000004                 : fopen.obj (.far)
                  11819c28    0000011c                 : lowlev.obj (.far)
                  11819d44    00000004     --HOLE--
                  11819d48    00000068     iirsos.obj (.far)
                  11819db0    0000000c     rts6740.lib : exit.obj (.far)
                  11819dbc    00000008     L138_LCDK_aic3106_init.obj (.far)
                  11819dc4    00000008     rts6740.lib : _lock.obj (.far)
                  11819dcc    00000008                 : memory.obj (.far)
                  11819dd4    00000004     --HOLE--
                  11819dd8    00000008                 : trgdrv.obj (.far)

.cinit     0    11819de0    0000020c     
                  11819de0    00000088     iirsos.obj (.cinit)
                  11819e68    0000005c     rts6740.lib : defs.obj (.cinit)
                  11819ec4    00000004     --HOLE-- [fill = 0]
                  11819ec8    0000005c                 : lowlev.obj (.cinit)
                  11819f24    00000004     --HOLE-- [fill = 0]
                  11819f28    0000002c     L138_LCDK_aic3106_init.obj (.cinit)
                  11819f54    00000004     --HOLE-- [fill = 0]
                  11819f58    0000002c     rts6740.lib : exit.obj (.cinit)
                  11819f84    00000004     --HOLE-- [fill = 0]
                  11819f88    0000002c                 : memory.obj (.cinit)
                  11819fb4    00000004     --HOLE-- [fill = 0]
                  11819fb8    0000001c                 : _lock.obj (.cinit)
                  11819fd4    00000004     --HOLE-- [fill = 0]
                  11819fd8    0000000c                 : fopen.obj (.cinit)
                  11819fe4    00000004     --HOLE-- [fill = 0]
                  11819fe8    00000004     (.pad.cinit) [fill = 0]

.vecs      0    1181a000    00000200     
                  1181a000    00000200     vectors_intr.obj (.vecs)

.const     0    1181a200    000001eb     
                  1181a200    00000101     rts6740.lib : ctype.obj (.const:.string:__ctypes_)
                  1181a301    00000002                 : fputs.obj (.const:.string)
                  1181a303    00000005     --HOLE-- [fill = 0]
                  1181a308    00000080     evmomapl138_bsl.lib : evmomapl138.obj (.const:_bitval_u32)
                  1181a388    00000040                         : evmomapl138.obj (.const:.string)
                  1181a3c8    00000023     rts6740.lib : _printfi.obj (.const:.string)

.cio       0    1181a3f0    00000120     UNINITIALIZED
                  1181a3f0    00000120     rts6740.lib : trgmsg.obj (.cio)

.bss       0    1181a510    00000030     UNINITIALIZED
                  1181a510    0000001c     L138_LCDK_aic3106_init.obj (.bss)
                  1181a52c    00000010     iirsos.obj (.bss)
                  1181a53c    00000004     evmomapl138_bsl.lib : evmomapl138_i2c.obj (.bss)

.switch    0    1181a540    00000024     
                  1181a540    00000024     evmomapl138_bsl.lib : evmomapl138_gpio.obj (.switch:_getRegisterBankAndBit)


GLOBAL SYMBOLS: SORTED ALPHABETICALLY BY Name 

address    name
--------   ----
1181a510   $bss
1181a510   .bss
11800000   .data
11810000   .text
11819080   C$$EXIT
11818e78   C$$IO$$
11816a20   _AIC3106_init
11816b18   _AIC3106_readRegister
11816b70   _AIC3106_writeRegister
11819dbc   _AIC31_data
11810258   _EDMA3_PaRAM_setup
11811748   _EVMOMAPL138_enableDsp
11811560   _EVMOMAPL138_init
1181158c   _EVMOMAPL138_initRAM
11811810   _EVMOMAPL138_lpscTransition
11811774   _EVMOMAPL138_pinmuxConfig
11819d88   _G
11813e18   _GPIO_getInput
11813da0   _GPIO_setDir
11813e8c   _GPIO_setOutput
11813f0c   _GPIO_toggleLoop
118181c0   _HOSTclose
118174a0   _HOSTlseek
118176a0   _HOSTopen
11817b00   _HOSTread
11816bc0   _HOSTrename
11817bc0   _HOSTunlink
11817c80   _HOSTwrite
11812d74   _I2CGPIO_getInput
11812e90   _I2CGPIO_getInputAll
11812ca0   _I2CGPIO_init
11812fa0   _I2CGPIO_setOutput
118130e8   _I2CGPIO_setOutputAll
11814120   _I2C_init
1181420c   _I2C_read
11814368   _I2C_write
11811118   _L138_init_LCDK_DIP
11810de0   _L138_init_aic3106_registers
11810630   _L138_init_mcasp_edma
118108ec   _L138_init_mcasp_intr
11810b4c   _L138_init_mcasp_poll
118112ac   _L138_initialise_intr
118111c4   _L138_initialise_poll
118165c4   _USTIMER_delay
11816684   _USTIMER_get
118164e0   _USTIMER_init
11816654   _USTIMER_reset
11816698   _USTIMER_set
11812160   _UTIL_isUIBoardAttached
11812008   _UTIL_printMem
1181a3f0   __CIOBUF_
11819900   __STACK_END
00000800   __STACK_SIZE
00010000   __SYSMEM_SIZE
00000001   __TI_args_main
11818d00   ___TI_cpp_init
11819db8   ___TI_enable_exit_profile_output
ffffffff   ___TI_pprof_out_hndl
ffffffff   ___TI_prof_data_size
ffffffff   ___TI_prof_data_start
ffffffff   ___binit__
1181a510   ___bss__
ffffffff   ___c_args__
11819de0   ___cinit__
11800000   ___data__
11800000   ___edata__
1181a540   ___end__
11819100   ___etext__
11818e80   ___isinf
ffffffff   ___pinit__
11810000   ___text__
11818f00   __args_main
11817d40   __auto_init
11817ec0   __c6xabi_divu
11818260   __cleanup
11819db0   __cleanup_ptr
11817140   __closefile
1181a200   __ctypes_
11812180   __divd
11818300   __divli
11817ec0   __divu
11816880   __divul
118155a0   __divull
11817f80   __doflush
11819db4   __dtors_ptr
118184e0   __fixdli
11818a80   __fltlid
11818f40   __frcmpyd_div
11819c20   __ft_end
11819900   __ftable
11818b00   __llshl
11818f80   __llshru
11819dc4   __lock
11819000   __negll
11819020   __nop
11813180   __printfi
11818fc0   __remli
11819100   __stack
11818d60   __subcull
11800000   __sys_memory
11819ae0   __tmpnams
11819dc8   __unlock
118175a0   __wrt_ok
11819d70   _a
11819080   _abort
11817780   _atoi
11819d48   _b
1181a308   _bitval_u32
11818b80   _c_int00
11817860   _close
11811be8   _config_pll0
11811e24   _config_pll1
11818620   _copy_in
11818040   _exit
1181a524   _fb
11815ec0   _fputc
11813a00   _fputs
11815320   _free
11817380   _fseek
1181a530   _input
118101a8   _input_left_sample
11810200   _input_right_sample
11810150   _input_sample
118144a0   _interrupt4
11818760   _lseek
11818100   _ltoa
118190c0   _main
11816d40   _malloc
11818dc0   _memccpy
11818800   _memcpy
11817940   _memset
11810068   _output_left_sample
118100e0   _output_right_sample
11810000   _output_sample
1181a514   _pingIN
1181a518   _pingOUT
1181a51c   _pongIN
1181a520   _pongOUT
11811534   _prand
1181a528   _prand_seed
118113e8   _prbs
11817a20   _printf
11815ec0   _putc
118114b8   _rand31_next
11811160   _read_LCDK_user_DIP
11818c00   _readmsg
118190a0   _remove
1181a52c   _section
118162e0   _setvbuf
11819dc0   _sreg
11818c80   _unlink
1181a020   _vector1
1181a140   _vector10
1181a160   _vector11
1181a180   _vector12
1181a1a0   _vector13
1181a1c0   _vector14
1181a1e0   _vector15
1181a040   _vector2
1181a060   _vector3
1181a0a0   _vector5
1181a0c0   _vector6
1181a0e0   _vector7
1181a100   _vector8
1181a120   _vector9
1181a000   _vectors
11819d98   _w
1181a534   _wn
118189e0   _write
11818e20   _writemsg
1181a538   _yn
ffffffff   binit
11819de0   cinit
11800000   edata
1181a540   end
11819100   etext
ffffffff   pinit


GLOBAL SYMBOLS: SORTED BY Symbol Address 

address    name
--------   ----
00000001   __TI_args_main
00000800   __STACK_SIZE
00010000   __SYSMEM_SIZE
11800000   .data
11800000   ___data__
11800000   ___edata__
11800000   __sys_memory
11800000   edata
11810000   .text
11810000   ___text__
11810000   _output_sample
11810068   _output_left_sample
118100e0   _output_right_sample
11810150   _input_sample
118101a8   _input_left_sample
11810200   _input_right_sample
11810258   _EDMA3_PaRAM_setup
11810630   _L138_init_mcasp_edma
118108ec   _L138_init_mcasp_intr
11810b4c   _L138_init_mcasp_poll
11810de0   _L138_init_aic3106_registers
11811118   _L138_init_LCDK_DIP
11811160   _read_LCDK_user_DIP
118111c4   _L138_initialise_poll
118112ac   _L138_initialise_intr
118113e8   _prbs
118114b8   _rand31_next
11811534   _prand
11811560   _EVMOMAPL138_init
1181158c   _EVMOMAPL138_initRAM
11811748   _EVMOMAPL138_enableDsp
11811774   _EVMOMAPL138_pinmuxConfig
11811810   _EVMOMAPL138_lpscTransition
11811be8   _config_pll0
11811e24   _config_pll1
11812008   _UTIL_printMem
11812160   _UTIL_isUIBoardAttached
11812180   __divd
11812ca0   _I2CGPIO_init
11812d74   _I2CGPIO_getInput
11812e90   _I2CGPIO_getInputAll
11812fa0   _I2CGPIO_setOutput
118130e8   _I2CGPIO_setOutputAll
11813180   __printfi
11813a00   _fputs
11813da0   _GPIO_setDir
11813e18   _GPIO_getInput
11813e8c   _GPIO_setOutput
11813f0c   _GPIO_toggleLoop
11814120   _I2C_init
1181420c   _I2C_read
11814368   _I2C_write
118144a0   _interrupt4
11815320   _free
118155a0   __divull
11815ec0   _fputc
11815ec0   _putc
118162e0   _setvbuf
118164e0   _USTIMER_init
118165c4   _USTIMER_delay
11816654   _USTIMER_reset
11816684   _USTIMER_get
11816698   _USTIMER_set
11816880   __divul
11816a20   _AIC3106_init
11816b18   _AIC3106_readRegister
11816b70   _AIC3106_writeRegister
11816bc0   _HOSTrename
11816d40   _malloc
11817140   __closefile
11817380   _fseek
118174a0   _HOSTlseek
118175a0   __wrt_ok
118176a0   _HOSTopen
11817780   _atoi
11817860   _close
11817940   _memset
11817a20   _printf
11817b00   _HOSTread
11817bc0   _HOSTunlink
11817c80   _HOSTwrite
11817d40   __auto_init
11817ec0   __c6xabi_divu
11817ec0   __divu
11817f80   __doflush
11818040   _exit
11818100   _ltoa
118181c0   _HOSTclose
11818260   __cleanup
11818300   __divli
118184e0   __fixdli
11818620   _copy_in
11818760   _lseek
11818800   _memcpy
118189e0   _write
11818a80   __fltlid
11818b00   __llshl
11818b80   _c_int00
11818c00   _readmsg
11818c80   _unlink
11818d00   ___TI_cpp_init
11818d60   __subcull
11818dc0   _memccpy
11818e20   _writemsg
11818e78   C$$IO$$
11818e80   ___isinf
11818f00   __args_main
11818f40   __frcmpyd_div
11818f80   __llshru
11818fc0   __remli
11819000   __negll
11819020   __nop
11819080   C$$EXIT
11819080   _abort
118190a0   _remove
118190c0   _main
11819100   ___etext__
11819100   __stack
11819100   etext
11819900   __STACK_END
11819900   __ftable
11819ae0   __tmpnams
11819c20   __ft_end
11819d48   _b
11819d70   _a
11819d88   _G
11819d98   _w
11819db0   __cleanup_ptr
11819db4   __dtors_ptr
11819db8   ___TI_enable_exit_profile_output
11819dbc   _AIC31_data
11819dc0   _sreg
11819dc4   __lock
11819dc8   __unlock
11819de0   ___cinit__
11819de0   cinit
1181a000   _vectors
1181a020   _vector1
1181a040   _vector2
1181a060   _vector3
1181a0a0   _vector5
1181a0c0   _vector6
1181a0e0   _vector7
1181a100   _vector8
1181a120   _vector9
1181a140   _vector10
1181a160   _vector11
1181a180   _vector12
1181a1a0   _vector13
1181a1c0   _vector14
1181a1e0   _vector15
1181a200   __ctypes_
1181a308   _bitval_u32
1181a3f0   __CIOBUF_
1181a510   $bss
1181a510   .bss
1181a510   ___bss__
1181a514   _pingIN
1181a518   _pingOUT
1181a51c   _pongIN
1181a520   _pongOUT
1181a524   _fb
1181a528   _prand_seed
1181a52c   _section
1181a530   _input
1181a534   _wn
1181a538   _yn
1181a540   ___end__
1181a540   end
ffffffff   ___TI_pprof_out_hndl
ffffffff   ___TI_prof_data_size
ffffffff   ___TI_prof_data_start
ffffffff   ___binit__
ffffffff   ___c_args__
ffffffff   ___pinit__
ffffffff   binit
ffffffff   pinit

[177 symbols]
