******************************************************************************
               TMS320C6x Linker PC v7.4.4                      
******************************************************************************
>> Linked Tue Feb 04 11:49:23 2020

OUTPUT FILE NAME:   <Lab5.out>
ENTRY POINT SYMBOL: "_c_int00"  address: 11819480


MEMORY CONFIGURATION

         name            origin    length      used     unused   attr    fill
----------------------  --------  ---------  --------  --------  ----  --------
  dsp_l2_ram            11800000   00040000  0001b59b  00024a65  RWIX
  shared_ram            80000000   00020000  00000000  00020000  RWIX
  external_ram          c0000000   08000000  00000000  08000000  RWIX


SECTION ALLOCATION MAP

 output                                  attributes/
section   page    origin      length       input sections
--------  ----  ----------  ----------   ----------------
.data      0    11800000    00000000     UNINITIALIZED

.sysmem    0    11800000    00010000     UNINITIALIZED
                  11800000    00000008     rts6740.lib : memory.obj (.sysmem)
                  11800008    0000fff8     --HOLE--

.text      0    11810000    00009a20     
                  11810000    00001560     L138_LCDK_aic3106_init.obj (.text)
                  11811560    00000c20     evmomapl138_bsl.lib : evmomapl138.obj (.text)
                  11812180    000005a0     rts6740.lib : divd.obj (.text:__divd)
                  11812720    000005a0     gpio.obj (.text)
                  11812cc0    00000580     rts6740.lib : _printfi.obj (.text:__getarg_diouxp)
                  11813240    000004e0     evmomapl138_bsl.lib : evmomapl138_i2c_gpio.obj (.text)
                  11813720    00000440     rts6740.lib : _printfi.obj (.text:__printfi)
                  11813b60    00000440                 : _printfi.obj (.text:__setfield)
                  11813fa0    000003a0                 : fputs.obj (.text:_fputs)
                  11814340    00000380     evmomapl138_bsl.lib : evmomapl138_gpio.obj (.text)
                  118146c0    00000380                         : evmomapl138_i2c.obj (.text)
                  11814a40    00000320     L138_LCDK_switch_led.obj (.text)
                  11814d60    00000320     rts6740.lib : _printfi.obj (.text:__pproc_fge)
                  11815080    000002c0                 : _printfi.obj (.text:__pproc_fwp)
                  11815340    000002a0                 : _printfi.obj (.text:_ecvt)
                  118155e0    000002a0                 : _printfi.obj (.text:_fcvt)
                  11815880    00000280                 : memory.obj (.text:_free)
                  11815b00    00000260                 : imath64.obj (.text:__divull)
                  11815d60    00000260                 : _printfi.obj (.text:__pconv_e)
                  11815fc0    00000260     main.obj (.text:retain)
                  11816220    00000240     rts6740.lib : _printfi.obj (.text:__pproc_diouxp)
                  11816460    00000220                 : _printfi.obj (.text:__pproc_str)
                  11816680    00000220                 : fputc.obj (.text:_fputc)
                  118168a0    00000200                 : _printfi.obj (.text:__pconv_g)
                  11816aa0    00000200                 : setvbuf.obj (.text:_setvbuf)
                  11816ca0    000001e0     evmomapl138_bsl.lib : evmomapl138_timer.obj (.text)
                  11816e80    000001c0     rts6740.lib : _printfi.obj (.text:__mcpy)
                  11817040    000001a0                 : imath40.obj (.text:__divul)
                  118171e0    000001a0     evmomapl138_bsl.lib : evmomapl138_aic3106.obj (.text)
                  11817380    00000180     rts6740.lib : trgdrv.obj (.text:_HOSTrename)
                  11817500    00000180                 : memory.obj (.text:_malloc)
                  11817680    00000140                 : _printfi.obj (.text:__pproc_fflags)
                  118177c0    00000140                 : lowlev.obj (.text:_getdevice)
                  11817900    00000140     psc.obj (.text)
                  11817a40    00000120     rts6740.lib : fclose.obj (.text:__closefile)
                  11817b60    00000120                 : _printfi.obj (.text:__ltostr)
                  11817c80    00000120                 : fseek.obj (.text:_fseek)
                  11817da0    00000100                 : trgdrv.obj (.text:_HOSTlseek)
                  11817ea0    00000100                 : _io_perm.obj (.text:__wrt_ok)
                  11817fa0    000000e0                 : trgdrv.obj (.text:_HOSTopen)
                  11818080    000000e0                 : atoi.obj (.text:_atoi)
                  11818160    000000e0                 : lowlev.obj (.text:_close)
                  11818240    000000e0                 : memset.obj (.text:_memset)
                  11818320    000000e0                 : printf.obj (.text:_printf)
                  11818400    000000c0                 : trgdrv.obj (.text:_HOSTread)
                  118184c0    000000c0                 : trgdrv.obj (.text:_HOSTunlink)
                  11818580    000000c0                 : trgdrv.obj (.text:_HOSTwrite)
                  11818640    000000c0                 : autoinit.obj (.text:__auto_init)
                  11818700    000000c0                 : _printfi.obj (.text:__div)
                  118187c0    000000c0                 : divu.obj (.text:__divu)
                  11818880    000000c0                 : fflush.obj (.text:__doflush)
                  11818940    000000c0                 : exit.obj (.text:_exit)
                  11818a00    000000c0                 : ltoa.obj (.text:_ltoa)
                  11818ac0    000000a0                 : trgdrv.obj (.text:_HOSTclose)
                  11818b60    000000a0                 : fopen.obj (.text:__cleanup)
                  11818c00    000000a0                 : imath40.obj (.text:__divli)
                  11818ca0    000000a0                 : _printfi.obj (.text:__ecpy)
                  11818d40    000000a0                 : _printfi.obj (.text:__fcpy)
                  11818de0    000000a0                 : fixdli.obj (.text:__fixdli)
                  11818e80    000000a0                 : _printfi.obj (.text:__pconv_f)
                  11818f20    000000a0                 : cpy_tbl.obj (.text:_copy_in)
                  11818fc0    000000a0                 : lowlev.obj (.text:_finddevice)
                  11819060    000000a0                 : lowlev.obj (.text:_lseek)
                  11819100    000000a0                 : memcpy64.obj (.text:_memcpy)
                  118191a0    000000a0                 : memory.obj (.text:_minsert)
                  11819240    000000a0                 : memory.obj (.text:_mremove)
                  118192e0    000000a0                 : lowlev.obj (.text:_write)
                  11819380    00000080                 : fltlid.obj (.text:__fltlid)
                  11819400    00000080                 : llshift.obj (.text:__llshl)
                  11819480    00000080                 : boot.obj (.text:_c_int00)
                  11819500    00000080                 : trgmsg.obj (.text:_readmsg)
                  11819580    00000080                 : lowlev.obj (.text:_unlink)
                  11819600    00000060                 : cpp_init.obj (.text:___TI_cpp_init)
                  11819660    00000060                 : imath64.obj (.text:__subcull)
                  118196c0    00000060                 : memccpy.obj (.text:_memccpy)
                  11819720    00000060                 : trgmsg.obj (.text:_writemsg)
                  11819780    00000040                 : isinf.obj (.text:___isinf)
                  118197c0    00000040                 : _printfi.obj (.text:___isnan)
                  11819800    00000040                 : args_main.obj (.text:__args_main)
                  11819840    00000040                 : frcmpyd_div.obj (.text:__frcmpyd_div)
                  11819880    00000040                 : llshift.obj (.text:__llshru)
                  118198c0    00000040                 : imath40.obj (.text:__remli)
                  11819900    00000040     main.obj (.text)
                  11819940    00000020     rts6740.lib : negll.obj (.text:__negll)
                  11819960    00000020                 : _lock.obj (.text:__nop)
                  11819980    00000020                 : printf.obj (.text:__outc)
                  118199a0    00000020                 : printf.obj (.text:__outs)
                  118199c0    00000020                 : exit.obj (.text:_abort)
                  118199e0    00000020                 : remove.obj (.text:_remove)
                  11819a00    00000020     vectors_intr.obj (.text)

.far       0    11819a20    00000c70     UNINITIALIZED
                  11819a20    00000800     main.obj (.far)
                  1181a220    00000324     rts6740.lib : defs.obj (.far)
                  1181a544    00000004                 : fopen.obj (.far)
                  1181a548    0000011c                 : lowlev.obj (.far)
                  1181a664    0000000c                 : exit.obj (.far)
                  1181a670    00000008     L138_LCDK_aic3106_init.obj (.far)
                  1181a678    00000008     rts6740.lib : _lock.obj (.far)
                  1181a680    00000008                 : memory.obj (.far)
                  1181a688    00000008                 : trgdrv.obj (.far)

.stack     0    1181a690    00000800     UNINITIALIZED
                  1181a690    00000008     rts6740.lib : boot.obj (.stack)
                  1181a698    000007f8     --HOLE--

.cio       0    1181ae90    00000120     UNINITIALIZED
                  1181ae90    00000120     rts6740.lib : trgmsg.obj (.cio)

.bss       0    1181afb0    00000028     UNINITIALIZED
                  1181afb0    0000001c     L138_LCDK_aic3106_init.obj (.bss)
                  1181afcc    00000008     main.obj (.bss)
                  1181afd4    00000004     evmomapl138_bsl.lib : evmomapl138_i2c.obj (.bss)

.vecs      0    1181b000    00000200     
                  1181b000    00000200     vectors_intr.obj (.vecs)

.const     0    1181b200    000001eb     
                  1181b200    00000101     rts6740.lib : ctype.obj (.const:.string:__ctypes_)
                  1181b301    00000002                 : fputs.obj (.const:.string)
                  1181b303    00000005     --HOLE-- [fill = 0]
                  1181b308    00000080     evmomapl138_bsl.lib : evmomapl138.obj (.const:_bitval_u32)
                  1181b388    00000040                         : evmomapl138.obj (.const:.string)
                  1181b3c8    00000023     rts6740.lib : _printfi.obj (.const:.string)

.cinit     0    1181b3f0    00000184     
                  1181b3f0    0000005c     rts6740.lib : defs.obj (.cinit)
                  1181b44c    00000004     --HOLE-- [fill = 0]
                  1181b450    0000005c                 : lowlev.obj (.cinit)
                  1181b4ac    00000004     --HOLE-- [fill = 0]
                  1181b4b0    0000002c     L138_LCDK_aic3106_init.obj (.cinit)
                  1181b4dc    00000004     --HOLE-- [fill = 0]
                  1181b4e0    0000002c     rts6740.lib : exit.obj (.cinit)
                  1181b50c    00000004     --HOLE-- [fill = 0]
                  1181b510    0000002c                 : memory.obj (.cinit)
                  1181b53c    00000004     --HOLE-- [fill = 0]
                  1181b540    0000001c                 : _lock.obj (.cinit)
                  1181b55c    00000004     --HOLE-- [fill = 0]
                  1181b560    0000000c                 : fopen.obj (.cinit)
                  1181b56c    00000004     --HOLE-- [fill = 0]
                  1181b570    00000004     (.pad.cinit) [fill = 0]

.switch    0    1181b574    00000054     
                  1181b574    00000024     evmomapl138_bsl.lib : evmomapl138_gpio.obj (.switch:_getRegisterBankAndBit)
                  1181b598    00000010     gpio.obj (.switch:_GPIOIntTypeSet)
                  1181b5a8    00000010     L138_LCDK_switch_led.obj (.switch:_LCDK_LED_off)
                  1181b5b8    00000010     L138_LCDK_switch_led.obj (.switch:_LCDK_LED_on)


GLOBAL SYMBOLS: SORTED ALPHABETICALLY BY Name 

address    name
--------   ----
1181afb0   $bss
1181afb0   .bss
11800000   .data
11810000   .text
118199c0   C$$EXIT
11819778   C$$IO$$
118171e0   _AIC3106_init
118172d8   _AIC3106_readRegister
11817330   _AIC3106_writeRegister
1181a670   _AIC31_data
11810258   _EDMA3_PaRAM_setup
11811748   _EVMOMAPL138_enableDsp
11811560   _EVMOMAPL138_init
1181158c   _EVMOMAPL138_initRAM
11811810   _EVMOMAPL138_lpscTransition
11811774   _EVMOMAPL138_pinmuxConfig
11812bd0   _GPIOBankIntDisable
11812b94   _GPIOBankIntEnable
11812c0c   _GPIOBankPinsWrite
118127b8   _GPIODirModeGet
11812720   _GPIODirModeSet
11812a64   _GPIOIntTypeGet
118128f8   _GPIOIntTypeSet
11812b4c   _GPIOPinIntClear
11812aec   _GPIOPinIntStatus
11812898   _GPIOPinRead
11812818   _GPIOPinWrite
118143b8   _GPIO_getInput
11814340   _GPIO_setDir
1181442c   _GPIO_setOutput
118144ac   _GPIO_toggleLoop
11818ac0   _HOSTclose
11817da0   _HOSTlseek
11817fa0   _HOSTopen
11818400   _HOSTread
11817380   _HOSTrename
118184c0   _HOSTunlink
11818580   _HOSTwrite
11813314   _I2CGPIO_getInput
11813430   _I2CGPIO_getInputAll
11813240   _I2CGPIO_init
11813540   _I2CGPIO_setOutput
11813688   _I2CGPIO_setOutputAll
118146c0   _I2C_init
118147ac   _I2C_read
11814908   _I2C_write
11811118   _L138_init_LCDK_DIP
11810de0   _L138_init_aic3106_registers
11810630   _L138_init_mcasp_edma
118108ec   _L138_init_mcasp_intr
11810b4c   _L138_init_mcasp_poll
118112ac   _L138_initialise_intr
118111c4   _L138_initialise_poll
11814b50   _LCDK_GPIO_init
11814bc0   _LCDK_LED_init
11814cc8   _LCDK_LED_off
11814c30   _LCDK_LED_on
11814b6c   _LCDK_SWITCH_init
11814c10   _LCDK_SWITCH_state
11817900   _PSCModuleControl
11814a40   _PinMuxSetup_leds
11814ad4   _PinMuxSetup_switches
11816d84   _USTIMER_delay
11816e44   _USTIMER_get
11816ca0   _USTIMER_init
11816e14   _USTIMER_reset
11816e58   _USTIMER_set
11812160   _UTIL_isUIBoardAttached
11812008   _UTIL_printMem
1181ae90   __CIOBUF_
1181ae90   __STACK_END
00000800   __STACK_SIZE
00010000   __SYSMEM_SIZE
00000001   __TI_args_main
11819600   ___TI_cpp_init
1181a66c   ___TI_enable_exit_profile_output
ffffffff   ___TI_pprof_out_hndl
ffffffff   ___TI_prof_data_size
ffffffff   ___TI_prof_data_start
ffffffff   ___binit__
1181afb0   ___bss__
ffffffff   ___c_args__
1181b3f0   ___cinit__
11800000   ___data__
11800000   ___edata__
1181afd8   ___end__
11819a20   ___etext__
11819780   ___isinf
ffffffff   ___pinit__
11810000   ___text__
11819800   __args_main
11818640   __auto_init
118187c0   __c6xabi_divu
11818b60   __cleanup
1181a664   __cleanup_ptr
11817a40   __closefile
1181b200   __ctypes_
11812180   __divd
11818c00   __divli
118187c0   __divu
11817040   __divul
11815b00   __divull
11818880   __doflush
1181a668   __dtors_ptr
11818de0   __fixdli
11819380   __fltlid
11819840   __frcmpyd_div
1181a540   __ft_end
1181a220   __ftable
11819400   __llshl
11819880   __llshru
1181a678   __lock
11819940   __negll
11819960   __nop
11813720   __printfi
118198c0   __remli
1181a690   __stack
11819660   __subcull
11800000   __sys_memory
1181a400   __tmpnams
1181a67c   __unlock
11817ea0   __wrt_ok
118199c0   _abort
11818080   _atoi
1181b308   _bitval_u32
11819480   _c_int00
11818160   _close
11811be8   _config_pll0
11811e24   _config_pll1
11818f20   _copy_in
1181afcc   _counter
11819a20   _data
11818940   _exit
1181afc4   _fb
11816680   _fputc
11813fa0   _fputs
11815880   _free
11817c80   _fseek
1181afd0   _i
118101a8   _input_left_sample
11810200   _input_right_sample
11810150   _input_sample
11815fc0   _interrupt4
11819060   _lseek
11818a00   _ltoa
11819900   _main
11817500   _malloc
118196c0   _memccpy
11819100   _memcpy
11818240   _memset
11810068   _output_left_sample
118100e0   _output_right_sample
11810000   _output_sample
1181afb4   _pingIN
1181afb8   _pingOUT
1181afbc   _pongIN
1181afc0   _pongOUT
11811534   _prand
1181afc8   _prand_seed
118113e8   _prbs
11818320   _printf
11816680   _putc
118114b8   _rand31_next
11811160   _read_LCDK_user_DIP
11819500   _readmsg
118199e0   _remove
11816aa0   _setvbuf
1181a674   _sreg
11819580   _unlink
1181b020   _vector1
1181b140   _vector10
1181b160   _vector11
1181b180   _vector12
1181b1a0   _vector13
1181b1c0   _vector14
1181b1e0   _vector15
1181b040   _vector2
1181b060   _vector3
1181b0a0   _vector5
1181b0c0   _vector6
1181b0e0   _vector7
1181b100   _vector8
1181b120   _vector9
1181b000   _vectors
118192e0   _write
11819720   _writemsg
ffffffff   binit
1181b3f0   cinit
11800000   edata
1181afd8   end
11819a20   etext
ffffffff   pinit


GLOBAL SYMBOLS: SORTED BY Symbol Address 

address    name
--------   ----
00000001   __TI_args_main
00000800   __STACK_SIZE
00010000   __SYSMEM_SIZE
11800000   .data
11800000   ___data__
11800000   ___edata__
11800000   __sys_memory
11800000   edata
11810000   .text
11810000   ___text__
11810000   _output_sample
11810068   _output_left_sample
118100e0   _output_right_sample
11810150   _input_sample
118101a8   _input_left_sample
11810200   _input_right_sample
11810258   _EDMA3_PaRAM_setup
11810630   _L138_init_mcasp_edma
118108ec   _L138_init_mcasp_intr
11810b4c   _L138_init_mcasp_poll
11810de0   _L138_init_aic3106_registers
11811118   _L138_init_LCDK_DIP
11811160   _read_LCDK_user_DIP
118111c4   _L138_initialise_poll
118112ac   _L138_initialise_intr
118113e8   _prbs
118114b8   _rand31_next
11811534   _prand
11811560   _EVMOMAPL138_init
1181158c   _EVMOMAPL138_initRAM
11811748   _EVMOMAPL138_enableDsp
11811774   _EVMOMAPL138_pinmuxConfig
11811810   _EVMOMAPL138_lpscTransition
11811be8   _config_pll0
11811e24   _config_pll1
11812008   _UTIL_printMem
11812160   _UTIL_isUIBoardAttached
11812180   __divd
11812720   _GPIODirModeSet
118127b8   _GPIODirModeGet
11812818   _GPIOPinWrite
11812898   _GPIOPinRead
118128f8   _GPIOIntTypeSet
11812a64   _GPIOIntTypeGet
11812aec   _GPIOPinIntStatus
11812b4c   _GPIOPinIntClear
11812b94   _GPIOBankIntEnable
11812bd0   _GPIOBankIntDisable
11812c0c   _GPIOBankPinsWrite
11813240   _I2CGPIO_init
11813314   _I2CGPIO_getInput
11813430   _I2CGPIO_getInputAll
11813540   _I2CGPIO_setOutput
11813688   _I2CGPIO_setOutputAll
11813720   __printfi
11813fa0   _fputs
11814340   _GPIO_setDir
118143b8   _GPIO_getInput
1181442c   _GPIO_setOutput
118144ac   _GPIO_toggleLoop
118146c0   _I2C_init
118147ac   _I2C_read
11814908   _I2C_write
11814a40   _PinMuxSetup_leds
11814ad4   _PinMuxSetup_switches
11814b50   _LCDK_GPIO_init
11814b6c   _LCDK_SWITCH_init
11814bc0   _LCDK_LED_init
11814c10   _LCDK_SWITCH_state
11814c30   _LCDK_LED_on
11814cc8   _LCDK_LED_off
11815880   _free
11815b00   __divull
11815fc0   _interrupt4
11816680   _fputc
11816680   _putc
11816aa0   _setvbuf
11816ca0   _USTIMER_init
11816d84   _USTIMER_delay
11816e14   _USTIMER_reset
11816e44   _USTIMER_get
11816e58   _USTIMER_set
11817040   __divul
118171e0   _AIC3106_init
118172d8   _AIC3106_readRegister
11817330   _AIC3106_writeRegister
11817380   _HOSTrename
11817500   _malloc
11817900   _PSCModuleControl
11817a40   __closefile
11817c80   _fseek
11817da0   _HOSTlseek
11817ea0   __wrt_ok
11817fa0   _HOSTopen
11818080   _atoi
11818160   _close
11818240   _memset
11818320   _printf
11818400   _HOSTread
118184c0   _HOSTunlink
11818580   _HOSTwrite
11818640   __auto_init
118187c0   __c6xabi_divu
118187c0   __divu
11818880   __doflush
11818940   _exit
11818a00   _ltoa
11818ac0   _HOSTclose
11818b60   __cleanup
11818c00   __divli
11818de0   __fixdli
11818f20   _copy_in
11819060   _lseek
11819100   _memcpy
118192e0   _write
11819380   __fltlid
11819400   __llshl
11819480   _c_int00
11819500   _readmsg
11819580   _unlink
11819600   ___TI_cpp_init
11819660   __subcull
118196c0   _memccpy
11819720   _writemsg
11819778   C$$IO$$
11819780   ___isinf
11819800   __args_main
11819840   __frcmpyd_div
11819880   __llshru
118198c0   __remli
11819900   _main
11819940   __negll
11819960   __nop
118199c0   C$$EXIT
118199c0   _abort
118199e0   _remove
11819a20   ___etext__
11819a20   _data
11819a20   etext
1181a220   __ftable
1181a400   __tmpnams
1181a540   __ft_end
1181a664   __cleanup_ptr
1181a668   __dtors_ptr
1181a66c   ___TI_enable_exit_profile_output
1181a670   _AIC31_data
1181a674   _sreg
1181a678   __lock
1181a67c   __unlock
1181a690   __stack
1181ae90   __CIOBUF_
1181ae90   __STACK_END
1181afb0   $bss
1181afb0   .bss
1181afb0   ___bss__
1181afb4   _pingIN
1181afb8   _pingOUT
1181afbc   _pongIN
1181afc0   _pongOUT
1181afc4   _fb
1181afc8   _prand_seed
1181afcc   _counter
1181afd0   _i
1181afd8   ___end__
1181afd8   end
1181b000   _vectors
1181b020   _vector1
1181b040   _vector2
1181b060   _vector3
1181b0a0   _vector5
1181b0c0   _vector6
1181b0e0   _vector7
1181b100   _vector8
1181b120   _vector9
1181b140   _vector10
1181b160   _vector11
1181b180   _vector12
1181b1a0   _vector13
1181b1c0   _vector14
1181b1e0   _vector15
1181b200   __ctypes_
1181b308   _bitval_u32
1181b3f0   ___cinit__
1181b3f0   cinit
ffffffff   ___TI_pprof_out_hndl
ffffffff   ___TI_prof_data_size
ffffffff   ___TI_prof_data_start
ffffffff   ___binit__
ffffffff   ___c_args__
ffffffff   ___pinit__
ffffffff   binit
ffffffff   pinit

[192 symbols]
