******************************************************************************
               TMS320C6x Linker PC v7.4.4                      
******************************************************************************
>> Linked Tue Feb 11 12:04:59 2020

OUTPUT FILE NAME:   <Lab5.out>
ENTRY POINT SYMBOL: "_c_int00"  address: 11827080


MEMORY CONFIGURATION

         name            origin    length      used     unused   attr    fill
----------------------  --------  ---------  --------  --------  ----  --------
  dsp_l2_ram            11800000   00040000  000297eb  00016815  RWIX
  shared_ram            80000000   00020000  00000000  00020000  RWIX
  external_ram          c0000000   08000000  00000000  08000000  RWIX


SECTION ALLOCATION MAP

 output                                  attributes/
section   page    origin      length       input sections
--------  ----  ----------  ----------   ----------------
.data      0    11800000    00000000     UNINITIALIZED

.sysmem    0    11800000    00010000     UNINITIALIZED
                  11800000    00000008     rts6740.lib : memory.obj (.sysmem)
                  11800008    0000fff8     --HOLE--

.far       0    11810000    0000bfb0     UNINITIALIZED
                  11810000    0000ba88     main.obj (.far)
                  1181ba88    00000324     rts6740.lib : defs.obj (.far)
                  1181bdac    00000004                 : errno.obj (.far)
                  1181bdb0    0000011c                 : lowlev.obj (.far)
                  1181becc    00000004                 : fopen.obj (.far)
                  1181bed0    00000040                 : cos.obj (.far)
                  1181bf10    00000040                 : sin.obj (.far)
                  1181bf50    00000030                 : log.obj (.far)
                  1181bf80    0000000c                 : exit.obj (.far)
                  1181bf8c    00000008     L138_LCDK_aic3106_init.obj (.far)
                  1181bf94    00000008     rts6740.lib : _lock.obj (.far)
                  1181bf9c    00000008                 : memory.obj (.far)
                  1181bfa4    00000004     --HOLE--
                  1181bfa8    00000008                 : trgdrv.obj (.far)

.text      0    1181bfc0    0000b680     
                  1181bfc0    00001560     L138_LCDK_aic3106_init.obj (.text)
                  1181d520    00000c20     evmomapl138_bsl.lib : evmomapl138.obj (.text)
                  1181e140    00000a00     main.obj (.text)
                  1181eb40    000005a0     rts6740.lib : divd.obj (.text:__divd)
                  1181f0e0    000005a0     gpio.obj (.text)
                  1181f680    00000580     rts6740.lib : _printfi.obj (.text:__getarg_diouxp)
                  1181fc00    000004e0     evmomapl138_bsl.lib : evmomapl138_i2c_gpio.obj (.text)
                  118200e0    00000440     rts6740.lib : _printfi.obj (.text:__printfi)
                  11820520    00000440                 : _printfi.obj (.text:__setfield)
                  11820960    000003a0                 : fputs.obj (.text:_fputs)
                  11820d00    000003a0     dsplib.a674 : DSPF_sp_fftSPxSP.o674 (.text:optimized)
                  118210a0    00000380     evmomapl138_bsl.lib : evmomapl138_gpio.obj (.text)
                  11821420    00000380                         : evmomapl138_i2c.obj (.text)
                  118217a0    00000320     L138_LCDK_switch_led.obj (.text)
                  11821ac0    00000320     rts6740.lib : _printfi.obj (.text:__pproc_fge)
                  11821de0    000002e0                 : cos.obj (.text:_cos)
                  118220c0    000002c0                 : _printfi.obj (.text:__pproc_fwp)
                  11822380    000002c0     main.obj (.text:retain)
                  11822640    000002a0     rts6740.lib : _printfi.obj (.text:_ecvt)
                  118228e0    000002a0                 : _printfi.obj (.text:_fcvt)
                  11822b80    00000280                 : divf.obj (.text:__divf)
                  11822e00    00000280                 : memory.obj (.text:_free)
                  11823080    00000280                 : sin.obj (.text:_sin)
                  11823300    00000260                 : imath64.obj (.text:__divull)
                  11823560    00000260                 : _printfi.obj (.text:__pconv_e)
                  118237c0    00000240                 : _printfi.obj (.text:__pproc_diouxp)
                  11823a00    00000220                 : _printfi.obj (.text:__pproc_str)
                  11823c20    00000220                 : fputc.obj (.text:_fputc)
                  11823e40    00000200                 : _printfi.obj (.text:__pconv_g)
                  11824040    00000200                 : log.obj (.text:_log)
                  11824240    00000200                 : setvbuf.obj (.text:_setvbuf)
                  11824440    000001e0     evmomapl138_bsl.lib : evmomapl138_timer.obj (.text)
                  11824620    000001c0     rts6740.lib : _printfi.obj (.text:__mcpy)
                  118247e0    000001a0                 : imath40.obj (.text:__divul)
                  11824980    000001a0     evmomapl138_bsl.lib : evmomapl138_aic3106.obj (.text)
                  11824b20    00000180     rts6740.lib : trgdrv.obj (.text:_HOSTrename)
                  11824ca0    00000180                 : memory.obj (.text:_malloc)
                  11824e20    00000140                 : _printfi.obj (.text:__pproc_fflags)
                  11824f60    00000140                 : lowlev.obj (.text:_getdevice)
                  118250a0    00000140     psc.obj (.text)
                  118251e0    00000120     rts6740.lib : fclose.obj (.text:__closefile)
                  11825300    00000120                 : _printfi.obj (.text:__ltostr)
                  11825420    00000120                 : frexp.obj (.text:_frexp)
                  11825540    00000120                 : fseek.obj (.text:_fseek)
                  11825660    00000100                 : trgdrv.obj (.text:_HOSTlseek)
                  11825760    00000100                 : _io_perm.obj (.text:__wrt_ok)
                  11825860    00000100                 : sqrt.obj (.text:_sqrt)
                  11825960    000000e0                 : trgdrv.obj (.text:_HOSTopen)
                  11825a40    000000e0                 : atoi.obj (.text:_atoi)
                  11825b20    000000e0                 : lowlev.obj (.text:_close)
                  11825c00    000000e0                 : memset.obj (.text:_memset)
                  11825ce0    000000e0                 : printf.obj (.text:_printf)
                  11825dc0    000000c0                 : trgdrv.obj (.text:_HOSTread)
                  11825e80    000000c0                 : trgdrv.obj (.text:_HOSTunlink)
                  11825f40    000000c0                 : trgdrv.obj (.text:_HOSTwrite)
                  11826000    000000c0                 : autoinit.obj (.text:__auto_init)
                  118260c0    000000c0                 : _printfi.obj (.text:__div)
                  11826180    000000c0                 : divu.obj (.text:__divu)
                  11826240    000000c0                 : fflush.obj (.text:__doflush)
                  11826300    000000c0                 : exit.obj (.text:_exit)
                  118263c0    000000c0                 : ltoa.obj (.text:_ltoa)
                  11826480    000000a0                 : trgdrv.obj (.text:_HOSTclose)
                  11826520    000000a0                 : fopen.obj (.text:__cleanup)
                  118265c0    000000a0                 : imath40.obj (.text:__divli)
                  11826660    000000a0                 : _printfi.obj (.text:__ecpy)
                  11826700    000000a0                 : _printfi.obj (.text:__fcpy)
                  118267a0    000000a0                 : fixdli.obj (.text:__fixdli)
                  11826840    000000a0                 : round.obj (.text:__nround)
                  118268e0    000000a0                 : _printfi.obj (.text:__pconv_f)
                  11826980    000000a0                 : cpy_tbl.obj (.text:_copy_in)
                  11826a20    000000a0                 : lowlev.obj (.text:_finddevice)
                  11826ac0    000000a0                 : lowlev.obj (.text:_lseek)
                  11826b60    000000a0                 : memcpy64.obj (.text:_memcpy)
                  11826c00    000000a0                 : memory.obj (.text:_minsert)
                  11826ca0    000000a0                 : modf.obj (.text:_modf)
                  11826d40    000000a0                 : memory.obj (.text:_mremove)
                  11826de0    000000a0                 : lowlev.obj (.text:_write)
                  11826e80    00000080                 : fixdu.obj (.text:__fixdu)
                  11826f00    00000080                 : fixfu.obj (.text:__fixfu)
                  11826f80    00000080                 : fltlid.obj (.text:__fltlid)
                  11827000    00000080                 : llshift.obj (.text:__llshl)
                  11827080    00000080                 : boot.obj (.text:_c_int00)
                  11827100    00000080                 : trgmsg.obj (.text:_readmsg)
                  11827180    00000080                 : lowlev.obj (.text:_unlink)
                  11827200    00000060                 : cpp_init.obj (.text:___TI_cpp_init)
                  11827260    00000060                 : imath64.obj (.text:__subcull)
                  118272c0    00000060                 : memccpy.obj (.text:_memccpy)
                  11827320    00000060                 : trgmsg.obj (.text:_writemsg)
                  11827380    00000040                 : isinf.obj (.text:___isinf)
                  118273c0    00000040                 : _printfi.obj (.text:___isnan)
                  11827400    00000040                 : args_main.obj (.text:__args_main)
                  11827440    00000040                 : frcmpyd_div.obj (.text:__frcmpyd_div)
                  11827480    00000040                 : llshift.obj (.text:__llshru)
                  118274c0    00000040                 : imath40.obj (.text:__remli)
                  11827500    00000040                 : ceil.obj (.text:_ceil)
                  11827540    00000020                 : negll.obj (.text:__negll)
                  11827560    00000020                 : _lock.obj (.text:__nop)
                  11827580    00000020                 : printf.obj (.text:__outc)
                  118275a0    00000020                 : printf.obj (.text:__outs)
                  118275c0    00000020                 : trunc.obj (.text:__trunc)
                  118275e0    00000020                 : exit.obj (.text:_abort)
                  11827600    00000020                 : remove.obj (.text:_remove)
                  11827620    00000020     vectors_intr.obj (.text)

.cinit     0    11827640    0000141c     
                  11827640    000011b8     main.obj (.cinit)
                  118287f8    0000005c     rts6740.lib : defs.obj (.cinit)
                  11828854    00000004     --HOLE-- [fill = 0]
                  11828858    0000005c                 : lowlev.obj (.cinit)
                  118288b4    00000004     --HOLE-- [fill = 0]
                  118288b8    00000048                 : cos.obj (.cinit)
                  11828900    00000048                 : sin.obj (.cinit)
                  11828948    00000040                 : log.obj (.cinit)
                  11828988    0000002c     L138_LCDK_aic3106_init.obj (.cinit)
                  118289b4    00000004     --HOLE-- [fill = 0]
                  118289b8    0000002c     rts6740.lib : exit.obj (.cinit)
                  118289e4    00000004     --HOLE-- [fill = 0]
                  118289e8    0000002c                 : memory.obj (.cinit)
                  11828a14    00000004     --HOLE-- [fill = 0]
                  11828a18    0000001c                 : _lock.obj (.cinit)
                  11828a34    00000004     --HOLE-- [fill = 0]
                  11828a38    0000000c                 : errno.obj (.cinit)
                  11828a44    00000004     --HOLE-- [fill = 0]
                  11828a48    0000000c                 : fopen.obj (.cinit)
                  11828a54    00000004     --HOLE-- [fill = 0]
                  11828a58    00000004     (.pad.cinit) [fill = 0]

.stack     0    11828a60    00000800     UNINITIALIZED
                  11828a60    00000008     rts6740.lib : boot.obj (.stack)
                  11828a68    000007f8     --HOLE--

.cio       0    11829260    00000120     UNINITIALIZED
                  11829260    00000120     rts6740.lib : trgmsg.obj (.cio)

.switch    0    11829380    00000054     
                  11829380    00000024     evmomapl138_bsl.lib : evmomapl138_gpio.obj (.switch:_getRegisterBankAndBit)
                  118293a4    00000010     gpio.obj (.switch:_GPIOIntTypeSet)
                  118293b4    00000010     L138_LCDK_switch_led.obj (.switch:_LCDK_LED_off)
                  118293c4    00000010     L138_LCDK_switch_led.obj (.switch:_LCDK_LED_on)

.vecs      0    11829400    00000200     
                  11829400    00000200     vectors_intr.obj (.vecs)

.const     0    11829600    000001eb     
                  11829600    00000101     rts6740.lib : ctype.obj (.const:.string:__ctypes_)
                  11829701    00000002                 : fputs.obj (.const:.string)
                  11829703    00000005     --HOLE-- [fill = 0]
                  11829708    00000080     evmomapl138_bsl.lib : evmomapl138.obj (.const:_bitval_u32)
                  11829788    00000040                         : evmomapl138.obj (.const:.string)
                  118297c8    00000023     rts6740.lib : _printfi.obj (.const:.string)

.bss       0    118297ec    00000040     UNINITIALIZED
                  118297ec    0000001d     main.obj (.bss)
                  11829809    00000003     --HOLE--
                  1182980c    0000001c     L138_LCDK_aic3106_init.obj (.bss)
                  11829828    00000004     evmomapl138_bsl.lib : evmomapl138_i2c.obj (.bss)


GLOBAL SYMBOLS: SORTED ALPHABETICALLY BY Name 

address    name
--------   ----
118297ec   $bss
118297ec   .bss
11800000   .data
1181bfc0   .text
118275e0   C$$EXIT
11827378   C$$IO$$
11824980   _AIC3106_init
11824a78   _AIC3106_readRegister
11824ad0   _AIC3106_writeRegister
1181bf8c   _AIC31_data
11820d00   _DSPF_sp_fftSPxSP
1181c218   _EDMA3_PaRAM_setup
1181d708   _EVMOMAPL138_enableDsp
1181d520   _EVMOMAPL138_init
1181d54c   _EVMOMAPL138_initRAM
1181d7d0   _EVMOMAPL138_lpscTransition
1181d734   _EVMOMAPL138_pinmuxConfig
1181f590   _GPIOBankIntDisable
1181f554   _GPIOBankIntEnable
1181f5cc   _GPIOBankPinsWrite
1181f178   _GPIODirModeGet
1181f0e0   _GPIODirModeSet
1181f424   _GPIOIntTypeGet
1181f2b8   _GPIOIntTypeSet
1181f50c   _GPIOPinIntClear
1181f4ac   _GPIOPinIntStatus
1181f258   _GPIOPinRead
1181f1d8   _GPIOPinWrite
11821118   _GPIO_getInput
118210a0   _GPIO_setDir
1182118c   _GPIO_setOutput
1182120c   _GPIO_toggleLoop
11826480   _HOSTclose
11825660   _HOSTlseek
11825960   _HOSTopen
11825dc0   _HOSTread
11824b20   _HOSTrename
11825e80   _HOSTunlink
11825f40   _HOSTwrite
1181fcd4   _I2CGPIO_getInput
1181fdf0   _I2CGPIO_getInputAll
1181fc00   _I2CGPIO_init
1181ff00   _I2CGPIO_setOutput
11820048   _I2CGPIO_setOutputAll
11821420   _I2C_init
1182150c   _I2C_read
11821668   _I2C_write
1181d0d8   _L138_init_LCDK_DIP
1181cda0   _L138_init_aic3106_registers
1181c5f0   _L138_init_mcasp_edma
1181c8ac   _L138_init_mcasp_intr
1181cb0c   _L138_init_mcasp_poll
1181d26c   _L138_initialise_intr
1181d184   _L138_initialise_poll
118218b0   _LCDK_GPIO_init
11821920   _LCDK_LED_init
11821a28   _LCDK_LED_off
11821990   _LCDK_LED_on
118218cc   _LCDK_SWITCH_init
11821970   _LCDK_SWITCH_state
118250a0   _PSCModuleControl
118217a0   _PinMuxSetup_leds
11821834   _PinMuxSetup_switches
11824524   _USTIMER_delay
118245e4   _USTIMER_get
11824440   _USTIMER_init
118245b4   _USTIMER_reset
118245f8   _USTIMER_set
1181e120   _UTIL_isUIBoardAttached
1181dfc8   _UTIL_printMem
11829260   __CIOBUF_
11829260   __STACK_END
00000800   __STACK_SIZE
00010000   __SYSMEM_SIZE
00000001   __TI_args_main
11827200   ___TI_cpp_init
1181bf88   ___TI_enable_exit_profile_output
ffffffff   ___TI_pprof_out_hndl
ffffffff   ___TI_prof_data_size
ffffffff   ___TI_prof_data_start
ffffffff   ___binit__
118297ec   ___bss__
ffffffff   ___c_args__
11827640   ___cinit__
11800000   ___data__
11800000   ___edata__
1182982c   ___end__
11827640   ___etext__
11827380   ___isinf
ffffffff   ___pinit__
1181bfc0   ___text__
11827400   __args_main
11826000   __auto_init
11826180   __c6xabi_divu
11826520   __cleanup
1181bf80   __cleanup_ptr
118251e0   __closefile
11829600   __ctypes_
1181eb40   __divd
11822b80   __divf
118265c0   __divli
11826180   __divu
118247e0   __divul
11823300   __divull
11826240   __doflush
1181bf84   __dtors_ptr
118267a0   __fixdli
11826e80   __fixdu
11826f00   __fixfu
11826f80   __fltlid
11827440   __frcmpyd_div
1181bda8   __ft_end
1181ba88   __ftable
11827000   __llshl
11827480   __llshru
1181bf94   __lock
11827540   __negll
11827560   __nop
11826840   __nround
118200e0   __printfi
118274c0   __remli
11828a60   __stack
11827260   __subcull
11800000   __sys_memory
1181bc68   __tmpnams
118275c0   __trunc
1181bf98   __unlock
11825760   __wrt_ok
118275e0   _abort
11825a40   _atoi
11829708   _bitval_u32
118297f8   _bool
1181ba48   _brev
11827080   _c_int00
1181e8d0   _calculate_mfccs
11827500   _ceil
11825b20   _close
1181e4a4   _compute_fft
1181dba8   _config_pll0
1181dde4   _config_pll1
11826980   _copy_in
11821de0   _cos
118297f0   _counter
11811000   _data
1181bdac   _errno
11826300   _exit
11829820   _fb
11813800   _fft_mag
11829804   _fft_resolution
11823c20   _fputc
11820960   _fputs
11822e00   _free
11825420   _frexp
11825540   _fseek
1181e1d8   _gen_twiddle_fft_sp
11811800   _ham_data
11829800   _ham_finished
11810000   _hamming_cos_lookup
11829808   _hold
1181c168   _input_left_sample
1181c1c0   _input_right_sample
1181c110   _input_sample
11822380   _interrupt4
118297f4   _led_counter
11824040   _log
11826ac0   _lseek
118263c0   _ltoa
1181ea10   _main
11824ca0   _malloc
118272c0   _memccpy
11826b60   _memcpy
11825c00   _memset
1181ba10   _mfcc
118297ec   _mfcc_done
11826ca0   _modf
1181e630   _multiply_filter_banks
1181e3f4   _multiply_hamming
1181b868   _neg_slopes
1181c028   _output_left_sample
1181c0a0   _output_right_sample
1181bfc0   _output_sample
1181b8d0   _phis
11829810   _pingIN
11829814   _pingOUT
11829818   _pongIN
1182981c   _pongOUT
1181b800   _pos_slopes
1181d4f4   _prand
11829824   _prand_seed
1181d3a8   _prbs
11825ce0   _printf
1181a800   _psd
11823c20   _putc
1181d478   _rand31_next
1181d120   _read_LCDK_user_DIP
11827100   _readmsg
118297fc   _rec_finished
11827600   _remove
1181e140   _separateRealImg
11824240   _setvbuf
11823080   _sin
11825860   _sqrt
1181bf90   _sreg
11827180   _unlink
11829420   _vector1
11829540   _vector10
11829560   _vector11
11829580   _vector12
118295a0   _vector13
118295c0   _vector14
118295e0   _vector15
11829440   _vector2
11829460   _vector3
118294a0   _vector5
118294c0   _vector6
118294e0   _vector7
11829500   _vector8
11829520   _vector9
11829400   _vectors
11816800   _w_sp
11826de0   _write
11827320   _writemsg
1181b9a8   _x_filters
1181b940   _y_filters
11819800   _y_imag_sp
11818800   _y_real_sp
11814800   _y_sp
ffffffff   binit
11827640   cinit
11800000   edata
1182982c   end
11827640   etext
ffffffff   pinit


GLOBAL SYMBOLS: SORTED BY Symbol Address 

address    name
--------   ----
00000001   __TI_args_main
00000800   __STACK_SIZE
00010000   __SYSMEM_SIZE
11800000   .data
11800000   ___data__
11800000   ___edata__
11800000   __sys_memory
11800000   edata
11810000   _hamming_cos_lookup
11811000   _data
11811800   _ham_data
11813800   _fft_mag
11814800   _y_sp
11816800   _w_sp
11818800   _y_real_sp
11819800   _y_imag_sp
1181a800   _psd
1181b800   _pos_slopes
1181b868   _neg_slopes
1181b8d0   _phis
1181b940   _y_filters
1181b9a8   _x_filters
1181ba10   _mfcc
1181ba48   _brev
1181ba88   __ftable
1181bc68   __tmpnams
1181bda8   __ft_end
1181bdac   _errno
1181bf80   __cleanup_ptr
1181bf84   __dtors_ptr
1181bf88   ___TI_enable_exit_profile_output
1181bf8c   _AIC31_data
1181bf90   _sreg
1181bf94   __lock
1181bf98   __unlock
1181bfc0   .text
1181bfc0   ___text__
1181bfc0   _output_sample
1181c028   _output_left_sample
1181c0a0   _output_right_sample
1181c110   _input_sample
1181c168   _input_left_sample
1181c1c0   _input_right_sample
1181c218   _EDMA3_PaRAM_setup
1181c5f0   _L138_init_mcasp_edma
1181c8ac   _L138_init_mcasp_intr
1181cb0c   _L138_init_mcasp_poll
1181cda0   _L138_init_aic3106_registers
1181d0d8   _L138_init_LCDK_DIP
1181d120   _read_LCDK_user_DIP
1181d184   _L138_initialise_poll
1181d26c   _L138_initialise_intr
1181d3a8   _prbs
1181d478   _rand31_next
1181d4f4   _prand
1181d520   _EVMOMAPL138_init
1181d54c   _EVMOMAPL138_initRAM
1181d708   _EVMOMAPL138_enableDsp
1181d734   _EVMOMAPL138_pinmuxConfig
1181d7d0   _EVMOMAPL138_lpscTransition
1181dba8   _config_pll0
1181dde4   _config_pll1
1181dfc8   _UTIL_printMem
1181e120   _UTIL_isUIBoardAttached
1181e140   _separateRealImg
1181e1d8   _gen_twiddle_fft_sp
1181e3f4   _multiply_hamming
1181e4a4   _compute_fft
1181e630   _multiply_filter_banks
1181e8d0   _calculate_mfccs
1181ea10   _main
1181eb40   __divd
1181f0e0   _GPIODirModeSet
1181f178   _GPIODirModeGet
1181f1d8   _GPIOPinWrite
1181f258   _GPIOPinRead
1181f2b8   _GPIOIntTypeSet
1181f424   _GPIOIntTypeGet
1181f4ac   _GPIOPinIntStatus
1181f50c   _GPIOPinIntClear
1181f554   _GPIOBankIntEnable
1181f590   _GPIOBankIntDisable
1181f5cc   _GPIOBankPinsWrite
1181fc00   _I2CGPIO_init
1181fcd4   _I2CGPIO_getInput
1181fdf0   _I2CGPIO_getInputAll
1181ff00   _I2CGPIO_setOutput
11820048   _I2CGPIO_setOutputAll
118200e0   __printfi
11820960   _fputs
11820d00   _DSPF_sp_fftSPxSP
118210a0   _GPIO_setDir
11821118   _GPIO_getInput
1182118c   _GPIO_setOutput
1182120c   _GPIO_toggleLoop
11821420   _I2C_init
1182150c   _I2C_read
11821668   _I2C_write
118217a0   _PinMuxSetup_leds
11821834   _PinMuxSetup_switches
118218b0   _LCDK_GPIO_init
118218cc   _LCDK_SWITCH_init
11821920   _LCDK_LED_init
11821970   _LCDK_SWITCH_state
11821990   _LCDK_LED_on
11821a28   _LCDK_LED_off
11821de0   _cos
11822380   _interrupt4
11822b80   __divf
11822e00   _free
11823080   _sin
11823300   __divull
11823c20   _fputc
11823c20   _putc
11824040   _log
11824240   _setvbuf
11824440   _USTIMER_init
11824524   _USTIMER_delay
118245b4   _USTIMER_reset
118245e4   _USTIMER_get
118245f8   _USTIMER_set
118247e0   __divul
11824980   _AIC3106_init
11824a78   _AIC3106_readRegister
11824ad0   _AIC3106_writeRegister
11824b20   _HOSTrename
11824ca0   _malloc
118250a0   _PSCModuleControl
118251e0   __closefile
11825420   _frexp
11825540   _fseek
11825660   _HOSTlseek
11825760   __wrt_ok
11825860   _sqrt
11825960   _HOSTopen
11825a40   _atoi
11825b20   _close
11825c00   _memset
11825ce0   _printf
11825dc0   _HOSTread
11825e80   _HOSTunlink
11825f40   _HOSTwrite
11826000   __auto_init
11826180   __c6xabi_divu
11826180   __divu
11826240   __doflush
11826300   _exit
118263c0   _ltoa
11826480   _HOSTclose
11826520   __cleanup
118265c0   __divli
118267a0   __fixdli
11826840   __nround
11826980   _copy_in
11826ac0   _lseek
11826b60   _memcpy
11826ca0   _modf
11826de0   _write
11826e80   __fixdu
11826f00   __fixfu
11826f80   __fltlid
11827000   __llshl
11827080   _c_int00
11827100   _readmsg
11827180   _unlink
11827200   ___TI_cpp_init
11827260   __subcull
118272c0   _memccpy
11827320   _writemsg
11827378   C$$IO$$
11827380   ___isinf
11827400   __args_main
11827440   __frcmpyd_div
11827480   __llshru
118274c0   __remli
11827500   _ceil
11827540   __negll
11827560   __nop
118275c0   __trunc
118275e0   C$$EXIT
118275e0   _abort
11827600   _remove
11827640   ___cinit__
11827640   ___etext__
11827640   cinit
11827640   etext
11828a60   __stack
11829260   __CIOBUF_
11829260   __STACK_END
11829400   _vectors
11829420   _vector1
11829440   _vector2
11829460   _vector3
118294a0   _vector5
118294c0   _vector6
118294e0   _vector7
11829500   _vector8
11829520   _vector9
11829540   _vector10
11829560   _vector11
11829580   _vector12
118295a0   _vector13
118295c0   _vector14
118295e0   _vector15
11829600   __ctypes_
11829708   _bitval_u32
118297ec   $bss
118297ec   .bss
118297ec   ___bss__
118297ec   _mfcc_done
118297f0   _counter
118297f4   _led_counter
118297f8   _bool
118297fc   _rec_finished
11829800   _ham_finished
11829804   _fft_resolution
11829808   _hold
11829810   _pingIN
11829814   _pingOUT
11829818   _pongIN
1182981c   _pongOUT
11829820   _fb
11829824   _prand_seed
1182982c   ___end__
1182982c   end
ffffffff   ___TI_pprof_out_hndl
ffffffff   ___TI_prof_data_size
ffffffff   ___TI_prof_data_start
ffffffff   ___binit__
ffffffff   ___c_args__
ffffffff   ___pinit__
ffffffff   binit
ffffffff   pinit

[233 symbols]
