<?xml version="1.0"?>
<link_info>
   <banner>TMS320C6x Linker PC v7.4.4</banner>
   <copyright>Copyright (c) 1996-2013 Texas Instruments Incorporated</copyright>
   <link_time>0x5e4c4633</link_time>
   <output_file>Lab5.out</output_file>
   <entry_point>
      <name>_c_int00</name>
      <address>0x11827ca0</address>
   </entry_point>
   <input_file_list>
      <input_file id="fl-2">
         <path>.\</path>
         <kind>object</kind>
         <file>vectors_intr.obj</file>
         <name>vectors_intr.obj</name>
      </input_file>
      <input_file id="fl-3">
         <path>.\</path>
         <kind>object</kind>
         <file>psc.obj</file>
         <name>psc.obj</name>
      </input_file>
      <input_file id="fl-4">
         <path>.\</path>
         <kind>object</kind>
         <file>neuralNet.obj</file>
         <name>neuralNet.obj</name>
      </input_file>
      <input_file id="fl-5">
         <path>.\</path>
         <kind>object</kind>
         <file>maincatherine.obj</file>
         <name>maincatherine.obj</name>
      </input_file>
      <input_file id="fl-6">
         <path>.\</path>
         <kind>object</kind>
         <file>main.obj</file>
         <name>main.obj</name>
      </input_file>
      <input_file id="fl-7">
         <path>.\</path>
         <kind>object</kind>
         <file>gpio.obj</file>
         <name>gpio.obj</name>
      </input_file>
      <input_file id="fl-8">
         <path>.\</path>
         <kind>object</kind>
         <file>L138_LCDK_switch_led.obj</file>
         <name>L138_LCDK_switch_led.obj</name>
      </input_file>
      <input_file id="fl-9">
         <path>.\</path>
         <kind>object</kind>
         <file>L138_LCDK_aic3106_init.obj</file>
         <name>L138_LCDK_aic3106_init.obj</name>
      </input_file>
      <input_file id="fl-10">
         <path>C:\ti\OMAP-L138_GEL_BSL_Files\bsl\lib\</path>
         <kind>archive</kind>
         <file>evmomapl138_bsl.lib</file>
         <name>evmomapl138_timer.obj</name>
      </input_file>
      <input_file id="fl-11">
         <path>C:\ti\OMAP-L138_GEL_BSL_Files\bsl\lib\</path>
         <kind>archive</kind>
         <file>evmomapl138_bsl.lib</file>
         <name>evmomapl138_gpio.obj</name>
      </input_file>
      <input_file id="fl-12">
         <path>C:\ti\OMAP-L138_GEL_BSL_Files\bsl\lib\</path>
         <kind>archive</kind>
         <file>evmomapl138_bsl.lib</file>
         <name>evmomapl138_aic3106.obj</name>
      </input_file>
      <input_file id="fl-13">
         <path>C:\ti\OMAP-L138_GEL_BSL_Files\bsl\lib\</path>
         <kind>archive</kind>
         <file>evmomapl138_bsl.lib</file>
         <name>evmomapl138.obj</name>
      </input_file>
      <input_file id="fl-14">
         <path>C:\ti\OMAP-L138_GEL_BSL_Files\bsl\lib\</path>
         <kind>archive</kind>
         <file>evmomapl138_bsl.lib</file>
         <name>evmomapl138_i2c_gpio.obj</name>
      </input_file>
      <input_file id="fl-15">
         <path>C:\ti\OMAP-L138_GEL_BSL_Files\bsl\lib\</path>
         <kind>archive</kind>
         <file>evmomapl138_bsl.lib</file>
         <name>evmomapl138_i2c.obj</name>
      </input_file>
      <input_file id="fl-19">
         <path>C:\ti\dsplib_c674x_3_4_0_0\packages\ti\dsplib\lib\</path>
         <kind>archive</kind>
         <file>dsplib.a674</file>
         <name>DSPF_sp_fftSPxSP.o674</name>
      </input_file>
      <input_file id="fl-1a">
         <path>C:\ti\ccsv5\tools\compiler\c6000_7.4.4\lib\</path>
         <kind>archive</kind>
         <file>rts6740.lib</file>
         <name>boot.obj</name>
      </input_file>
      <input_file id="fl-1b">
         <path>C:\ti\ccsv5\tools\compiler\c6000_7.4.4\lib\</path>
         <kind>archive</kind>
         <file>rts6740.lib</file>
         <name>ceil.obj</name>
      </input_file>
      <input_file id="fl-1c">
         <path>C:\ti\ccsv5\tools\compiler\c6000_7.4.4\lib\</path>
         <kind>archive</kind>
         <file>rts6740.lib</file>
         <name>cos.obj</name>
      </input_file>
      <input_file id="fl-1d">
         <path>C:\ti\ccsv5\tools\compiler\c6000_7.4.4\lib\</path>
         <kind>archive</kind>
         <file>rts6740.lib</file>
         <name>divd.obj</name>
      </input_file>
      <input_file id="fl-1e">
         <path>C:\ti\ccsv5\tools\compiler\c6000_7.4.4\lib\</path>
         <kind>archive</kind>
         <file>rts6740.lib</file>
         <name>divf.obj</name>
      </input_file>
      <input_file id="fl-1f">
         <path>C:\ti\ccsv5\tools\compiler\c6000_7.4.4\lib\</path>
         <kind>archive</kind>
         <file>rts6740.lib</file>
         <name>exit.obj</name>
      </input_file>
      <input_file id="fl-20">
         <path>C:\ti\ccsv5\tools\compiler\c6000_7.4.4\lib\</path>
         <kind>archive</kind>
         <file>rts6740.lib</file>
         <name>exp.obj</name>
      </input_file>
      <input_file id="fl-21">
         <path>C:\ti\ccsv5\tools\compiler\c6000_7.4.4\lib\</path>
         <kind>archive</kind>
         <file>rts6740.lib</file>
         <name>fixdu.obj</name>
      </input_file>
      <input_file id="fl-22">
         <path>C:\ti\ccsv5\tools\compiler\c6000_7.4.4\lib\</path>
         <kind>archive</kind>
         <file>rts6740.lib</file>
         <name>fixfu.obj</name>
      </input_file>
      <input_file id="fl-23">
         <path>C:\ti\ccsv5\tools\compiler\c6000_7.4.4\lib\</path>
         <kind>archive</kind>
         <file>rts6740.lib</file>
         <name>frcmpyd_div.obj</name>
      </input_file>
      <input_file id="fl-24">
         <path>C:\ti\ccsv5\tools\compiler\c6000_7.4.4\lib\</path>
         <kind>archive</kind>
         <file>rts6740.lib</file>
         <name>ldexp.obj</name>
      </input_file>
      <input_file id="fl-25">
         <path>C:\ti\ccsv5\tools\compiler\c6000_7.4.4\lib\</path>
         <kind>archive</kind>
         <file>rts6740.lib</file>
         <name>llshift.obj</name>
      </input_file>
      <input_file id="fl-26">
         <path>C:\ti\ccsv5\tools\compiler\c6000_7.4.4\lib\</path>
         <kind>archive</kind>
         <file>rts6740.lib</file>
         <name>log.obj</name>
      </input_file>
      <input_file id="fl-27">
         <path>C:\ti\ccsv5\tools\compiler\c6000_7.4.4\lib\</path>
         <kind>archive</kind>
         <file>rts6740.lib</file>
         <name>modf.obj</name>
      </input_file>
      <input_file id="fl-28">
         <path>C:\ti\ccsv5\tools\compiler\c6000_7.4.4\lib\</path>
         <kind>archive</kind>
         <file>rts6740.lib</file>
         <name>printf.obj</name>
      </input_file>
      <input_file id="fl-29">
         <path>C:\ti\ccsv5\tools\compiler\c6000_7.4.4\lib\</path>
         <kind>archive</kind>
         <file>rts6740.lib</file>
         <name>round.obj</name>
      </input_file>
      <input_file id="fl-2a">
         <path>C:\ti\ccsv5\tools\compiler\c6000_7.4.4\lib\</path>
         <kind>archive</kind>
         <file>rts6740.lib</file>
         <name>sin.obj</name>
      </input_file>
      <input_file id="fl-2b">
         <path>C:\ti\ccsv5\tools\compiler\c6000_7.4.4\lib\</path>
         <kind>archive</kind>
         <file>rts6740.lib</file>
         <name>sqrt.obj</name>
      </input_file>
      <input_file id="fl-2c">
         <path>C:\ti\ccsv5\tools\compiler\c6000_7.4.4\lib\</path>
         <kind>archive</kind>
         <file>rts6740.lib</file>
         <name>trunc.obj</name>
      </input_file>
      <input_file id="fl-2d">
         <path>C:\ti\ccsv5\tools\compiler\c6000_7.4.4\lib\</path>
         <kind>archive</kind>
         <file>rts6740.lib</file>
         <name>_lock.obj</name>
      </input_file>
      <input_file id="fl-2e">
         <path>C:\ti\ccsv5\tools\compiler\c6000_7.4.4\lib\</path>
         <kind>archive</kind>
         <file>rts6740.lib</file>
         <name>_printfi.obj</name>
      </input_file>
      <input_file id="fl-2f">
         <path>C:\ti\ccsv5\tools\compiler\c6000_7.4.4\lib\</path>
         <kind>archive</kind>
         <file>rts6740.lib</file>
         <name>args_main.obj</name>
      </input_file>
      <input_file id="fl-30">
         <path>C:\ti\ccsv5\tools\compiler\c6000_7.4.4\lib\</path>
         <kind>archive</kind>
         <file>rts6740.lib</file>
         <name>atoi.obj</name>
      </input_file>
      <input_file id="fl-31">
         <path>C:\ti\ccsv5\tools\compiler\c6000_7.4.4\lib\</path>
         <kind>archive</kind>
         <file>rts6740.lib</file>
         <name>autoinit.obj</name>
      </input_file>
      <input_file id="fl-32">
         <path>C:\ti\ccsv5\tools\compiler\c6000_7.4.4\lib\</path>
         <kind>archive</kind>
         <file>rts6740.lib</file>
         <name>cpp_init.obj</name>
      </input_file>
      <input_file id="fl-33">
         <path>C:\ti\ccsv5\tools\compiler\c6000_7.4.4\lib\</path>
         <kind>archive</kind>
         <file>rts6740.lib</file>
         <name>cpy_tbl.obj</name>
      </input_file>
      <input_file id="fl-34">
         <path>C:\ti\ccsv5\tools\compiler\c6000_7.4.4\lib\</path>
         <kind>archive</kind>
         <file>rts6740.lib</file>
         <name>ctype.obj</name>
      </input_file>
      <input_file id="fl-35">
         <path>C:\ti\ccsv5\tools\compiler\c6000_7.4.4\lib\</path>
         <kind>archive</kind>
         <file>rts6740.lib</file>
         <name>defs.obj</name>
      </input_file>
      <input_file id="fl-36">
         <path>C:\ti\ccsv5\tools\compiler\c6000_7.4.4\lib\</path>
         <kind>archive</kind>
         <file>rts6740.lib</file>
         <name>divu.obj</name>
      </input_file>
      <input_file id="fl-37">
         <path>C:\ti\ccsv5\tools\compiler\c6000_7.4.4\lib\</path>
         <kind>archive</kind>
         <file>rts6740.lib</file>
         <name>errno.obj</name>
      </input_file>
      <input_file id="fl-38">
         <path>C:\ti\ccsv5\tools\compiler\c6000_7.4.4\lib\</path>
         <kind>archive</kind>
         <file>rts6740.lib</file>
         <name>fixdli.obj</name>
      </input_file>
      <input_file id="fl-39">
         <path>C:\ti\ccsv5\tools\compiler\c6000_7.4.4\lib\</path>
         <kind>archive</kind>
         <file>rts6740.lib</file>
         <name>fltlid.obj</name>
      </input_file>
      <input_file id="fl-3a">
         <path>C:\ti\ccsv5\tools\compiler\c6000_7.4.4\lib\</path>
         <kind>archive</kind>
         <file>rts6740.lib</file>
         <name>fputc.obj</name>
      </input_file>
      <input_file id="fl-3b">
         <path>C:\ti\ccsv5\tools\compiler\c6000_7.4.4\lib\</path>
         <kind>archive</kind>
         <file>rts6740.lib</file>
         <name>fputs.obj</name>
      </input_file>
      <input_file id="fl-3c">
         <path>C:\ti\ccsv5\tools\compiler\c6000_7.4.4\lib\</path>
         <kind>archive</kind>
         <file>rts6740.lib</file>
         <name>frexp.obj</name>
      </input_file>
      <input_file id="fl-3d">
         <path>C:\ti\ccsv5\tools\compiler\c6000_7.4.4\lib\</path>
         <kind>archive</kind>
         <file>rts6740.lib</file>
         <name>imath40.obj</name>
      </input_file>
      <input_file id="fl-3e">
         <path>C:\ti\ccsv5\tools\compiler\c6000_7.4.4\lib\</path>
         <kind>archive</kind>
         <file>rts6740.lib</file>
         <name>imath64.obj</name>
      </input_file>
      <input_file id="fl-3f">
         <path>C:\ti\ccsv5\tools\compiler\c6000_7.4.4\lib\</path>
         <kind>archive</kind>
         <file>rts6740.lib</file>
         <name>isinf.obj</name>
      </input_file>
      <input_file id="fl-40">
         <path>C:\ti\ccsv5\tools\compiler\c6000_7.4.4\lib\</path>
         <kind>archive</kind>
         <file>rts6740.lib</file>
         <name>lowlev.obj</name>
      </input_file>
      <input_file id="fl-41">
         <path>C:\ti\ccsv5\tools\compiler\c6000_7.4.4\lib\</path>
         <kind>archive</kind>
         <file>rts6740.lib</file>
         <name>ltoa.obj</name>
      </input_file>
      <input_file id="fl-42">
         <path>C:\ti\ccsv5\tools\compiler\c6000_7.4.4\lib\</path>
         <kind>archive</kind>
         <file>rts6740.lib</file>
         <name>memccpy.obj</name>
      </input_file>
      <input_file id="fl-43">
         <path>C:\ti\ccsv5\tools\compiler\c6000_7.4.4\lib\</path>
         <kind>archive</kind>
         <file>rts6740.lib</file>
         <name>memcpy64.obj</name>
      </input_file>
      <input_file id="fl-44">
         <path>C:\ti\ccsv5\tools\compiler\c6000_7.4.4\lib\</path>
         <kind>archive</kind>
         <file>rts6740.lib</file>
         <name>memset.obj</name>
      </input_file>
      <input_file id="fl-45">
         <path>C:\ti\ccsv5\tools\compiler\c6000_7.4.4\lib\</path>
         <kind>archive</kind>
         <file>rts6740.lib</file>
         <name>negll.obj</name>
      </input_file>
      <input_file id="fl-46">
         <path>C:\ti\ccsv5\tools\compiler\c6000_7.4.4\lib\</path>
         <kind>archive</kind>
         <file>rts6740.lib</file>
         <name>trgdrv.obj</name>
      </input_file>
      <input_file id="fl-47">
         <path>C:\ti\ccsv5\tools\compiler\c6000_7.4.4\lib\</path>
         <kind>archive</kind>
         <file>rts6740.lib</file>
         <name>trgmsg.obj</name>
      </input_file>
      <input_file id="fl-48">
         <path>C:\ti\ccsv5\tools\compiler\c6000_7.4.4\lib\</path>
         <kind>archive</kind>
         <file>rts6740.lib</file>
         <name>_io_perm.obj</name>
      </input_file>
      <input_file id="fl-49">
         <path>C:\ti\ccsv5\tools\compiler\c6000_7.4.4\lib\</path>
         <kind>archive</kind>
         <file>rts6740.lib</file>
         <name>abs.obj</name>
      </input_file>
      <input_file id="fl-4a">
         <path>C:\ti\ccsv5\tools\compiler\c6000_7.4.4\lib\</path>
         <kind>archive</kind>
         <file>rts6740.lib</file>
         <name>fflush.obj</name>
      </input_file>
      <input_file id="fl-4b">
         <path>C:\ti\ccsv5\tools\compiler\c6000_7.4.4\lib\</path>
         <kind>archive</kind>
         <file>rts6740.lib</file>
         <name>fseek.obj</name>
      </input_file>
      <input_file id="fl-4c">
         <path>C:\ti\ccsv5\tools\compiler\c6000_7.4.4\lib\</path>
         <kind>archive</kind>
         <file>rts6740.lib</file>
         <name>setvbuf.obj</name>
      </input_file>
      <input_file id="fl-4d">
         <path>C:\ti\ccsv5\tools\compiler\c6000_7.4.4\lib\</path>
         <kind>archive</kind>
         <file>rts6740.lib</file>
         <name>fopen.obj</name>
      </input_file>
      <input_file id="fl-4e">
         <path>C:\ti\ccsv5\tools\compiler\c6000_7.4.4\lib\</path>
         <kind>archive</kind>
         <file>rts6740.lib</file>
         <name>memory.obj</name>
      </input_file>
      <input_file id="fl-4f">
         <path>C:\ti\ccsv5\tools\compiler\c6000_7.4.4\lib\</path>
         <kind>archive</kind>
         <file>rts6740.lib</file>
         <name>fclose.obj</name>
      </input_file>
      <input_file id="fl-50">
         <path>C:\ti\ccsv5\tools\compiler\c6000_7.4.4\lib\</path>
         <kind>archive</kind>
         <file>rts6740.lib</file>
         <name>remove.obj</name>
      </input_file>
   </input_file_list>
   <object_component_list>
      <object_component id="oc-111">
         <name>.text</name>
         <load_address>0x1181c480</load_address>
         <run_address>0x1181c480</run_address>
         <size>0x1560</size>
         <input_file_ref idref="fl-9"/>
      </object_component>
      <object_component id="oc-11e">
         <name>.text</name>
         <load_address>0x1181d9e0</load_address>
         <run_address>0x1181d9e0</run_address>
         <size>0xe20</size>
         <input_file_ref idref="fl-6"/>
      </object_component>
      <object_component id="oc-123">
         <name>.text</name>
         <load_address>0x1181e800</load_address>
         <run_address>0x1181e800</run_address>
         <size>0xc20</size>
         <input_file_ref idref="fl-13"/>
      </object_component>
      <object_component id="oc-12a">
         <name>.text:__divd</name>
         <load_address>0x1181f420</load_address>
         <run_address>0x1181f420</run_address>
         <size>0x5a0</size>
         <input_file_ref idref="fl-1d"/>
      </object_component>
      <object_component id="oc-125">
         <name>.text</name>
         <load_address>0x1181f9c0</load_address>
         <run_address>0x1181f9c0</run_address>
         <size>0x5a0</size>
         <input_file_ref idref="fl-7"/>
      </object_component>
      <object_component id="oc-15b">
         <name>.text:__getarg_diouxp</name>
         <load_address>0x1181ff60</load_address>
         <run_address>0x1181ff60</run_address>
         <size>0x580</size>
         <input_file_ref idref="fl-2e"/>
      </object_component>
      <object_component id="oc-139">
         <name>.text</name>
         <load_address>0x118204e0</load_address>
         <run_address>0x118204e0</run_address>
         <size>0x4e0</size>
         <input_file_ref idref="fl-14"/>
      </object_component>
      <object_component id="oc-143">
         <name>.text:__printfi</name>
         <load_address>0x118209c0</load_address>
         <run_address>0x118209c0</run_address>
         <size>0x440</size>
         <input_file_ref idref="fl-2e"/>
      </object_component>
      <object_component id="oc-148">
         <name>.text:__setfield</name>
         <load_address>0x11820e00</load_address>
         <run_address>0x11820e00</run_address>
         <size>0x440</size>
         <input_file_ref idref="fl-2e"/>
      </object_component>
      <object_component id="oc-145">
         <name>.text:_fputs</name>
         <load_address>0x11821240</load_address>
         <run_address>0x11821240</run_address>
         <size>0x3a0</size>
         <input_file_ref idref="fl-3b"/>
      </object_component>
      <object_component id="oc-12d">
         <name>.text:optimized</name>
         <load_address>0x118215e0</load_address>
         <run_address>0x118215e0</run_address>
         <size>0x3a0</size>
         <input_file_ref idref="fl-19"/>
      </object_component>
      <object_component id="oc-121">
         <name>.text</name>
         <load_address>0x11821980</load_address>
         <run_address>0x11821980</run_address>
         <size>0x380</size>
         <input_file_ref idref="fl-11"/>
      </object_component>
      <object_component id="oc-135">
         <name>.text</name>
         <load_address>0x11821d00</load_address>
         <run_address>0x11821d00</run_address>
         <size>0x380</size>
         <input_file_ref idref="fl-15"/>
      </object_component>
      <object_component id="oc-112">
         <name>.text</name>
         <load_address>0x11822080</load_address>
         <run_address>0x11822080</run_address>
         <size>0x320</size>
         <input_file_ref idref="fl-8"/>
      </object_component>
      <object_component id="oc-150">
         <name>.text:__pproc_fge</name>
         <load_address>0x118223a0</load_address>
         <run_address>0x118223a0</run_address>
         <size>0x320</size>
         <input_file_ref idref="fl-2e"/>
      </object_component>
      <object_component id="oc-12b">
         <name>.text:_cos</name>
         <load_address>0x118226c0</load_address>
         <run_address>0x118226c0</run_address>
         <size>0x2e0</size>
         <input_file_ref idref="fl-1c"/>
      </object_component>
      <object_component id="oc-147">
         <name>.text:__pproc_fwp</name>
         <load_address>0x118229a0</load_address>
         <run_address>0x118229a0</run_address>
         <size>0x2c0</size>
         <input_file_ref idref="fl-2e"/>
      </object_component>
      <object_component id="oc-20">
         <name>.text:retain</name>
         <load_address>0x11822c60</load_address>
         <run_address>0x11822c60</run_address>
         <size>0x2c0</size>
         <input_file_ref idref="fl-6"/>
      </object_component>
      <object_component id="oc-162">
         <name>.text:_ecvt</name>
         <load_address>0x11822f20</load_address>
         <run_address>0x11822f20</run_address>
         <size>0x2a0</size>
         <input_file_ref idref="fl-2e"/>
      </object_component>
      <object_component id="oc-165">
         <name>.text:_fcvt</name>
         <load_address>0x118231c0</load_address>
         <run_address>0x118231c0</run_address>
         <size>0x2a0</size>
         <input_file_ref idref="fl-2e"/>
      </object_component>
      <object_component id="oc-12f">
         <name>.text:__divf</name>
         <load_address>0x11823460</load_address>
         <run_address>0x11823460</run_address>
         <size>0x280</size>
         <input_file_ref idref="fl-1e"/>
      </object_component>
      <object_component id="oc-15f">
         <name>.text:_free</name>
         <load_address>0x118236e0</load_address>
         <run_address>0x118236e0</run_address>
         <size>0x280</size>
         <input_file_ref idref="fl-4e"/>
      </object_component>
      <object_component id="oc-12c">
         <name>.text:_sin</name>
         <load_address>0x11823960</load_address>
         <run_address>0x11823960</run_address>
         <size>0x280</size>
         <input_file_ref idref="fl-2a"/>
      </object_component>
      <object_component id="oc-170">
         <name>.text:__divull</name>
         <load_address>0x11823be0</load_address>
         <run_address>0x11823be0</run_address>
         <size>0x260</size>
         <input_file_ref idref="fl-3e"/>
      </object_component>
      <object_component id="oc-15a">
         <name>.text:__pconv_e</name>
         <load_address>0x11823e40</load_address>
         <run_address>0x11823e40</run_address>
         <size>0x260</size>
         <input_file_ref idref="fl-2e"/>
      </object_component>
      <object_component id="oc-151">
         <name>.text:__pproc_diouxp</name>
         <load_address>0x118240a0</load_address>
         <run_address>0x118240a0</run_address>
         <size>0x240</size>
         <input_file_ref idref="fl-2e"/>
      </object_component>
      <object_component id="oc-149">
         <name>.text:__pproc_str</name>
         <load_address>0x118242e0</load_address>
         <run_address>0x118242e0</run_address>
         <size>0x220</size>
         <input_file_ref idref="fl-2e"/>
      </object_component>
      <object_component id="oc-14a">
         <name>.text:_fputc</name>
         <load_address>0x11824500</load_address>
         <run_address>0x11824500</run_address>
         <size>0x220</size>
         <input_file_ref idref="fl-3a"/>
      </object_component>
      <object_component id="oc-158">
         <name>.text:__pconv_g</name>
         <load_address>0x11824720</load_address>
         <run_address>0x11824720</run_address>
         <size>0x200</size>
         <input_file_ref idref="fl-2e"/>
      </object_component>
      <object_component id="oc-133">
         <name>.text:_log</name>
         <load_address>0x11824920</load_address>
         <run_address>0x11824920</run_address>
         <size>0x200</size>
         <input_file_ref idref="fl-26"/>
      </object_component>
      <object_component id="oc-154">
         <name>.text:_setvbuf</name>
         <load_address>0x11824b20</load_address>
         <run_address>0x11824b20</run_address>
         <size>0x200</size>
         <input_file_ref idref="fl-4c"/>
      </object_component>
      <object_component id="oc-134">
         <name>.text:_exp</name>
         <load_address>0x11824d20</load_address>
         <run_address>0x11824d20</run_address>
         <size>0x1e0</size>
         <input_file_ref idref="fl-20"/>
      </object_component>
      <object_component id="oc-122">
         <name>.text</name>
         <load_address>0x11824f00</load_address>
         <run_address>0x11824f00</run_address>
         <size>0x1e0</size>
         <input_file_ref idref="fl-10"/>
      </object_component>
      <object_component id="oc-164">
         <name>.text:__mcpy</name>
         <load_address>0x118250e0</load_address>
         <run_address>0x118250e0</run_address>
         <size>0x1c0</size>
         <input_file_ref idref="fl-2e"/>
      </object_component>
      <object_component id="oc-16f">
         <name>.text:__divul</name>
         <load_address>0x118252a0</load_address>
         <run_address>0x118252a0</run_address>
         <size>0x1a0</size>
         <input_file_ref idref="fl-3d"/>
      </object_component>
      <object_component id="oc-120">
         <name>.text</name>
         <load_address>0x11825440</load_address>
         <run_address>0x11825440</run_address>
         <size>0x1a0</size>
         <input_file_ref idref="fl-12"/>
      </object_component>
      <object_component id="oc-11a">
         <name>.text:_HOSTrename</name>
         <load_address>0x118255e0</load_address>
         <run_address>0x118255e0</run_address>
         <size>0x180</size>
         <input_file_ref idref="fl-46"/>
      </object_component>
      <object_component id="oc-160">
         <name>.text:_malloc</name>
         <load_address>0x11825760</load_address>
         <run_address>0x11825760</run_address>
         <size>0x180</size>
         <input_file_ref idref="fl-4e"/>
      </object_component>
      <object_component id="oc-141">
         <name>.text:_ldexp</name>
         <load_address>0x118258e0</load_address>
         <run_address>0x118258e0</run_address>
         <size>0x160</size>
         <input_file_ref idref="fl-24"/>
      </object_component>
      <object_component id="oc-146">
         <name>.text:__pproc_fflags</name>
         <load_address>0x11825a40</load_address>
         <run_address>0x11825a40</run_address>
         <size>0x140</size>
         <input_file_ref idref="fl-2e"/>
      </object_component>
      <object_component id="oc-178">
         <name>.text:_getdevice</name>
         <load_address>0x11825b80</load_address>
         <run_address>0x11825b80</run_address>
         <size>0x140</size>
         <input_file_ref idref="fl-40"/>
      </object_component>
      <object_component id="oc-124">
         <name>.text</name>
         <load_address>0x11825cc0</load_address>
         <run_address>0x11825cc0</run_address>
         <size>0x140</size>
         <input_file_ref idref="fl-3"/>
      </object_component>
      <object_component id="oc-16a">
         <name>.text:__closefile</name>
         <load_address>0x11825e00</load_address>
         <run_address>0x11825e00</run_address>
         <size>0x120</size>
         <input_file_ref idref="fl-4f"/>
      </object_component>
      <object_component id="oc-15d">
         <name>.text:__ltostr</name>
         <load_address>0x11825f20</load_address>
         <run_address>0x11825f20</run_address>
         <size>0x120</size>
         <input_file_ref idref="fl-2e"/>
      </object_component>
      <object_component id="oc-140">
         <name>.text:_frexp</name>
         <load_address>0x11826040</load_address>
         <run_address>0x11826040</run_address>
         <size>0x120</size>
         <input_file_ref idref="fl-3c"/>
      </object_component>
      <object_component id="oc-153">
         <name>.text:_fseek</name>
         <load_address>0x11826160</load_address>
         <run_address>0x11826160</run_address>
         <size>0x120</size>
         <input_file_ref idref="fl-4b"/>
      </object_component>
      <object_component id="oc-118">
         <name>.text:_HOSTlseek</name>
         <load_address>0x11826280</load_address>
         <run_address>0x11826280</run_address>
         <size>0x100</size>
         <input_file_ref idref="fl-46"/>
      </object_component>
      <object_component id="oc-14b">
         <name>.text:__wrt_ok</name>
         <load_address>0x11826380</load_address>
         <run_address>0x11826380</run_address>
         <size>0x100</size>
         <input_file_ref idref="fl-48"/>
      </object_component>
      <object_component id="oc-12e">
         <name>.text:_sqrt</name>
         <load_address>0x11826480</load_address>
         <run_address>0x11826480</run_address>
         <size>0x100</size>
         <input_file_ref idref="fl-2b"/>
      </object_component>
      <object_component id="oc-114">
         <name>.text:_HOSTopen</name>
         <load_address>0x11826580</load_address>
         <run_address>0x11826580</run_address>
         <size>0xe0</size>
         <input_file_ref idref="fl-46"/>
      </object_component>
      <object_component id="oc-14f">
         <name>.text:_atoi</name>
         <load_address>0x11826660</load_address>
         <run_address>0x11826660</run_address>
         <size>0xe0</size>
         <input_file_ref idref="fl-30"/>
      </object_component>
      <object_component id="oc-171">
         <name>.text:_close</name>
         <load_address>0x11826740</load_address>
         <run_address>0x11826740</run_address>
         <size>0xe0</size>
         <input_file_ref idref="fl-40"/>
      </object_component>
      <object_component id="oc-14e">
         <name>.text:_memset</name>
         <load_address>0x11826820</load_address>
         <run_address>0x11826820</run_address>
         <size>0xe0</size>
         <input_file_ref idref="fl-44"/>
      </object_component>
      <object_component id="oc-138">
         <name>.text:_printf</name>
         <load_address>0x11826900</load_address>
         <run_address>0x11826900</run_address>
         <size>0xe0</size>
         <input_file_ref idref="fl-28"/>
      </object_component>
      <object_component id="oc-116">
         <name>.text:_HOSTread</name>
         <load_address>0x118269e0</load_address>
         <run_address>0x118269e0</run_address>
         <size>0xc0</size>
         <input_file_ref idref="fl-46"/>
      </object_component>
      <object_component id="oc-119">
         <name>.text:_HOSTunlink</name>
         <load_address>0x11826aa0</load_address>
         <run_address>0x11826aa0</run_address>
         <size>0xc0</size>
         <input_file_ref idref="fl-46"/>
      </object_component>
      <object_component id="oc-117">
         <name>.text:_HOSTwrite</name>
         <load_address>0x11826b60</load_address>
         <run_address>0x11826b60</run_address>
         <size>0xc0</size>
         <input_file_ref idref="fl-46"/>
      </object_component>
      <object_component id="oc-10e">
         <name>.text:__auto_init</name>
         <load_address>0x11826c20</load_address>
         <run_address>0x11826c20</run_address>
         <size>0xc0</size>
         <input_file_ref idref="fl-31"/>
      </object_component>
      <object_component id="oc-167">
         <name>.text:__div</name>
         <load_address>0x11826ce0</load_address>
         <run_address>0x11826ce0</run_address>
         <size>0xc0</size>
         <input_file_ref idref="fl-2e"/>
      </object_component>
      <object_component id="oc-16e">
         <name>.text:__divu</name>
         <load_address>0x11826da0</load_address>
         <run_address>0x11826da0</run_address>
         <size>0xc0</size>
         <input_file_ref idref="fl-36"/>
      </object_component>
      <object_component id="oc-14c">
         <name>.text:__doflush</name>
         <load_address>0x11826e60</load_address>
         <run_address>0x11826e60</run_address>
         <size>0xc0</size>
         <input_file_ref idref="fl-4a"/>
      </object_component>
      <object_component id="oc-110">
         <name>.text:_exit</name>
         <load_address>0x11826f20</load_address>
         <run_address>0x11826f20</run_address>
         <size>0xc0</size>
         <input_file_ref idref="fl-1f"/>
      </object_component>
      <object_component id="oc-16c">
         <name>.text:_ltoa</name>
         <load_address>0x11826fe0</load_address>
         <run_address>0x11826fe0</run_address>
         <size>0xc0</size>
         <input_file_ref idref="fl-41"/>
      </object_component>
      <object_component id="oc-115">
         <name>.text:_HOSTclose</name>
         <load_address>0x118270a0</load_address>
         <run_address>0x118270a0</run_address>
         <size>0xa0</size>
         <input_file_ref idref="fl-46"/>
      </object_component>
      <object_component id="oc-161">
         <name>.text:__cleanup</name>
         <load_address>0x11827140</load_address>
         <run_address>0x11827140</run_address>
         <size>0xa0</size>
         <input_file_ref idref="fl-4d"/>
      </object_component>
      <object_component id="oc-174">
         <name>.text:__divli</name>
         <load_address>0x118271e0</load_address>
         <run_address>0x118271e0</run_address>
         <size>0xa0</size>
         <input_file_ref idref="fl-3d"/>
      </object_component>
      <object_component id="oc-163">
         <name>.text:__ecpy</name>
         <load_address>0x11827280</load_address>
         <run_address>0x11827280</run_address>
         <size>0xa0</size>
         <input_file_ref idref="fl-2e"/>
      </object_component>
      <object_component id="oc-166">
         <name>.text:__fcpy</name>
         <load_address>0x11827320</load_address>
         <run_address>0x11827320</run_address>
         <size>0xa0</size>
         <input_file_ref idref="fl-2e"/>
      </object_component>
      <object_component id="oc-16b">
         <name>.text:__fixdli</name>
         <load_address>0x118273c0</load_address>
         <run_address>0x118273c0</run_address>
         <size>0xa0</size>
         <input_file_ref idref="fl-38"/>
      </object_component>
      <object_component id="oc-13e">
         <name>.text:__nround</name>
         <load_address>0x11827460</load_address>
         <run_address>0x11827460</run_address>
         <size>0xa0</size>
         <input_file_ref idref="fl-29"/>
      </object_component>
      <object_component id="oc-159">
         <name>.text:__pconv_f</name>
         <load_address>0x11827500</load_address>
         <run_address>0x11827500</run_address>
         <size>0xa0</size>
         <input_file_ref idref="fl-2e"/>
      </object_component>
      <object_component id="oc-11b">
         <name>.text:_copy_in</name>
         <load_address>0x118275a0</load_address>
         <run_address>0x118275a0</run_address>
         <size>0xa0</size>
         <input_file_ref idref="fl-33"/>
      </object_component>
      <object_component id="oc-179">
         <name>.text:_finddevice</name>
         <load_address>0x11827640</load_address>
         <run_address>0x11827640</run_address>
         <size>0xa0</size>
         <input_file_ref idref="fl-40"/>
      </object_component>
      <object_component id="oc-15e">
         <name>.text:_lseek</name>
         <load_address>0x118276e0</load_address>
         <run_address>0x118276e0</run_address>
         <size>0xa0</size>
         <input_file_ref idref="fl-40"/>
      </object_component>
      <object_component id="oc-11c">
         <name>.text:_memcpy</name>
         <load_address>0x11827780</load_address>
         <run_address>0x11827780</run_address>
         <size>0xa0</size>
         <input_file_ref idref="fl-43"/>
      </object_component>
      <object_component id="oc-169">
         <name>.text:_minsert</name>
         <load_address>0x11827820</load_address>
         <run_address>0x11827820</run_address>
         <size>0xa0</size>
         <input_file_ref idref="fl-4e"/>
      </object_component>
      <object_component id="oc-13f">
         <name>.text:_modf</name>
         <load_address>0x118278c0</load_address>
         <run_address>0x118278c0</run_address>
         <size>0xa0</size>
         <input_file_ref idref="fl-27"/>
      </object_component>
      <object_component id="oc-168">
         <name>.text:_mremove</name>
         <load_address>0x11827960</load_address>
         <run_address>0x11827960</run_address>
         <size>0xa0</size>
         <input_file_ref idref="fl-4e"/>
      </object_component>
      <object_component id="oc-14d">
         <name>.text:_write</name>
         <load_address>0x11827a00</load_address>
         <run_address>0x11827a00</run_address>
         <size>0xa0</size>
         <input_file_ref idref="fl-40"/>
      </object_component>
      <object_component id="oc-131">
         <name>.text:__fixdu</name>
         <load_address>0x11827aa0</load_address>
         <run_address>0x11827aa0</run_address>
         <size>0x80</size>
         <input_file_ref idref="fl-21"/>
      </object_component>
      <object_component id="oc-132">
         <name>.text:__fixfu</name>
         <load_address>0x11827b20</load_address>
         <run_address>0x11827b20</run_address>
         <size>0x80</size>
         <input_file_ref idref="fl-22"/>
      </object_component>
      <object_component id="oc-16d">
         <name>.text:__fltlid</name>
         <load_address>0x11827ba0</load_address>
         <run_address>0x11827ba0</run_address>
         <size>0x80</size>
         <input_file_ref idref="fl-39"/>
      </object_component>
      <object_component id="oc-175">
         <name>.text:__llshl</name>
         <load_address>0x11827c20</load_address>
         <run_address>0x11827c20</run_address>
         <size>0x80</size>
         <input_file_ref idref="fl-25"/>
      </object_component>
      <object_component id="oc-e">
         <name>.text:_c_int00</name>
         <load_address>0x11827ca0</load_address>
         <run_address>0x11827ca0</run_address>
         <size>0x80</size>
         <input_file_ref idref="fl-1a"/>
      </object_component>
      <object_component id="oc-129">
         <name>.text:_readmsg</name>
         <load_address>0x11827d20</load_address>
         <run_address>0x11827d20</run_address>
         <size>0x80</size>
         <input_file_ref idref="fl-47"/>
      </object_component>
      <object_component id="oc-177">
         <name>.text:_unlink</name>
         <load_address>0x11827da0</load_address>
         <run_address>0x11827da0</run_address>
         <size>0x80</size>
         <input_file_ref idref="fl-40"/>
      </object_component>
      <object_component id="oc-11d">
         <name>.text:___TI_cpp_init</name>
         <load_address>0x11827e20</load_address>
         <run_address>0x11827e20</run_address>
         <size>0x60</size>
         <input_file_ref idref="fl-32"/>
      </object_component>
      <object_component id="oc-176">
         <name>.text:__subcull</name>
         <load_address>0x11827e80</load_address>
         <run_address>0x11827e80</run_address>
         <size>0x60</size>
         <input_file_ref idref="fl-3e"/>
      </object_component>
      <object_component id="oc-152">
         <name>.text:_memccpy</name>
         <load_address>0x11827ee0</load_address>
         <run_address>0x11827ee0</run_address>
         <size>0x60</size>
         <input_file_ref idref="fl-42"/>
      </object_component>
      <object_component id="oc-128">
         <name>.text:_writemsg</name>
         <load_address>0x11827f40</load_address>
         <run_address>0x11827f40</run_address>
         <size>0x60</size>
         <input_file_ref idref="fl-47"/>
      </object_component>
      <object_component id="oc-157">
         <name>.text:___isinf</name>
         <load_address>0x11827fa0</load_address>
         <run_address>0x11827fa0</run_address>
         <size>0x40</size>
         <input_file_ref idref="fl-3f"/>
      </object_component>
      <object_component id="oc-156">
         <name>.text:___isnan</name>
         <load_address>0x11827fe0</load_address>
         <run_address>0x11827fe0</run_address>
         <size>0x40</size>
         <input_file_ref idref="fl-2e"/>
      </object_component>
      <object_component id="oc-10f">
         <name>.text:__args_main</name>
         <load_address>0x11828020</load_address>
         <run_address>0x11828020</run_address>
         <size>0x40</size>
         <input_file_ref idref="fl-2f"/>
      </object_component>
      <object_component id="oc-13c">
         <name>.text:__frcmpyd_div</name>
         <load_address>0x11828060</load_address>
         <run_address>0x11828060</run_address>
         <size>0x40</size>
         <input_file_ref idref="fl-23"/>
      </object_component>
      <object_component id="oc-13b">
         <name>.text:__llshru</name>
         <load_address>0x118280a0</load_address>
         <run_address>0x118280a0</run_address>
         <size>0x40</size>
         <input_file_ref idref="fl-25"/>
      </object_component>
      <object_component id="oc-173">
         <name>.text:__remli</name>
         <load_address>0x118280e0</load_address>
         <run_address>0x118280e0</run_address>
         <size>0x40</size>
         <input_file_ref idref="fl-3d"/>
      </object_component>
      <object_component id="oc-130">
         <name>.text:_ceil</name>
         <load_address>0x11828120</load_address>
         <run_address>0x11828120</run_address>
         <size>0x40</size>
         <input_file_ref idref="fl-1b"/>
      </object_component>
      <object_component id="oc-15c">
         <name>.text:__negll</name>
         <load_address>0x11828160</load_address>
         <run_address>0x11828160</run_address>
         <size>0x20</size>
         <input_file_ref idref="fl-45"/>
      </object_component>
      <object_component id="oc-113">
         <name>.text:__nop</name>
         <load_address>0x11828180</load_address>
         <run_address>0x11828180</run_address>
         <size>0x20</size>
         <input_file_ref idref="fl-2d"/>
      </object_component>
      <object_component id="oc-144">
         <name>.text:__outc</name>
         <load_address>0x118281a0</load_address>
         <run_address>0x118281a0</run_address>
         <size>0x20</size>
         <input_file_ref idref="fl-28"/>
      </object_component>
      <object_component id="oc-142">
         <name>.text:__outs</name>
         <load_address>0x118281c0</load_address>
         <run_address>0x118281c0</run_address>
         <size>0x20</size>
         <input_file_ref idref="fl-28"/>
      </object_component>
      <object_component id="oc-13d">
         <name>.text:__trunc</name>
         <load_address>0x118281e0</load_address>
         <run_address>0x118281e0</run_address>
         <size>0x20</size>
         <input_file_ref idref="fl-2c"/>
      </object_component>
      <object_component id="oc-11f">
         <name>.text:_abort</name>
         <load_address>0x11828200</load_address>
         <run_address>0x11828200</run_address>
         <size>0x20</size>
         <input_file_ref idref="fl-1f"/>
      </object_component>
      <object_component id="oc-172">
         <name>.text:_remove</name>
         <load_address>0x11828220</load_address>
         <run_address>0x11828220</run_address>
         <size>0x20</size>
         <input_file_ref idref="fl-50"/>
      </object_component>
      <object_component id="oc-f">
         <name>.text</name>
         <load_address>0x11828240</load_address>
         <run_address>0x11828240</run_address>
         <size>0x20</size>
         <input_file_ref idref="fl-2"/>
      </object_component>
      <object_component id="oc-155">
         <name>.const:.string:__ctypes_</name>
         <load_address>0x1182a600</load_address>
         <run_address>0x1182a600</run_address>
         <size>0x101</size>
         <input_file_ref idref="fl-34"/>
      </object_component>
      <object_component id="oc-c3">
         <name>.const:.string</name>
         <load_address>0x1182a701</load_address>
         <run_address>0x1182a701</run_address>
         <size>0x2</size>
         <input_file_ref idref="fl-3b"/>
      </object_component>
      <object_component id="oc-137">
         <name>.const:_bitval_u32</name>
         <load_address>0x1182a708</load_address>
         <run_address>0x1182a708</run_address>
         <size>0x80</size>
         <input_file_ref idref="fl-13"/>
      </object_component>
      <object_component id="oc-40">
         <name>.const:.string</name>
         <load_address>0x1182a788</load_address>
         <run_address>0x1182a788</run_address>
         <size>0x40</size>
         <input_file_ref idref="fl-13"/>
      </object_component>
      <object_component id="oc-9a">
         <name>.const:.string</name>
         <load_address>0x1182a7c8</load_address>
         <run_address>0x1182a7c8</run_address>
         <size>0x23</size>
         <input_file_ref idref="fl-2e"/>
      </object_component>
      <object_component id="oc-1c">
         <name>.bss</name>
         <uninitialized>true</uninitialized>
         <run_address>0x1182a840</run_address>
         <size>0x24</size>
         <input_file_ref idref="fl-6"/>
      </object_component>
      <object_component id="oc-2c">
         <name>.bss</name>
         <uninitialized>true</uninitialized>
         <run_address>0x1182a864</run_address>
         <size>0x1c</size>
         <input_file_ref idref="fl-9"/>
      </object_component>
      <object_component id="oc-48">
         <name>.bss</name>
         <uninitialized>true</uninitialized>
         <run_address>0x1182a880</run_address>
         <size>0x4</size>
         <input_file_ref idref="fl-15"/>
      </object_component>
      <object_component id="oc-1f">
         <name>.far</name>
         <uninitialized>true</uninitialized>
         <run_address>0x11810000</run_address>
         <size>0xbf18</size>
         <input_file_ref idref="fl-6"/>
      </object_component>
      <object_component id="oc-2f">
         <name>.far</name>
         <uninitialized>true</uninitialized>
         <run_address>0x1181c44c</run_address>
         <size>0x8</size>
         <input_file_ref idref="fl-9"/>
      </object_component>
      <object_component id="oc-59">
         <name>.far</name>
         <uninitialized>true</uninitialized>
         <run_address>0x1181c360</run_address>
         <size>0x40</size>
         <input_file_ref idref="fl-1c"/>
      </object_component>
      <object_component id="oc-64">
         <name>.far</name>
         <uninitialized>true</uninitialized>
         <run_address>0x1181c440</run_address>
         <size>0xc</size>
         <input_file_ref idref="fl-1f"/>
      </object_component>
      <object_component id="oc-69">
         <name>.far</name>
         <uninitialized>true</uninitialized>
         <run_address>0x1181c3e0</run_address>
         <size>0x30</size>
         <input_file_ref idref="fl-20"/>
      </object_component>
      <object_component id="oc-7d">
         <name>.far</name>
         <uninitialized>true</uninitialized>
         <run_address>0x1181c410</run_address>
         <size>0x30</size>
         <input_file_ref idref="fl-26"/>
      </object_component>
      <object_component id="oc-8b">
         <name>.far</name>
         <uninitialized>true</uninitialized>
         <run_address>0x1181c3a0</run_address>
         <size>0x40</size>
         <input_file_ref idref="fl-2a"/>
      </object_component>
      <object_component id="oc-96">
         <name>.far</name>
         <uninitialized>true</uninitialized>
         <run_address>0x1181c454</run_address>
         <size>0x8</size>
         <input_file_ref idref="fl-2d"/>
      </object_component>
      <object_component id="oc-b0">
         <name>.far</name>
         <uninitialized>true</uninitialized>
         <run_address>0x1181bf18</run_address>
         <size>0x324</size>
         <input_file_ref idref="fl-35"/>
      </object_component>
      <object_component id="oc-b7">
         <name>.far</name>
         <uninitialized>true</uninitialized>
         <run_address>0x1181c23c</run_address>
         <size>0x4</size>
         <input_file_ref idref="fl-37"/>
      </object_component>
      <object_component id="oc-d4">
         <name>.far</name>
         <uninitialized>true</uninitialized>
         <run_address>0x1181c240</run_address>
         <size>0x11c</size>
         <input_file_ref idref="fl-40"/>
      </object_component>
      <object_component id="oc-e7">
         <name>.far</name>
         <uninitialized>true</uninitialized>
         <run_address>0x1181c468</run_address>
         <size>0x8</size>
         <input_file_ref idref="fl-46"/>
      </object_component>
      <object_component id="oc-ff">
         <name>.far</name>
         <uninitialized>true</uninitialized>
         <run_address>0x1181c35c</run_address>
         <size>0x4</size>
         <input_file_ref idref="fl-4d"/>
      </object_component>
      <object_component id="oc-104">
         <name>.far</name>
         <uninitialized>true</uninitialized>
         <run_address>0x1181c45c</run_address>
         <size>0x8</size>
         <input_file_ref idref="fl-4e"/>
      </object_component>
      <object_component id="oc-136">
         <name>.switch:_getRegisterBankAndBit</name>
         <load_address>0x1182a7ec</load_address>
         <run_address>0x1182a7ec</run_address>
         <size>0x24</size>
         <input_file_ref idref="fl-11"/>
      </object_component>
      <object_component id="oc-13a">
         <name>.switch:_GPIOIntTypeSet</name>
         <load_address>0x1182a810</load_address>
         <run_address>0x1182a810</run_address>
         <size>0x10</size>
         <input_file_ref idref="fl-7"/>
      </object_component>
      <object_component id="oc-127">
         <name>.switch:_LCDK_LED_off</name>
         <load_address>0x1182a820</load_address>
         <run_address>0x1182a820</run_address>
         <size>0x10</size>
         <input_file_ref idref="fl-8"/>
      </object_component>
      <object_component id="oc-126">
         <name>.switch:_LCDK_LED_on</name>
         <load_address>0x1182a830</load_address>
         <run_address>0x1182a830</run_address>
         <size>0x10</size>
         <input_file_ref idref="fl-8"/>
      </object_component>
      <object_component id="oc-51">
         <name>.stack</name>
         <uninitialized>true</uninitialized>
         <run_address>0x11829ac0</run_address>
         <size>0x8</size>
         <input_file_ref idref="fl-1a"/>
      </object_component>
      <object_component id="oc-18f">
         <name>.stack</name>
         <uninitialized>true</uninitialized>
         <run_address>0x11829ac0</run_address>
         <size>0x0</size>
      </object_component>
      <object_component id="oc-1e">
         <name>.cinit</name>
         <load_address>0x11828260</load_address>
         <run_address>0x11828260</run_address>
         <size>0x15b8</size>
         <input_file_ref idref="fl-6"/>
      </object_component>
      <object_component id="oc-af">
         <name>.cinit</name>
         <load_address>0x11829818</load_address>
         <run_address>0x11829818</run_address>
         <size>0x5c</size>
         <input_file_ref idref="fl-35"/>
      </object_component>
      <object_component id="oc-d3">
         <name>.cinit</name>
         <load_address>0x11829878</load_address>
         <run_address>0x11829878</run_address>
         <size>0x5c</size>
         <input_file_ref idref="fl-40"/>
      </object_component>
      <object_component id="oc-58">
         <name>.cinit</name>
         <load_address>0x118298d8</load_address>
         <run_address>0x118298d8</run_address>
         <size>0x48</size>
         <input_file_ref idref="fl-1c"/>
      </object_component>
      <object_component id="oc-8a">
         <name>.cinit</name>
         <load_address>0x11829920</load_address>
         <run_address>0x11829920</run_address>
         <size>0x48</size>
         <input_file_ref idref="fl-2a"/>
      </object_component>
      <object_component id="oc-68">
         <name>.cinit</name>
         <load_address>0x11829968</load_address>
         <run_address>0x11829968</run_address>
         <size>0x40</size>
         <input_file_ref idref="fl-20"/>
      </object_component>
      <object_component id="oc-7c">
         <name>.cinit</name>
         <load_address>0x118299a8</load_address>
         <run_address>0x118299a8</run_address>
         <size>0x40</size>
         <input_file_ref idref="fl-26"/>
      </object_component>
      <object_component id="oc-2e">
         <name>.cinit</name>
         <load_address>0x118299e8</load_address>
         <run_address>0x118299e8</run_address>
         <size>0x2c</size>
         <input_file_ref idref="fl-9"/>
      </object_component>
      <object_component id="oc-63">
         <name>.cinit</name>
         <load_address>0x11829a18</load_address>
         <run_address>0x11829a18</run_address>
         <size>0x2c</size>
         <input_file_ref idref="fl-1f"/>
      </object_component>
      <object_component id="oc-103">
         <name>.cinit</name>
         <load_address>0x11829a48</load_address>
         <run_address>0x11829a48</run_address>
         <size>0x2c</size>
         <input_file_ref idref="fl-4e"/>
      </object_component>
      <object_component id="oc-95">
         <name>.cinit</name>
         <load_address>0x11829a78</load_address>
         <run_address>0x11829a78</run_address>
         <size>0x1c</size>
         <input_file_ref idref="fl-2d"/>
      </object_component>
      <object_component id="oc-b6">
         <name>.cinit</name>
         <load_address>0x11829a98</load_address>
         <run_address>0x11829a98</run_address>
         <size>0xc</size>
         <input_file_ref idref="fl-37"/>
      </object_component>
      <object_component id="oc-fe">
         <name>.cinit</name>
         <load_address>0x11829aa8</load_address>
         <run_address>0x11829aa8</run_address>
         <size>0xc</size>
         <input_file_ref idref="fl-4d"/>
      </object_component>
      <object_component id="oc-105">
         <name>.sysmem</name>
         <uninitialized>true</uninitialized>
         <run_address>0x11800000</run_address>
         <size>0x8</size>
         <input_file_ref idref="fl-4e"/>
      </object_component>
      <object_component id="oc-190">
         <name>.sysmem</name>
         <uninitialized>true</uninitialized>
         <run_address>0x11800000</run_address>
         <size>0x0</size>
      </object_component>
      <object_component id="oc-eb">
         <name>.cio</name>
         <uninitialized>true</uninitialized>
         <run_address>0x1182a2c0</run_address>
         <size>0x120</size>
         <input_file_ref idref="fl-47"/>
      </object_component>
      <object_component id="oc-10">
         <name>.vecs</name>
         <load_address>0x1182a400</load_address>
         <run_address>0x1182a400</run_address>
         <size>0x200</size>
         <input_file_ref idref="fl-2"/>
      </object_component>
      <object_component id="oc-11">
         <name>.debug_info</name>
         <load_address>0x0</load_address>
         <run_address>0x0</run_address>
         <size>0x10c</size>
         <input_file_ref idref="fl-2"/>
      </object_component>
      <object_component id="oc-14">
         <name>.debug_info</name>
         <load_address>0x10c</load_address>
         <run_address>0x10c</run_address>
         <size>0x876</size>
         <input_file_ref idref="fl-3"/>
      </object_component>
      <object_component id="oc-18">
         <name>.debug_info</name>
         <load_address>0x982</load_address>
         <run_address>0x982</run_address>
         <size>0x5dd</size>
         <input_file_ref idref="fl-4"/>
      </object_component>
      <object_component id="oc-1a">
         <name>.debug_info</name>
         <load_address>0xf5f</load_address>
         <run_address>0xf5f</run_address>
         <size>0x5e1</size>
         <input_file_ref idref="fl-5"/>
      </object_component>
      <object_component id="oc-1d">
         <name>.debug_info</name>
         <load_address>0x1540</load_address>
         <run_address>0x1540</run_address>
         <size>0x1d53</size>
         <input_file_ref idref="fl-6"/>
      </object_component>
      <object_component id="oc-24">
         <name>.debug_info</name>
         <load_address>0x3293</load_address>
         <run_address>0x3293</run_address>
         <size>0x1102</size>
         <input_file_ref idref="fl-7"/>
      </object_component>
      <object_component id="oc-28">
         <name>.debug_info</name>
         <load_address>0x4395</load_address>
         <run_address>0x4395</run_address>
         <size>0xc49</size>
         <input_file_ref idref="fl-8"/>
      </object_component>
      <object_component id="oc-2d">
         <name>.debug_info</name>
         <load_address>0x4fde</load_address>
         <run_address>0x4fde</run_address>
         <size>0x3bc7</size>
         <input_file_ref idref="fl-9"/>
      </object_component>
      <object_component id="oc-33">
         <name>.debug_info</name>
         <load_address>0x8ba5</load_address>
         <run_address>0x8ba5</run_address>
         <size>0xb66</size>
         <input_file_ref idref="fl-10"/>
      </object_component>
      <object_component id="oc-37">
         <name>.debug_info</name>
         <load_address>0x970b</load_address>
         <run_address>0x970b</run_address>
         <size>0x103b</size>
         <input_file_ref idref="fl-11"/>
      </object_component>
      <object_component id="oc-3b">
         <name>.debug_info</name>
         <load_address>0xa746</load_address>
         <run_address>0xa746</run_address>
         <size>0xf0d</size>
         <input_file_ref idref="fl-12"/>
      </object_component>
      <object_component id="oc-3f">
         <name>.debug_info</name>
         <load_address>0xb653</load_address>
         <run_address>0xb653</run_address>
         <size>0x27ab</size>
         <input_file_ref idref="fl-13"/>
      </object_component>
      <object_component id="oc-44">
         <name>.debug_info</name>
         <load_address>0xddfe</load_address>
         <run_address>0xddfe</run_address>
         <size>0xf63</size>
         <input_file_ref idref="fl-14"/>
      </object_component>
      <object_component id="oc-49">
         <name>.debug_info</name>
         <load_address>0xed61</load_address>
         <run_address>0xed61</run_address>
         <size>0x1400</size>
         <input_file_ref idref="fl-15"/>
      </object_component>
      <object_component id="oc-4d">
         <name>.debug_info</name>
         <load_address>0x10161</load_address>
         <run_address>0x10161</run_address>
         <size>0x10b</size>
         <input_file_ref idref="fl-19"/>
      </object_component>
      <object_component id="oc-50">
         <name>.debug_info</name>
         <load_address>0x1026c</load_address>
         <run_address>0x1026c</run_address>
         <size>0x6f2</size>
         <input_file_ref idref="fl-1a"/>
      </object_component>
      <object_component id="oc-54">
         <name>.debug_info</name>
         <load_address>0x1095e</load_address>
         <run_address>0x1095e</run_address>
         <size>0x631</size>
         <input_file_ref idref="fl-1b"/>
      </object_component>
      <object_component id="oc-57">
         <name>.debug_info</name>
         <load_address>0x10f8f</load_address>
         <run_address>0x10f8f</run_address>
         <size>0x6e4</size>
         <input_file_ref idref="fl-1c"/>
      </object_component>
      <object_component id="oc-5c">
         <name>.debug_info</name>
         <load_address>0x11673</load_address>
         <run_address>0x11673</run_address>
         <size>0x96a</size>
         <input_file_ref idref="fl-1d"/>
      </object_component>
      <object_component id="oc-5f">
         <name>.debug_info</name>
         <load_address>0x11fdd</load_address>
         <run_address>0x11fdd</run_address>
         <size>0x8b5</size>
         <input_file_ref idref="fl-1e"/>
      </object_component>
      <object_component id="oc-62">
         <name>.debug_info</name>
         <load_address>0x12892</load_address>
         <run_address>0x12892</run_address>
         <size>0x7bf</size>
         <input_file_ref idref="fl-1f"/>
      </object_component>
      <object_component id="oc-67">
         <name>.debug_info</name>
         <load_address>0x13051</load_address>
         <run_address>0x13051</run_address>
         <size>0x674</size>
         <input_file_ref idref="fl-20"/>
      </object_component>
      <object_component id="oc-6c">
         <name>.debug_info</name>
         <load_address>0x136c5</load_address>
         <run_address>0x136c5</run_address>
         <size>0x675</size>
         <input_file_ref idref="fl-21"/>
      </object_component>
      <object_component id="oc-6f">
         <name>.debug_info</name>
         <load_address>0x13d3a</load_address>
         <run_address>0x13d3a</run_address>
         <size>0x62d</size>
         <input_file_ref idref="fl-22"/>
      </object_component>
      <object_component id="oc-72">
         <name>.debug_info</name>
         <load_address>0x14367</load_address>
         <run_address>0x14367</run_address>
         <size>0x653</size>
         <input_file_ref idref="fl-23"/>
      </object_component>
      <object_component id="oc-75">
         <name>.debug_info</name>
         <load_address>0x149ba</load_address>
         <run_address>0x149ba</run_address>
         <size>0x67e</size>
         <input_file_ref idref="fl-24"/>
      </object_component>
      <object_component id="oc-78">
         <name>.debug_info</name>
         <load_address>0x15038</load_address>
         <run_address>0x15038</run_address>
         <size>0x6e8</size>
         <input_file_ref idref="fl-25"/>
      </object_component>
      <object_component id="oc-7b">
         <name>.debug_info</name>
         <load_address>0x15720</load_address>
         <run_address>0x15720</run_address>
         <size>0x663</size>
         <input_file_ref idref="fl-26"/>
      </object_component>
      <object_component id="oc-80">
         <name>.debug_info</name>
         <load_address>0x15d83</load_address>
         <run_address>0x15d83</run_address>
         <size>0x667</size>
         <input_file_ref idref="fl-27"/>
      </object_component>
      <object_component id="oc-83">
         <name>.debug_info</name>
         <load_address>0x163ea</load_address>
         <run_address>0x163ea</run_address>
         <size>0x8e9</size>
         <input_file_ref idref="fl-28"/>
      </object_component>
      <object_component id="oc-86">
         <name>.debug_info</name>
         <load_address>0x16cd3</load_address>
         <run_address>0x16cd3</run_address>
         <size>0x63a</size>
         <input_file_ref idref="fl-29"/>
      </object_component>
      <object_component id="oc-89">
         <name>.debug_info</name>
         <load_address>0x1730d</load_address>
         <run_address>0x1730d</run_address>
         <size>0x6e4</size>
         <input_file_ref idref="fl-2a"/>
      </object_component>
      <object_component id="oc-8e">
         <name>.debug_info</name>
         <load_address>0x179f1</load_address>
         <run_address>0x179f1</run_address>
         <size>0x85c</size>
         <input_file_ref idref="fl-2b"/>
      </object_component>
      <object_component id="oc-91">
         <name>.debug_info</name>
         <load_address>0x1824d</load_address>
         <run_address>0x1824d</run_address>
         <size>0x638</size>
         <input_file_ref idref="fl-2c"/>
      </object_component>
      <object_component id="oc-94">
         <name>.debug_info</name>
         <load_address>0x18885</load_address>
         <run_address>0x18885</run_address>
         <size>0x633</size>
         <input_file_ref idref="fl-2d"/>
      </object_component>
      <object_component id="oc-99">
         <name>.debug_info</name>
         <load_address>0x18eb8</load_address>
         <run_address>0x18eb8</run_address>
         <size>0x2674</size>
         <input_file_ref idref="fl-2e"/>
      </object_component>
      <object_component id="oc-9d">
         <name>.debug_info</name>
         <load_address>0x1b52c</load_address>
         <run_address>0x1b52c</run_address>
         <size>0x6c8</size>
         <input_file_ref idref="fl-2f"/>
      </object_component>
      <object_component id="oc-a0">
         <name>.debug_info</name>
         <load_address>0x1bbf4</load_address>
         <run_address>0x1bbf4</run_address>
         <size>0x6d5</size>
         <input_file_ref idref="fl-30"/>
      </object_component>
      <object_component id="oc-a3">
         <name>.debug_info</name>
         <load_address>0x1c2c9</load_address>
         <run_address>0x1c2c9</run_address>
         <size>0x83e</size>
         <input_file_ref idref="fl-31"/>
      </object_component>
      <object_component id="oc-a6">
         <name>.debug_info</name>
         <load_address>0x1cb07</load_address>
         <run_address>0x1cb07</run_address>
         <size>0x6b6</size>
         <input_file_ref idref="fl-32"/>
      </object_component>
      <object_component id="oc-a9">
         <name>.debug_info</name>
         <load_address>0x1d1bd</load_address>
         <run_address>0x1d1bd</run_address>
         <size>0x7ac</size>
         <input_file_ref idref="fl-33"/>
      </object_component>
      <object_component id="oc-ac">
         <name>.debug_info</name>
         <load_address>0x1d969</load_address>
         <run_address>0x1d969</run_address>
         <size>0x5e1</size>
         <input_file_ref idref="fl-34"/>
      </object_component>
      <object_component id="oc-ae">
         <name>.debug_info</name>
         <load_address>0x1df4a</load_address>
         <run_address>0x1df4a</run_address>
         <size>0x6ce</size>
         <input_file_ref idref="fl-35"/>
      </object_component>
      <object_component id="oc-b2">
         <name>.debug_info</name>
         <load_address>0x1e618</load_address>
         <run_address>0x1e618</run_address>
         <size>0xbd</size>
         <input_file_ref idref="fl-36"/>
      </object_component>
      <object_component id="oc-b5">
         <name>.debug_info</name>
         <load_address>0x1e6d5</load_address>
         <run_address>0x1e6d5</run_address>
         <size>0x5c9</size>
         <input_file_ref idref="fl-37"/>
      </object_component>
      <object_component id="oc-b9">
         <name>.debug_info</name>
         <load_address>0x1ec9e</load_address>
         <run_address>0x1ec9e</run_address>
         <size>0x67e</size>
         <input_file_ref idref="fl-38"/>
      </object_component>
      <object_component id="oc-bc">
         <name>.debug_info</name>
         <load_address>0x1f31c</load_address>
         <run_address>0x1f31c</run_address>
         <size>0x697</size>
         <input_file_ref idref="fl-39"/>
      </object_component>
      <object_component id="oc-bf">
         <name>.debug_info</name>
         <load_address>0x1f9b3</load_address>
         <run_address>0x1f9b3</run_address>
         <size>0x811</size>
         <input_file_ref idref="fl-3a"/>
      </object_component>
      <object_component id="oc-c2">
         <name>.debug_info</name>
         <load_address>0x201c4</load_address>
         <run_address>0x201c4</run_address>
         <size>0xa9d</size>
         <input_file_ref idref="fl-3b"/>
      </object_component>
      <object_component id="oc-c6">
         <name>.debug_info</name>
         <load_address>0x20c61</load_address>
         <run_address>0x20c61</run_address>
         <size>0x682</size>
         <input_file_ref idref="fl-3c"/>
      </object_component>
      <object_component id="oc-c9">
         <name>.debug_info</name>
         <load_address>0x212e3</load_address>
         <run_address>0x212e3</run_address>
         <size>0x78a</size>
         <input_file_ref idref="fl-3d"/>
      </object_component>
      <object_component id="oc-cc">
         <name>.debug_info</name>
         <load_address>0x21a6d</load_address>
         <run_address>0x21a6d</run_address>
         <size>0x785</size>
         <input_file_ref idref="fl-3e"/>
      </object_component>
      <object_component id="oc-cf">
         <name>.debug_info</name>
         <load_address>0x221f2</load_address>
         <run_address>0x221f2</run_address>
         <size>0x7fd</size>
         <input_file_ref idref="fl-3f"/>
      </object_component>
      <object_component id="oc-d2">
         <name>.debug_info</name>
         <load_address>0x229ef</load_address>
         <run_address>0x229ef</run_address>
         <size>0xe70</size>
         <input_file_ref idref="fl-40"/>
      </object_component>
      <object_component id="oc-d7">
         <name>.debug_info</name>
         <load_address>0x2385f</load_address>
         <run_address>0x2385f</run_address>
         <size>0x716</size>
         <input_file_ref idref="fl-41"/>
      </object_component>
      <object_component id="oc-da">
         <name>.debug_info</name>
         <load_address>0x23f75</load_address>
         <run_address>0x23f75</run_address>
         <size>0x6b9</size>
         <input_file_ref idref="fl-42"/>
      </object_component>
      <object_component id="oc-dd">
         <name>.debug_info</name>
         <load_address>0x2462e</load_address>
         <run_address>0x2462e</run_address>
         <size>0xcc</size>
         <input_file_ref idref="fl-43"/>
      </object_component>
      <object_component id="oc-e0">
         <name>.debug_info</name>
         <load_address>0x246fa</load_address>
         <run_address>0x246fa</run_address>
         <size>0x79d</size>
         <input_file_ref idref="fl-44"/>
      </object_component>
      <object_component id="oc-e3">
         <name>.debug_info</name>
         <load_address>0x24e97</load_address>
         <run_address>0x24e97</run_address>
         <size>0x5ff</size>
         <input_file_ref idref="fl-45"/>
      </object_component>
      <object_component id="oc-e6">
         <name>.debug_info</name>
         <load_address>0x25496</load_address>
         <run_address>0x25496</run_address>
         <size>0xdc3</size>
         <input_file_ref idref="fl-46"/>
      </object_component>
      <object_component id="oc-ea">
         <name>.debug_info</name>
         <load_address>0x26259</load_address>
         <run_address>0x26259</run_address>
         <size>0x850</size>
         <input_file_ref idref="fl-47"/>
      </object_component>
      <object_component id="oc-ee">
         <name>.debug_info</name>
         <load_address>0x26aa9</load_address>
         <run_address>0x26aa9</run_address>
         <size>0x741</size>
         <input_file_ref idref="fl-48"/>
      </object_component>
      <object_component id="oc-f1">
         <name>.debug_info</name>
         <load_address>0x271ea</load_address>
         <run_address>0x271ea</run_address>
         <size>0x5b3</size>
         <input_file_ref idref="fl-49"/>
      </object_component>
      <object_component id="oc-f4">
         <name>.debug_info</name>
         <load_address>0x2779d</load_address>
         <run_address>0x2779d</run_address>
         <size>0x768</size>
         <input_file_ref idref="fl-4a"/>
      </object_component>
      <object_component id="oc-f7">
         <name>.debug_info</name>
         <load_address>0x27f05</load_address>
         <run_address>0x27f05</run_address>
         <size>0x7a0</size>
         <input_file_ref idref="fl-4b"/>
      </object_component>
      <object_component id="oc-fa">
         <name>.debug_info</name>
         <load_address>0x286a5</load_address>
         <run_address>0x286a5</run_address>
         <size>0x7f3</size>
         <input_file_ref idref="fl-4c"/>
      </object_component>
      <object_component id="oc-fd">
         <name>.debug_info</name>
         <load_address>0x28e98</load_address>
         <run_address>0x28e98</run_address>
         <size>0x852</size>
         <input_file_ref idref="fl-4d"/>
      </object_component>
      <object_component id="oc-102">
         <name>.debug_info</name>
         <load_address>0x296ea</load_address>
         <run_address>0x296ea</run_address>
         <size>0xabf</size>
         <input_file_ref idref="fl-4e"/>
      </object_component>
      <object_component id="oc-108">
         <name>.debug_info</name>
         <load_address>0x2a1a9</load_address>
         <run_address>0x2a1a9</run_address>
         <size>0x7ed</size>
         <input_file_ref idref="fl-4f"/>
      </object_component>
      <object_component id="oc-10b">
         <name>.debug_info</name>
         <load_address>0x2a996</load_address>
         <run_address>0x2a996</run_address>
         <size>0x64b</size>
         <input_file_ref idref="fl-50"/>
      </object_component>
      <object_component id="oc-191">
         <name>.debug_info</name>
         <load_address>0x2afe1</load_address>
         <run_address>0x2afe1</run_address>
         <size>0x6d</size>
      </object_component>
      <object_component id="oc-12">
         <name>.debug_line</name>
         <load_address>0x0</load_address>
         <run_address>0x0</run_address>
         <size>0xcd</size>
         <input_file_ref idref="fl-2"/>
      </object_component>
      <object_component id="oc-16">
         <name>.debug_line</name>
         <load_address>0xcd</load_address>
         <run_address>0xcd</run_address>
         <size>0x7a</size>
         <input_file_ref idref="fl-3"/>
      </object_component>
      <object_component id="oc-22">
         <name>.debug_line</name>
         <load_address>0x147</load_address>
         <run_address>0x147</run_address>
         <size>0x3eb</size>
         <input_file_ref idref="fl-6"/>
      </object_component>
      <object_component id="oc-26">
         <name>.debug_line</name>
         <load_address>0x532</load_address>
         <run_address>0x532</run_address>
         <size>0x1f1</size>
         <input_file_ref idref="fl-7"/>
      </object_component>
      <object_component id="oc-2a">
         <name>.debug_line</name>
         <load_address>0x723</load_address>
         <run_address>0x723</run_address>
         <size>0x155</size>
         <input_file_ref idref="fl-8"/>
      </object_component>
      <object_component id="oc-31">
         <name>.debug_line</name>
         <load_address>0x878</load_address>
         <run_address>0x878</run_address>
         <size>0x601</size>
         <input_file_ref idref="fl-9"/>
      </object_component>
      <object_component id="oc-35">
         <name>.debug_line</name>
         <load_address>0xe79</load_address>
         <run_address>0xe79</run_address>
         <size>0xd8</size>
         <input_file_ref idref="fl-10"/>
      </object_component>
      <object_component id="oc-39">
         <name>.debug_line</name>
         <load_address>0xf51</load_address>
         <run_address>0xf51</run_address>
         <size>0x1ba</size>
         <input_file_ref idref="fl-11"/>
      </object_component>
      <object_component id="oc-3d">
         <name>.debug_line</name>
         <load_address>0x110b</load_address>
         <run_address>0x110b</run_address>
         <size>0xad</size>
         <input_file_ref idref="fl-12"/>
      </object_component>
      <object_component id="oc-42">
         <name>.debug_line</name>
         <load_address>0x11b8</load_address>
         <run_address>0x11b8</run_address>
         <size>0x2d8</size>
         <input_file_ref idref="fl-13"/>
      </object_component>
      <object_component id="oc-46">
         <name>.debug_line</name>
         <load_address>0x1490</load_address>
         <run_address>0x1490</run_address>
         <size>0x169</size>
         <input_file_ref idref="fl-14"/>
      </object_component>
      <object_component id="oc-4b">
         <name>.debug_line</name>
         <load_address>0x15f9</load_address>
         <run_address>0x15f9</run_address>
         <size>0x143</size>
         <input_file_ref idref="fl-15"/>
      </object_component>
      <object_component id="oc-4e">
         <name>.debug_line</name>
         <load_address>0x173c</load_address>
         <run_address>0x173c</run_address>
         <size>0xcd</size>
         <input_file_ref idref="fl-19"/>
      </object_component>
      <object_component id="oc-52">
         <name>.debug_line</name>
         <load_address>0x1809</load_address>
         <run_address>0x1809</run_address>
         <size>0x3d</size>
         <input_file_ref idref="fl-1a"/>
      </object_component>
      <object_component id="oc-55">
         <name>.debug_line</name>
         <load_address>0x1846</load_address>
         <run_address>0x1846</run_address>
         <size>0x37</size>
         <input_file_ref idref="fl-1b"/>
      </object_component>
      <object_component id="oc-5a">
         <name>.debug_line</name>
         <load_address>0x187d</load_address>
         <run_address>0x187d</run_address>
         <size>0x54</size>
         <input_file_ref idref="fl-1c"/>
      </object_component>
      <object_component id="oc-5d">
         <name>.debug_line</name>
         <load_address>0x18d1</load_address>
         <run_address>0x18d1</run_address>
         <size>0x3c</size>
         <input_file_ref idref="fl-1d"/>
      </object_component>
      <object_component id="oc-60">
         <name>.debug_line</name>
         <load_address>0x190d</load_address>
         <run_address>0x190d</run_address>
         <size>0x3c</size>
         <input_file_ref idref="fl-1e"/>
      </object_component>
      <object_component id="oc-65">
         <name>.debug_line</name>
         <load_address>0x1949</load_address>
         <run_address>0x1949</run_address>
         <size>0x4f</size>
         <input_file_ref idref="fl-1f"/>
      </object_component>
      <object_component id="oc-6a">
         <name>.debug_line</name>
         <load_address>0x1998</load_address>
         <run_address>0x1998</run_address>
         <size>0x3b</size>
         <input_file_ref idref="fl-20"/>
      </object_component>
      <object_component id="oc-6d">
         <name>.debug_line</name>
         <load_address>0x19d3</load_address>
         <run_address>0x19d3</run_address>
         <size>0x3d</size>
         <input_file_ref idref="fl-21"/>
      </object_component>
      <object_component id="oc-70">
         <name>.debug_line</name>
         <load_address>0x1a10</load_address>
         <run_address>0x1a10</run_address>
         <size>0x3d</size>
         <input_file_ref idref="fl-22"/>
      </object_component>
      <object_component id="oc-73">
         <name>.debug_line</name>
         <load_address>0x1a4d</load_address>
         <run_address>0x1a4d</run_address>
         <size>0x3e</size>
         <input_file_ref idref="fl-23"/>
      </object_component>
      <object_component id="oc-76">
         <name>.debug_line</name>
         <load_address>0x1a8b</load_address>
         <run_address>0x1a8b</run_address>
         <size>0x3a</size>
         <input_file_ref idref="fl-24"/>
      </object_component>
      <object_component id="oc-79">
         <name>.debug_line</name>
         <load_address>0x1ac5</load_address>
         <run_address>0x1ac5</run_address>
         <size>0x56</size>
         <input_file_ref idref="fl-25"/>
      </object_component>
      <object_component id="oc-7e">
         <name>.debug_line</name>
         <load_address>0x1b1b</load_address>
         <run_address>0x1b1b</run_address>
         <size>0x38</size>
         <input_file_ref idref="fl-26"/>
      </object_component>
      <object_component id="oc-81">
         <name>.debug_line</name>
         <load_address>0x1b53</load_address>
         <run_address>0x1b53</run_address>
         <size>0x37</size>
         <input_file_ref idref="fl-27"/>
      </object_component>
      <object_component id="oc-84">
         <name>.debug_line</name>
         <load_address>0x1b8a</load_address>
         <run_address>0x1b8a</run_address>
         <size>0x6a</size>
         <input_file_ref idref="fl-28"/>
      </object_component>
      <object_component id="oc-87">
         <name>.debug_line</name>
         <load_address>0x1bf4</load_address>
         <run_address>0x1bf4</run_address>
         <size>0x38</size>
         <input_file_ref idref="fl-29"/>
      </object_component>
      <object_component id="oc-8c">
         <name>.debug_line</name>
         <load_address>0x1c2c</load_address>
         <run_address>0x1c2c</run_address>
         <size>0x50</size>
         <input_file_ref idref="fl-2a"/>
      </object_component>
      <object_component id="oc-8f">
         <name>.debug_line</name>
         <load_address>0x1c7c</load_address>
         <run_address>0x1c7c</run_address>
         <size>0x68</size>
         <input_file_ref idref="fl-2b"/>
      </object_component>
      <object_component id="oc-92">
[...]
         <object_component_ref idref="oc-111"/>
      </symbol>
      <symbol id="sm-2ae">
         <name>_L138_init_mcasp_edma</name>
         <value>0x1181cab0</value>
         <object_component_ref idref="oc-111"/>
      </symbol>
      <symbol id="sm-2af">
         <name>_L138_init_aic3106_registers</name>
         <value>0x1181d260</value>
         <object_component_ref idref="oc-111"/>
      </symbol>
      <symbol id="sm-2b0">
         <name>_L138_initialise_intr</name>
         <value>0x1181d72c</value>
         <object_component_ref idref="oc-111"/>
      </symbol>
      <symbol id="sm-2b1">
         <name>_input_sample</name>
         <value>0x1181c5d0</value>
         <object_component_ref idref="oc-111"/>
      </symbol>
      <symbol id="sm-2b2">
         <name>_output_right_sample</name>
         <value>0x1181c560</value>
         <object_component_ref idref="oc-111"/>
      </symbol>
      <symbol id="sm-2b3">
         <name>_pongIN</name>
         <value>0x1182a870</value>
         <object_component_ref idref="oc-2c"/>
      </symbol>
      <symbol id="sm-2b4">
         <name>_pongOUT</name>
         <value>0x1182a874</value>
         <object_component_ref idref="oc-2c"/>
      </symbol>
      <symbol id="sm-2b5">
         <name>_pingOUT</name>
         <value>0x1182a86c</value>
         <object_component_ref idref="oc-2c"/>
      </symbol>
      <symbol id="sm-2b6">
         <name>_L138_init_mcasp_poll</name>
         <value>0x1181cfcc</value>
         <object_component_ref idref="oc-111"/>
      </symbol>
      <symbol id="sm-2c5">
         <name>_USTIMER_get</name>
         <value>0x118250a4</value>
         <object_component_ref idref="oc-122"/>
      </symbol>
      <symbol id="sm-2c6">
         <name>_USTIMER_delay</name>
         <value>0x11824fe4</value>
         <object_component_ref idref="oc-122"/>
      </symbol>
      <symbol id="sm-2c7">
         <name>_USTIMER_set</name>
         <value>0x118250b8</value>
         <object_component_ref idref="oc-122"/>
      </symbol>
      <symbol id="sm-2c8">
         <name>_USTIMER_init</name>
         <value>0x11824f00</value>
         <object_component_ref idref="oc-122"/>
      </symbol>
      <symbol id="sm-2c9">
         <name>_USTIMER_reset</name>
         <value>0x11825074</value>
         <object_component_ref idref="oc-122"/>
      </symbol>
      <symbol id="sm-303">
         <name>_GPIO_getInput</name>
         <value>0x118219f8</value>
         <object_component_ref idref="oc-121"/>
      </symbol>
      <symbol id="sm-304">
         <name>_GPIO_setDir</name>
         <value>0x11821980</value>
         <object_component_ref idref="oc-121"/>
      </symbol>
      <symbol id="sm-305">
         <name>_GPIO_toggleLoop</name>
         <value>0x11821aec</value>
         <object_component_ref idref="oc-121"/>
      </symbol>
      <symbol id="sm-306">
         <name>_GPIO_setOutput</name>
         <value>0x11821a6c</value>
         <object_component_ref idref="oc-121"/>
      </symbol>
      <symbol id="sm-332">
         <name>_AIC3106_writeRegister</name>
         <value>0x11825590</value>
         <object_component_ref idref="oc-120"/>
      </symbol>
      <symbol id="sm-333">
         <name>_AIC3106_init</name>
         <value>0x11825440</value>
         <object_component_ref idref="oc-120"/>
      </symbol>
      <symbol id="sm-334">
         <name>_AIC3106_readRegister</name>
         <value>0x11825538</value>
         <object_component_ref idref="oc-120"/>
      </symbol>
      <symbol id="sm-3d1">
         <name>_config_pll1</name>
         <value>0x1181f0c4</value>
         <object_component_ref idref="oc-123"/>
      </symbol>
      <symbol id="sm-3d2">
         <name>_config_pll0</name>
         <value>0x1181ee88</value>
         <object_component_ref idref="oc-123"/>
      </symbol>
      <symbol id="sm-3d3">
         <name>_UTIL_isUIBoardAttached</name>
         <value>0x1181f400</value>
         <object_component_ref idref="oc-123"/>
      </symbol>
      <symbol id="sm-3d4">
         <name>_EVMOMAPL138_initRAM</name>
         <value>0x1181e82c</value>
         <object_component_ref idref="oc-123"/>
      </symbol>
      <symbol id="sm-3d5">
         <name>_EVMOMAPL138_lpscTransition</name>
         <value>0x1181eab0</value>
         <object_component_ref idref="oc-123"/>
      </symbol>
      <symbol id="sm-3d6">
         <name>_EVMOMAPL138_enableDsp</name>
         <value>0x1181e9e8</value>
         <object_component_ref idref="oc-123"/>
      </symbol>
      <symbol id="sm-3d7">
         <name>_EVMOMAPL138_init</name>
         <value>0x1181e800</value>
         <object_component_ref idref="oc-123"/>
      </symbol>
      <symbol id="sm-3d8">
         <name>_UTIL_printMem</name>
         <value>0x1181f2a8</value>
         <object_component_ref idref="oc-123"/>
      </symbol>
      <symbol id="sm-3d9">
         <name>_EVMOMAPL138_pinmuxConfig</name>
         <value>0x1181ea14</value>
         <object_component_ref idref="oc-123"/>
      </symbol>
      <symbol id="sm-3da">
         <name>_bitval_u32</name>
         <value>0x1182a708</value>
         <object_component_ref idref="oc-137"/>
      </symbol>
      <symbol id="sm-408">
         <name>_I2CGPIO_getInput</name>
         <value>0x118205b4</value>
         <object_component_ref idref="oc-139"/>
      </symbol>
      <symbol id="sm-409">
         <name>_I2CGPIO_setOutputAll</name>
         <value>0x11820928</value>
         <object_component_ref idref="oc-139"/>
      </symbol>
      <symbol id="sm-40a">
         <name>_I2CGPIO_setOutput</name>
         <value>0x118207e0</value>
         <object_component_ref idref="oc-139"/>
      </symbol>
      <symbol id="sm-40b">
         <name>_I2CGPIO_getInputAll</name>
         <value>0x118206d0</value>
         <object_component_ref idref="oc-139"/>
      </symbol>
      <symbol id="sm-40c">
         <name>_I2CGPIO_init</name>
         <value>0x118204e0</value>
         <object_component_ref idref="oc-139"/>
      </symbol>
      <symbol id="sm-455">
         <name>_I2C_read</name>
         <value>0x11821dec</value>
         <object_component_ref idref="oc-135"/>
      </symbol>
      <symbol id="sm-456">
         <name>_I2C_write</name>
         <value>0x11821f48</value>
         <object_component_ref idref="oc-135"/>
      </symbol>
      <symbol id="sm-457">
         <name>_I2C_init</name>
         <value>0x11821d00</value>
         <object_component_ref idref="oc-135"/>
      </symbol>
      <symbol id="sm-461">
         <name>_DSPF_sp_fftSPxSP</name>
         <value>0x118215e0</value>
         <object_component_ref idref="oc-12d"/>
      </symbol>
      <symbol id="sm-470">
         <name>_c_int00</name>
         <value>0x11827ca0</value>
         <object_component_ref idref="oc-e"/>
      </symbol>
      <symbol id="sm-471">
         <name>__stack</name>
         <value>0x11829ac0</value>
         <object_component_ref idref="oc-51"/>
      </symbol>
      <symbol id="sm-47b">
         <name>_ceil</name>
         <value>0x11828120</value>
         <object_component_ref idref="oc-130"/>
      </symbol>
      <symbol id="sm-491">
         <name>_cos</name>
         <value>0x118226c0</value>
         <object_component_ref idref="oc-12b"/>
      </symbol>
      <symbol id="sm-4a3">
         <name>__divd</name>
         <value>0x1181f420</value>
         <object_component_ref idref="oc-12a"/>
      </symbol>
      <symbol id="sm-4b3">
         <name>__divf</name>
         <value>0x11823460</value>
         <object_component_ref idref="oc-12f"/>
      </symbol>
      <symbol id="sm-4ca">
         <name>C$$EXIT</name>
         <value>0x11828200</value>
         <object_component_ref idref="oc-11f"/>
      </symbol>
      <symbol id="sm-4cb">
         <name>_exit</name>
         <value>0x11826f20</value>
         <object_component_ref idref="oc-110"/>
      </symbol>
      <symbol id="sm-4cc">
         <name>___TI_enable_exit_profile_output</name>
         <value>0x1181c448</value>
         <object_component_ref idref="oc-64"/>
      </symbol>
      <symbol id="sm-4cd">
         <name>_abort</name>
         <value>0x11828200</value>
         <object_component_ref idref="oc-11f"/>
      </symbol>
      <symbol id="sm-4ce">
         <name>__cleanup_ptr</name>
         <value>0x1181c440</value>
         <object_component_ref idref="oc-64"/>
      </symbol>
      <symbol id="sm-4cf">
         <name>__dtors_ptr</name>
         <value>0x1181c444</value>
         <object_component_ref idref="oc-64"/>
      </symbol>
      <symbol id="sm-4e2">
         <name>_exp</name>
         <value>0x11824d20</value>
         <object_component_ref idref="oc-134"/>
      </symbol>
      <symbol id="sm-4ef">
         <name>__fixdu</name>
         <value>0x11827aa0</value>
         <object_component_ref idref="oc-131"/>
      </symbol>
      <symbol id="sm-4fc">
         <name>__fixfu</name>
         <value>0x11827b20</value>
         <object_component_ref idref="oc-132"/>
      </symbol>
      <symbol id="sm-506">
         <name>__frcmpyd_div</name>
         <value>0x11828060</value>
         <object_component_ref idref="oc-13c"/>
      </symbol>
      <symbol id="sm-516">
         <name>_ldexp</name>
         <value>0x118258e0</value>
         <object_component_ref idref="oc-141"/>
      </symbol>
      <symbol id="sm-524">
         <name>__llshl</name>
         <value>0x11827c20</value>
         <object_component_ref idref="oc-175"/>
      </symbol>
      <symbol id="sm-525">
         <name>__llshru</name>
         <value>0x118280a0</value>
         <object_component_ref idref="oc-13b"/>
      </symbol>
      <symbol id="sm-537">
         <name>_log</name>
         <value>0x11824920</value>
         <object_component_ref idref="oc-133"/>
      </symbol>
      <symbol id="sm-543">
         <name>_modf</name>
         <value>0x118278c0</value>
         <object_component_ref idref="oc-13f"/>
      </symbol>
      <symbol id="sm-558">
         <name>_printf</name>
         <value>0x11826900</value>
         <object_component_ref idref="oc-138"/>
      </symbol>
      <symbol id="sm-562">
         <name>__nround</name>
         <value>0x11827460</value>
         <object_component_ref idref="oc-13e"/>
      </symbol>
      <symbol id="sm-577">
         <name>_sin</name>
         <value>0x11823960</value>
         <object_component_ref idref="oc-12c"/>
      </symbol>
      <symbol id="sm-583">
         <name>_sqrt</name>
         <value>0x11826480</value>
         <object_component_ref idref="oc-12e"/>
      </symbol>
      <symbol id="sm-58d">
         <name>__trunc</name>
         <value>0x118281e0</value>
         <object_component_ref idref="oc-13d"/>
      </symbol>
      <symbol id="sm-59b">
         <name>__unlock</name>
         <value>0x1181c458</value>
         <object_component_ref idref="oc-96"/>
      </symbol>
      <symbol id="sm-59c">
         <name>__lock</name>
         <value>0x1181c454</value>
         <object_component_ref idref="oc-96"/>
      </symbol>
      <symbol id="sm-59d">
         <name>__nop</name>
         <value>0x11828180</value>
         <object_component_ref idref="oc-113"/>
      </symbol>
      <symbol id="sm-6a7">
         <name>__printfi</name>
         <value>0x118209c0</value>
         <object_component_ref idref="oc-143"/>
      </symbol>
      <symbol id="sm-6b1">
         <name>__args_main</name>
         <value>0x11828020</value>
         <object_component_ref idref="oc-10f"/>
      </symbol>
      <symbol id="sm-6b2">
         <name>__TI_args_main</name>
         <value>0x1</value>
      </symbol>
      <symbol id="sm-6c0">
         <name>_atoi</name>
         <value>0x11826660</value>
         <object_component_ref idref="oc-14f"/>
      </symbol>
      <symbol id="sm-6cf">
         <name>__auto_init</name>
         <value>0x11826c20</value>
         <object_component_ref idref="oc-10e"/>
      </symbol>
      <symbol id="sm-6dc">
         <name>___TI_cpp_init</name>
         <value>0x11827e20</value>
         <object_component_ref idref="oc-11d"/>
      </symbol>
      <symbol id="sm-6ea">
         <name>_copy_in</name>
         <value>0x118275a0</value>
         <object_component_ref idref="oc-11b"/>
      </symbol>
      <symbol id="sm-6f2">
         <name>__ctypes_</name>
         <value>0x1182a600</value>
         <object_component_ref idref="oc-155"/>
      </symbol>
      <symbol id="sm-6fc">
         <name>__tmpnams</name>
         <value>0x1181c0f8</value>
         <object_component_ref idref="oc-b0"/>
      </symbol>
      <symbol id="sm-6fd">
         <name>__ft_end</name>
         <value>0x1181c238</value>
         <object_component_ref idref="oc-b0"/>
      </symbol>
      <symbol id="sm-6fe">
         <name>__ftable</name>
         <value>0x1181bf18</value>
         <object_component_ref idref="oc-b0"/>
      </symbol>
      <symbol id="sm-707">
         <name>__c6xabi_divu</name>
         <value>0x11826da0</value>
         <object_component_ref idref="oc-16e"/>
      </symbol>
      <symbol id="sm-708">
         <name>__divu</name>
         <value>0x11826da0</value>
         <object_component_ref idref="oc-16e"/>
      </symbol>
      <symbol id="sm-712">
         <name>_errno</name>
         <value>0x1181c23c</value>
         <object_component_ref idref="oc-b7"/>
      </symbol>
      <symbol id="sm-71f">
         <name>__fixdli</name>
         <value>0x118273c0</value>
         <object_component_ref idref="oc-16b"/>
      </symbol>
      <symbol id="sm-72a">
         <name>__fltlid</name>
         <value>0x11827ba0</value>
         <object_component_ref idref="oc-16d"/>
      </symbol>
      <symbol id="sm-745">
         <name>_putc</name>
         <value>0x11824500</value>
         <object_component_ref idref="oc-14a"/>
      </symbol>
      <symbol id="sm-746">
         <name>_fputc</name>
         <value>0x11824500</value>
         <object_component_ref idref="oc-14a"/>
      </symbol>
      <symbol id="sm-768">
         <name>_fputs</name>
         <value>0x11821240</value>
         <object_component_ref idref="oc-145"/>
      </symbol>
      <symbol id="sm-777">
         <name>_frexp</name>
         <value>0x11826040</value>
         <object_component_ref idref="oc-140"/>
      </symbol>
      <symbol id="sm-787">
         <name>__divul</name>
         <value>0x118252a0</value>
         <object_component_ref idref="oc-16f"/>
      </symbol>
      <symbol id="sm-788">
         <name>__remli</name>
         <value>0x118280e0</value>
         <object_component_ref idref="oc-173"/>
      </symbol>
      <symbol id="sm-789">
         <name>__divli</name>
         <value>0x118271e0</value>
         <object_component_ref idref="oc-174"/>
      </symbol>
      <symbol id="sm-79d">
         <name>__subcull</name>
         <value>0x11827e80</value>
         <object_component_ref idref="oc-176"/>
      </symbol>
      <symbol id="sm-79e">
         <name>__divull</name>
         <value>0x11823be0</value>
         <object_component_ref idref="oc-170"/>
      </symbol>
      <symbol id="sm-7a8">
         <name>___isinf</name>
         <value>0x11827fa0</value>
         <object_component_ref idref="oc-157"/>
      </symbol>
      <symbol id="sm-7e5">
         <name>_unlink</name>
         <value>0x11827da0</value>
         <object_component_ref idref="oc-177"/>
      </symbol>
      <symbol id="sm-7e6">
         <name>_lseek</name>
         <value>0x118276e0</value>
         <object_component_ref idref="oc-15e"/>
      </symbol>
      <symbol id="sm-7e7">
         <name>_close</name>
         <value>0x11826740</value>
         <object_component_ref idref="oc-171"/>
      </symbol>
      <symbol id="sm-7e8">
         <name>_write</name>
         <value>0x11827a00</value>
         <object_component_ref idref="oc-14d"/>
      </symbol>
      <symbol id="sm-7f5">
         <name>_ltoa</name>
         <value>0x11826fe0</value>
         <object_component_ref idref="oc-16c"/>
      </symbol>
      <symbol id="sm-802">
         <name>_memccpy</name>
         <value>0x11827ee0</value>
         <object_component_ref idref="oc-152"/>
      </symbol>
      <symbol id="sm-80a">
         <name>_memcpy</name>
         <value>0x11827780</value>
         <object_component_ref idref="oc-11c"/>
      </symbol>
      <symbol id="sm-815">
         <name>_memset</name>
         <value>0x11826820</value>
         <object_component_ref idref="oc-14e"/>
      </symbol>
      <symbol id="sm-81f">
         <name>__negll</name>
         <value>0x11828160</value>
         <object_component_ref idref="oc-15c"/>
      </symbol>
      <symbol id="sm-848">
         <name>_HOSTopen</name>
         <value>0x11826580</value>
         <object_component_ref idref="oc-114"/>
      </symbol>
      <symbol id="sm-849">
         <name>_HOSTread</name>
         <value>0x118269e0</value>
         <object_component_ref idref="oc-116"/>
      </symbol>
      <symbol id="sm-84a">
         <name>_HOSTrename</name>
         <value>0x118255e0</value>
         <object_component_ref idref="oc-11a"/>
      </symbol>
      <symbol id="sm-84b">
         <name>_HOSTwrite</name>
         <value>0x11826b60</value>
         <object_component_ref idref="oc-117"/>
      </symbol>
      <symbol id="sm-84c">
         <name>_HOSTlseek</name>
         <value>0x11826280</value>
         <object_component_ref idref="oc-118"/>
      </symbol>
      <symbol id="sm-84d">
         <name>_HOSTunlink</name>
         <value>0x11826aa0</value>
         <object_component_ref idref="oc-119"/>
      </symbol>
      <symbol id="sm-84e">
         <name>_HOSTclose</name>
         <value>0x118270a0</value>
         <object_component_ref idref="oc-115"/>
      </symbol>
      <symbol id="sm-85e">
         <name>C$$IO$$</name>
         <value>0x11827f98</value>
         <object_component_ref idref="oc-128"/>
      </symbol>
      <symbol id="sm-85f">
         <name>__CIOBUF_</name>
         <value>0x1182a2c0</value>
         <object_component_ref idref="oc-eb"/>
      </symbol>
      <symbol id="sm-860">
         <name>_readmsg</name>
         <value>0x11827d20</value>
         <object_component_ref idref="oc-129"/>
      </symbol>
      <symbol id="sm-861">
         <name>_writemsg</name>
         <value>0x11827f40</value>
         <object_component_ref idref="oc-128"/>
      </symbol>
      <symbol id="sm-870">
         <name>__wrt_ok</name>
         <value>0x11826380</value>
         <object_component_ref idref="oc-14b"/>
      </symbol>
      <symbol id="sm-884">
         <name>__doflush</name>
         <value>0x11826e60</value>
         <object_component_ref idref="oc-14c"/>
      </symbol>
      <symbol id="sm-895">
         <name>_fseek</name>
         <value>0x11826160</value>
         <object_component_ref idref="oc-153"/>
      </symbol>
      <symbol id="sm-8ab">
         <name>_setvbuf</name>
         <value>0x11824b20</value>
         <object_component_ref idref="oc-154"/>
      </symbol>
      <symbol id="sm-8be">
         <name>__cleanup</name>
         <value>0x11827140</value>
         <object_component_ref idref="oc-161"/>
      </symbol>
      <symbol id="sm-8f7">
         <name>__sys_memory</name>
         <value>0x11800000</value>
         <object_component_ref idref="oc-105"/>
      </symbol>
      <symbol id="sm-8f8">
         <name>_free</name>
         <value>0x118236e0</value>
         <object_component_ref idref="oc-15f"/>
      </symbol>
      <symbol id="sm-8f9">
         <name>_malloc</name>
         <value>0x11825760</value>
         <object_component_ref idref="oc-160"/>
      </symbol>
      <symbol id="sm-90b">
         <name>__closefile</name>
         <value>0x11825e00</value>
         <object_component_ref idref="oc-16a"/>
      </symbol>
      <symbol id="sm-915">
         <name>_remove</name>
         <value>0x11828220</value>
         <object_component_ref idref="oc-172"/>
      </symbol>
   </symbol_table>
</link_info>
