******************************************************************************
               TMS320C6x Linker PC v7.4.4                      
******************************************************************************
>> Linked Tue Jan 21 12:33:37 2020

OUTPUT FILE NAME:   <Lab3s2.out>
ENTRY POINT SYMBOL: "_c_int00"  address: 11819520


MEMORY CONFIGURATION

         name            origin    length      used     unused   attr    fill
----------------------  --------  ---------  --------  --------  ----  --------
  dsp_l2_ram            11800000   00040000  0001ae0b  000251f5  RWIX
  shared_ram            80000000   00020000  00000000  00020000  RWIX
  external_ram          c0000000   08000000  00000000  08000000  RWIX


SECTION ALLOCATION MAP

 output                                  attributes/
section   page    origin      length       input sections
--------  ----  ----------  ----------   ----------------
.data      0    11800000    00000000     UNINITIALIZED

.sysmem    0    11800000    00010000     UNINITIALIZED
                  11800000    00000008     rts6740.lib : memory.obj (.sysmem)
                  11800008    0000fff8     --HOLE--

.text      0    11810000    00009a80     
                  11810000    00001560     L138_LCDK_aic3106_init.obj (.text)
                  11811560    00000c20     evmomapl138_bsl.lib : evmomapl138.obj (.text)
                  11812180    000005a0     rts6740.lib : divd.obj (.text:__divd)
                  11812720    000005a0     gpio.obj (.text)
                  11812cc0    00000580     rts6740.lib : _printfi.obj (.text:__getarg_diouxp)
                  11813240    000004e0     evmomapl138_bsl.lib : evmomapl138_i2c_gpio.obj (.text)
                  11813720    00000440     rts6740.lib : _printfi.obj (.text:__printfi)
                  11813b60    00000440                 : _printfi.obj (.text:__setfield)
                  11813fa0    000003a0                 : fputs.obj (.text:_fputs)
                  11814340    00000380     evmomapl138_bsl.lib : evmomapl138_gpio.obj (.text)
                  118146c0    00000380                         : evmomapl138_i2c.obj (.text)
                  11814a40    00000320     L138_LCDK_switch_led.obj (.text)
                  11814d60    00000320     rts6740.lib : _printfi.obj (.text:__pproc_fge)
                  11815080    000002c0                 : _printfi.obj (.text:__pproc_fwp)
                  11815340    000002a0                 : _printfi.obj (.text:_ecvt)
                  118155e0    000002a0                 : _printfi.obj (.text:_fcvt)
                  11815880    00000280                 : memory.obj (.text:_free)
                  11815b00    00000280     Lab3s2.obj (.text:retain)
                  11815d80    00000260     rts6740.lib : imath64.obj (.text:__divull)
                  11815fe0    00000260                 : _printfi.obj (.text:__pconv_e)
                  11816240    00000240                 : _printfi.obj (.text:__pproc_diouxp)
                  11816480    00000220                 : _printfi.obj (.text:__pproc_str)
                  118166a0    00000220                 : fputc.obj (.text:_fputc)
                  118168c0    00000200                 : _printfi.obj (.text:__pconv_g)
                  11816ac0    00000200                 : setvbuf.obj (.text:_setvbuf)
                  11816cc0    000001e0     evmomapl138_bsl.lib : evmomapl138_timer.obj (.text)
                  11816ea0    000001c0     rts6740.lib : _printfi.obj (.text:__mcpy)
                  11817060    000001a0                 : imath40.obj (.text:__divul)
                  11817200    000001a0     evmomapl138_bsl.lib : evmomapl138_aic3106.obj (.text)
                  118173a0    00000180     rts6740.lib : trgdrv.obj (.text:_HOSTrename)
                  11817520    00000180                 : memory.obj (.text:_malloc)
                  118176a0    00000140                 : _printfi.obj (.text:__pproc_fflags)
                  118177e0    00000140                 : lowlev.obj (.text:_getdevice)
                  11817920    00000140     psc.obj (.text)
                  11817a60    00000120     rts6740.lib : fclose.obj (.text:__closefile)
                  11817b80    00000120                 : _printfi.obj (.text:__ltostr)
                  11817ca0    00000120                 : fseek.obj (.text:_fseek)
                  11817dc0    00000100                 : trgdrv.obj (.text:_HOSTlseek)
                  11817ec0    00000100                 : _io_perm.obj (.text:__wrt_ok)
                  11817fc0    000000e0                 : trgdrv.obj (.text:_HOSTopen)
                  118180a0    000000e0                 : atoi.obj (.text:_atoi)
                  11818180    000000e0                 : lowlev.obj (.text:_close)
                  11818260    000000e0                 : memset.obj (.text:_memset)
                  11818340    000000e0                 : printf.obj (.text:_printf)
                  11818420    000000c0                 : trgdrv.obj (.text:_HOSTread)
                  118184e0    000000c0                 : trgdrv.obj (.text:_HOSTunlink)
                  118185a0    000000c0                 : trgdrv.obj (.text:_HOSTwrite)
                  11818660    000000c0                 : autoinit.obj (.text:__auto_init)
                  11818720    000000c0                 : _printfi.obj (.text:__div)
                  118187e0    000000c0                 : divu.obj (.text:__divu)
                  118188a0    000000c0                 : fflush.obj (.text:__doflush)
                  11818960    000000c0                 : exit.obj (.text:_exit)
                  11818a20    000000c0                 : ltoa.obj (.text:_ltoa)
                  11818ae0    000000a0                 : trgdrv.obj (.text:_HOSTclose)
                  11818b80    000000a0                 : fopen.obj (.text:__cleanup)
                  11818c20    000000a0                 : imath40.obj (.text:__divli)
                  11818cc0    000000a0                 : _printfi.obj (.text:__ecpy)
                  11818d60    000000a0                 : _printfi.obj (.text:__fcpy)
                  11818e00    000000a0                 : fixdli.obj (.text:__fixdli)
                  11818ea0    000000a0                 : _printfi.obj (.text:__pconv_f)
                  11818f40    000000a0                 : cpy_tbl.obj (.text:_copy_in)
                  11818fe0    000000a0                 : lowlev.obj (.text:_finddevice)
                  11819080    000000a0                 : lowlev.obj (.text:_lseek)
                  11819120    000000a0                 : memcpy64.obj (.text:_memcpy)
                  118191c0    000000a0                 : memory.obj (.text:_minsert)
                  11819260    000000a0                 : memory.obj (.text:_mremove)
                  11819300    000000a0                 : lowlev.obj (.text:_write)
                  118193a0    00000080     Lab3s2.obj (.text)
                  11819420    00000080     rts6740.lib : fltlid.obj (.text:__fltlid)
                  118194a0    00000080                 : llshift.obj (.text:__llshl)
                  11819520    00000080                 : boot.obj (.text:_c_int00)
                  118195a0    00000080                 : trgmsg.obj (.text:_readmsg)
                  11819620    00000080                 : lowlev.obj (.text:_unlink)
                  118196a0    00000060                 : cpp_init.obj (.text:___TI_cpp_init)
                  11819700    00000060                 : imath64.obj (.text:__subcull)
                  11819760    00000060                 : memccpy.obj (.text:_memccpy)
                  118197c0    00000060                 : trgmsg.obj (.text:_writemsg)
                  11819820    00000040                 : isinf.obj (.text:___isinf)
                  11819860    00000040                 : _printfi.obj (.text:___isnan)
                  118198a0    00000040                 : args_main.obj (.text:__args_main)
                  118198e0    00000040                 : frcmpyd_div.obj (.text:__frcmpyd_div)
                  11819920    00000040                 : llshift.obj (.text:__llshru)
                  11819960    00000040                 : imath40.obj (.text:__remli)
                  118199a0    00000020                 : negll.obj (.text:__negll)
                  118199c0    00000020                 : _lock.obj (.text:__nop)
                  118199e0    00000020                 : printf.obj (.text:__outc)
                  11819a00    00000020                 : printf.obj (.text:__outs)
                  11819a20    00000020                 : exit.obj (.text:_abort)
                  11819a40    00000020                 : remove.obj (.text:_remove)
                  11819a60    00000020     vectors_intr.obj (.text)

.stack     0    11819a80    00000800     UNINITIALIZED
                  11819a80    00000008     rts6740.lib : boot.obj (.stack)
                  11819a88    000007f8     --HOLE--

.far       0    1181a280    00000470     UNINITIALIZED
                  1181a280    00000324     rts6740.lib : defs.obj (.far)
                  1181a5a4    00000004                 : fopen.obj (.far)
                  1181a5a8    0000011c                 : lowlev.obj (.far)
                  1181a6c4    0000000c                 : exit.obj (.far)
                  1181a6d0    00000008     L138_LCDK_aic3106_init.obj (.far)
                  1181a6d8    00000008     rts6740.lib : _lock.obj (.far)
                  1181a6e0    00000008                 : memory.obj (.far)
                  1181a6e8    00000008                 : trgdrv.obj (.far)

.switch    0    1181a6f0    00000054     
                  1181a6f0    00000024     evmomapl138_bsl.lib : evmomapl138_gpio.obj (.switch:_getRegisterBankAndBit)
                  1181a714    00000010     gpio.obj (.switch:_GPIOIntTypeSet)
                  1181a724    00000010     L138_LCDK_switch_led.obj (.switch:_LCDK_LED_off)
                  1181a734    00000010     L138_LCDK_switch_led.obj (.switch:_LCDK_LED_on)

.bss       0    1181a744    00000038     UNINITIALIZED
                  1181a744    0000001c     L138_LCDK_aic3106_init.obj (.bss)
                  1181a760    00000018     Lab3s2.obj (.bss)
                  1181a778    00000004     evmomapl138_bsl.lib : evmomapl138_i2c.obj (.bss)

.vecs      0    1181a800    00000200     
                  1181a800    00000200     vectors_intr.obj (.vecs)

.const     0    1181aa00    000001eb     
                  1181aa00    00000101     rts6740.lib : ctype.obj (.const:.string:__ctypes_)
                  1181ab01    00000002                 : fputs.obj (.const:.string)
                  1181ab03    00000005     --HOLE-- [fill = 0]
                  1181ab08    00000080     evmomapl138_bsl.lib : evmomapl138.obj (.const:_bitval_u32)
                  1181ab88    00000040                         : evmomapl138.obj (.const:.string)
                  1181abc8    00000023     rts6740.lib : _printfi.obj (.const:.string)

.cinit     0    1181abf0    00000184     
                  1181abf0    0000005c     rts6740.lib : defs.obj (.cinit)
                  1181ac4c    00000004     --HOLE-- [fill = 0]
                  1181ac50    0000005c                 : lowlev.obj (.cinit)
                  1181acac    00000004     --HOLE-- [fill = 0]
                  1181acb0    0000002c     L138_LCDK_aic3106_init.obj (.cinit)
                  1181acdc    00000004     --HOLE-- [fill = 0]
                  1181ace0    0000002c     rts6740.lib : exit.obj (.cinit)
                  1181ad0c    00000004     --HOLE-- [fill = 0]
                  1181ad10    0000002c                 : memory.obj (.cinit)
                  1181ad3c    00000004     --HOLE-- [fill = 0]
                  1181ad40    0000001c                 : _lock.obj (.cinit)
                  1181ad5c    00000004     --HOLE-- [fill = 0]
                  1181ad60    0000000c                 : fopen.obj (.cinit)
                  1181ad6c    00000004     --HOLE-- [fill = 0]
                  1181ad70    00000004     (.pad.cinit) [fill = 0]

.cio       0    1181ad78    00000120     UNINITIALIZED
                  1181ad78    00000120     rts6740.lib : trgmsg.obj (.cio)


GLOBAL SYMBOLS: SORTED ALPHABETICALLY BY Name 

address    name
--------   ----
1181a744   $bss
1181a744   .bss
11800000   .data
11810000   .text
11819a20   C$$EXIT
11819818   C$$IO$$
11817200   _AIC3106_init
118172f8   _AIC3106_readRegister
11817350   _AIC3106_writeRegister
1181a6d0   _AIC31_data
11810258   _EDMA3_PaRAM_setup
11811748   _EVMOMAPL138_enableDsp
11811560   _EVMOMAPL138_init
1181158c   _EVMOMAPL138_initRAM
11811810   _EVMOMAPL138_lpscTransition
11811774   _EVMOMAPL138_pinmuxConfig
11812bd0   _GPIOBankIntDisable
11812b94   _GPIOBankIntEnable
11812c0c   _GPIOBankPinsWrite
118127b8   _GPIODirModeGet
11812720   _GPIODirModeSet
11812a64   _GPIOIntTypeGet
118128f8   _GPIOIntTypeSet
11812b4c   _GPIOPinIntClear
11812aec   _GPIOPinIntStatus
11812898   _GPIOPinRead
11812818   _GPIOPinWrite
118143b8   _GPIO_getInput
11814340   _GPIO_setDir
1181442c   _GPIO_setOutput
118144ac   _GPIO_toggleLoop
11818ae0   _HOSTclose
11817dc0   _HOSTlseek
11817fc0   _HOSTopen
11818420   _HOSTread
118173a0   _HOSTrename
118184e0   _HOSTunlink
118185a0   _HOSTwrite
11813314   _I2CGPIO_getInput
11813430   _I2CGPIO_getInputAll
11813240   _I2CGPIO_init
11813540   _I2CGPIO_setOutput
11813688   _I2CGPIO_setOutputAll
118146c0   _I2C_init
118147ac   _I2C_read
11814908   _I2C_write
11811118   _L138_init_LCDK_DIP
11810de0   _L138_init_aic3106_registers
11810630   _L138_init_mcasp_edma
118108ec   _L138_init_mcasp_intr
11810b4c   _L138_init_mcasp_poll
118112ac   _L138_initialise_intr
118111c4   _L138_initialise_poll
11814b50   _LCDK_GPIO_init
11814bc0   _LCDK_LED_init
11814cc8   _LCDK_LED_off
11814c30   _LCDK_LED_on
11814b6c   _LCDK_SWITCH_init
11814c10   _LCDK_SWITCH_state
11817920   _PSCModuleControl
11814a40   _PinMuxSetup_leds
11814ad4   _PinMuxSetup_switches
11816da4   _USTIMER_delay
11816e64   _USTIMER_get
11816cc0   _USTIMER_init
11816e34   _USTIMER_reset
11816e78   _USTIMER_set
11812160   _UTIL_isUIBoardAttached
11812008   _UTIL_printMem
1181ad78   __CIOBUF_
1181a280   __STACK_END
00000800   __STACK_SIZE
00010000   __SYSMEM_SIZE
00000001   __TI_args_main
118196a0   ___TI_cpp_init
1181a6cc   ___TI_enable_exit_profile_output
ffffffff   ___TI_pprof_out_hndl
ffffffff   ___TI_prof_data_size
ffffffff   ___TI_prof_data_start
ffffffff   ___binit__
1181a744   ___bss__
ffffffff   ___c_args__
1181abf0   ___cinit__
11800000   ___data__
11800000   ___edata__
1181a77c   ___end__
11819a80   ___etext__
11819820   ___isinf
ffffffff   ___pinit__
11810000   ___text__
118198a0   __args_main
11818660   __auto_init
118187e0   __c6xabi_divu
11818b80   __cleanup
1181a6c4   __cleanup_ptr
11817a60   __closefile
1181aa00   __ctypes_
11812180   __divd
11818c20   __divli
118187e0   __divu
11817060   __divul
11815d80   __divull
118188a0   __doflush
1181a6c8   __dtors_ptr
11818e00   __fixdli
11819420   __fltlid
118198e0   __frcmpyd_div
1181a5a0   __ft_end
1181a280   __ftable
118194a0   __llshl
11819920   __llshru
1181a6d8   __lock
118199a0   __negll
118199c0   __nop
11813720   __printfi
11819960   __remli
11819a80   __stack
11819700   __subcull
11800000   __sys_memory
1181a460   __tmpnams
1181a6dc   __unlock
11817ec0   __wrt_ok
11819a20   _abort
118180a0   _atoi
1181ab08   _bitval_u32
1181a760   _bool1
1181a764   _bool2
1181a768   _bool3
1181a76c   _bool4
11819520   _c_int00
118193a0   _check_error
11818180   _close
11811be8   _config_pll0
11811e24   _config_pll1
11818f40   _copy_in
11818960   _exit
1181a758   _fb
118166a0   _fputc
11813fa0   _fputs
11815880   _free
11817ca0   _fseek
118101a8   _input_left_sample
11810200   _input_right_sample
11810150   _input_sample
11815b00   _interrupt4
1181a774   _led_err_state
1181a770   _led_err_tim
11819080   _lseek
11818a20   _ltoa
118193cc   _main
11817520   _malloc
11819760   _memccpy
11819120   _memcpy
11818260   _memset
11810068   _output_left_sample
118100e0   _output_right_sample
11810000   _output_sample
1181a748   _pingIN
1181a74c   _pingOUT
1181a750   _pongIN
1181a754   _pongOUT
11811534   _prand
1181a75c   _prand_seed
118113e8   _prbs
11818340   _printf
118166a0   _putc
118114b8   _rand31_next
11811160   _read_LCDK_user_DIP
118195a0   _readmsg
11819a40   _remove
11816ac0   _setvbuf
1181a6d4   _sreg
11819620   _unlink
1181a820   _vector1
1181a940   _vector10
1181a960   _vector11
1181a980   _vector12
1181a9a0   _vector13
1181a9c0   _vector14
1181a9e0   _vector15
1181a840   _vector2
1181a860   _vector3
1181a8a0   _vector5
1181a8c0   _vector6
1181a8e0   _vector7
1181a900   _vector8
1181a920   _vector9
1181a800   _vectors
11819300   _write
118197c0   _writemsg
ffffffff   binit
1181abf0   cinit
11800000   edata
1181a77c   end
11819a80   etext
ffffffff   pinit


GLOBAL SYMBOLS: SORTED BY Symbol Address 

address    name
--------   ----
00000001   __TI_args_main
00000800   __STACK_SIZE
00010000   __SYSMEM_SIZE
11800000   .data
11800000   ___data__
11800000   ___edata__
11800000   __sys_memory
11800000   edata
11810000   .text
11810000   ___text__
11810000   _output_sample
11810068   _output_left_sample
118100e0   _output_right_sample
11810150   _input_sample
118101a8   _input_left_sample
11810200   _input_right_sample
11810258   _EDMA3_PaRAM_setup
11810630   _L138_init_mcasp_edma
118108ec   _L138_init_mcasp_intr
11810b4c   _L138_init_mcasp_poll
11810de0   _L138_init_aic3106_registers
11811118   _L138_init_LCDK_DIP
11811160   _read_LCDK_user_DIP
118111c4   _L138_initialise_poll
118112ac   _L138_initialise_intr
118113e8   _prbs
118114b8   _rand31_next
11811534   _prand
11811560   _EVMOMAPL138_init
1181158c   _EVMOMAPL138_initRAM
11811748   _EVMOMAPL138_enableDsp
11811774   _EVMOMAPL138_pinmuxConfig
11811810   _EVMOMAPL138_lpscTransition
11811be8   _config_pll0
11811e24   _config_pll1
11812008   _UTIL_printMem
11812160   _UTIL_isUIBoardAttached
11812180   __divd
11812720   _GPIODirModeSet
118127b8   _GPIODirModeGet
11812818   _GPIOPinWrite
11812898   _GPIOPinRead
118128f8   _GPIOIntTypeSet
11812a64   _GPIOIntTypeGet
11812aec   _GPIOPinIntStatus
11812b4c   _GPIOPinIntClear
11812b94   _GPIOBankIntEnable
11812bd0   _GPIOBankIntDisable
11812c0c   _GPIOBankPinsWrite
11813240   _I2CGPIO_init
11813314   _I2CGPIO_getInput
11813430   _I2CGPIO_getInputAll
11813540   _I2CGPIO_setOutput
11813688   _I2CGPIO_setOutputAll
11813720   __printfi
11813fa0   _fputs
11814340   _GPIO_setDir
118143b8   _GPIO_getInput
1181442c   _GPIO_setOutput
118144ac   _GPIO_toggleLoop
118146c0   _I2C_init
118147ac   _I2C_read
11814908   _I2C_write
11814a40   _PinMuxSetup_leds
11814ad4   _PinMuxSetup_switches
11814b50   _LCDK_GPIO_init
11814b6c   _LCDK_SWITCH_init
11814bc0   _LCDK_LED_init
11814c10   _LCDK_SWITCH_state
11814c30   _LCDK_LED_on
11814cc8   _LCDK_LED_off
11815880   _free
11815b00   _interrupt4
11815d80   __divull
118166a0   _fputc
118166a0   _putc
11816ac0   _setvbuf
11816cc0   _USTIMER_init
11816da4   _USTIMER_delay
11816e34   _USTIMER_reset
11816e64   _USTIMER_get
11816e78   _USTIMER_set
11817060   __divul
11817200   _AIC3106_init
118172f8   _AIC3106_readRegister
11817350   _AIC3106_writeRegister
118173a0   _HOSTrename
11817520   _malloc
11817920   _PSCModuleControl
11817a60   __closefile
11817ca0   _fseek
11817dc0   _HOSTlseek
11817ec0   __wrt_ok
11817fc0   _HOSTopen
118180a0   _atoi
11818180   _close
11818260   _memset
11818340   _printf
11818420   _HOSTread
118184e0   _HOSTunlink
118185a0   _HOSTwrite
11818660   __auto_init
118187e0   __c6xabi_divu
118187e0   __divu
118188a0   __doflush
11818960   _exit
11818a20   _ltoa
11818ae0   _HOSTclose
11818b80   __cleanup
11818c20   __divli
11818e00   __fixdli
11818f40   _copy_in
11819080   _lseek
11819120   _memcpy
11819300   _write
118193a0   _check_error
118193cc   _main
11819420   __fltlid
118194a0   __llshl
11819520   _c_int00
118195a0   _readmsg
11819620   _unlink
118196a0   ___TI_cpp_init
11819700   __subcull
11819760   _memccpy
118197c0   _writemsg
11819818   C$$IO$$
11819820   ___isinf
118198a0   __args_main
118198e0   __frcmpyd_div
11819920   __llshru
11819960   __remli
118199a0   __negll
118199c0   __nop
11819a20   C$$EXIT
11819a20   _abort
11819a40   _remove
11819a80   ___etext__
11819a80   __stack
11819a80   etext
1181a280   __STACK_END
1181a280   __ftable
1181a460   __tmpnams
1181a5a0   __ft_end
1181a6c4   __cleanup_ptr
1181a6c8   __dtors_ptr
1181a6cc   ___TI_enable_exit_profile_output
1181a6d0   _AIC31_data
1181a6d4   _sreg
1181a6d8   __lock
1181a6dc   __unlock
1181a744   $bss
1181a744   .bss
1181a744   ___bss__
1181a748   _pingIN
1181a74c   _pingOUT
1181a750   _pongIN
1181a754   _pongOUT
1181a758   _fb
1181a75c   _prand_seed
1181a760   _bool1
1181a764   _bool2
1181a768   _bool3
1181a76c   _bool4
1181a770   _led_err_tim
1181a774   _led_err_state
1181a77c   ___end__
1181a77c   end
1181a800   _vectors
1181a820   _vector1
1181a840   _vector2
1181a860   _vector3
1181a8a0   _vector5
1181a8c0   _vector6
1181a8e0   _vector7
1181a900   _vector8
1181a920   _vector9
1181a940   _vector10
1181a960   _vector11
1181a980   _vector12
1181a9a0   _vector13
1181a9c0   _vector14
1181a9e0   _vector15
1181aa00   __ctypes_
1181ab08   _bitval_u32
1181abf0   ___cinit__
1181abf0   cinit
1181ad78   __CIOBUF_
ffffffff   ___TI_pprof_out_hndl
ffffffff   ___TI_prof_data_size
ffffffff   ___TI_prof_data_start
ffffffff   ___binit__
ffffffff   ___c_args__
ffffffff   ___pinit__
ffffffff   binit
ffffffff   pinit

[196 symbols]
