******************************************************************************
               TMS320C6x Linker PC v7.4.4                      
******************************************************************************
>> Linked Tue Jan 28 11:12:51 2020

OUTPUT FILE NAME:   <Lab3s2.out>
ENTRY POINT SYMBOL: "_c_int00"  address: 11826e00


MEMORY CONFIGURATION

         name            origin    length      used     unused   attr    fill
----------------------  --------  ---------  --------  --------  ----  --------
  dsp_l2_ram            11800000   00040000  000282bf  00017d41  RWIX
  shared_ram            80000000   00020000  00000000  00020000  RWIX
  external_ram          c0000000   08000000  00000000  08000000  RWIX


SECTION ALLOCATION MAP

 output                                  attributes/
section   page    origin      length       input sections
--------  ----  ----------  ----------   ----------------
.data      0    11800000    00000000     UNINITIALIZED

.sysmem    0    11800000    00010000     UNINITIALIZED
                  11800000    00000008     rts6740.lib : memory.obj (.sysmem)
                  11800008    0000fff8     --HOLE--

.far       0    11810000    0000cf90     UNINITIALIZED
                  11810000    0000cb20     main.obj (.far)
                  1181cb20    00000324     rts6740.lib : defs.obj (.far)
                  1181ce44    00000004                 : fopen.obj (.far)
                  1181ce48    0000011c                 : lowlev.obj (.far)
                  1181cf64    0000000c                 : exit.obj (.far)
                  1181cf70    00000008     L138_LCDK_aic3106_init.obj (.far)
                  1181cf78    00000008     rts6740.lib : _lock.obj (.far)
                  1181cf80    00000008                 : memory.obj (.far)
                  1181cf88    00000008                 : trgdrv.obj (.far)

.text      0    1181cfa0    0000a3c0     
                  1181cfa0    00001560     L138_LCDK_aic3106_init.obj (.text)
                  1181e500    00000c20     evmomapl138_bsl.lib : evmomapl138.obj (.text)
                  1181f120    000005a0     rts6740.lib : divd.obj (.text:__divd)
                  1181f6c0    000005a0     gpio.obj (.text)
                  1181fc60    00000580     rts6740.lib : _printfi.obj (.text:__getarg_diouxp)
                  118201e0    000004e0     evmomapl138_bsl.lib : evmomapl138_i2c_gpio.obj (.text)
                  118206c0    000004e0     main.obj (.text)
                  11820ba0    00000440     rts6740.lib : _printfi.obj (.text:__printfi)
                  11820fe0    00000440                 : _printfi.obj (.text:__setfield)
                  11821420    00000420     main.obj (.text:retain)
                  11821840    000003a0     rts6740.lib : fputs.obj (.text:_fputs)
                  11821be0    00000380     evmomapl138_bsl.lib : evmomapl138_gpio.obj (.text)
                  11821f60    00000380                         : evmomapl138_i2c.obj (.text)
                  118222e0    00000320     L138_LCDK_switch_led.obj (.text)
                  11822600    00000320     rts6740.lib : _printfi.obj (.text:__pproc_fge)
                  11822920    000002c0                 : _printfi.obj (.text:__pproc_fwp)
                  11822be0    000002a0                 : _printfi.obj (.text:_ecvt)
                  11822e80    000002a0                 : _printfi.obj (.text:_fcvt)
                  11823120    00000280                 : divf.obj (.text:__divf)
                  118233a0    00000280                 : memory.obj (.text:_free)
                  11823620    00000260                 : imath64.obj (.text:__divull)
                  11823880    00000260                 : _printfi.obj (.text:__pconv_e)
                  11823ae0    00000240                 : _printfi.obj (.text:__pproc_diouxp)
                  11823d20    00000220                 : _printfi.obj (.text:__pproc_str)
                  11823f40    00000220                 : fputc.obj (.text:_fputc)
                  11824160    00000200                 : _printfi.obj (.text:__pconv_g)
                  11824360    00000200                 : setvbuf.obj (.text:_setvbuf)
                  11824560    000001e0     evmomapl138_bsl.lib : evmomapl138_timer.obj (.text)
                  11824740    000001c0     rts6740.lib : _printfi.obj (.text:__mcpy)
                  11824900    000001a0                 : imath40.obj (.text:__divul)
                  11824aa0    000001a0     evmomapl138_bsl.lib : evmomapl138_aic3106.obj (.text)
                  11824c40    00000180     rts6740.lib : trgdrv.obj (.text:_HOSTrename)
                  11824dc0    00000180                 : memory.obj (.text:_malloc)
                  11824f40    00000140                 : _printfi.obj (.text:__pproc_fflags)
                  11825080    00000140                 : lowlev.obj (.text:_getdevice)
                  118251c0    00000140     psc.obj (.text)
                  11825300    00000120     rts6740.lib : fclose.obj (.text:__closefile)
                  11825420    00000120                 : _printfi.obj (.text:__ltostr)
                  11825540    00000120                 : fseek.obj (.text:_fseek)
                  11825660    00000100                 : trgdrv.obj (.text:_HOSTlseek)
                  11825760    00000100                 : _io_perm.obj (.text:__wrt_ok)
                  11825860    000000e0                 : trgdrv.obj (.text:_HOSTopen)
                  11825940    000000e0                 : atoi.obj (.text:_atoi)
                  11825a20    000000e0                 : lowlev.obj (.text:_close)
                  11825b00    000000e0                 : memset.obj (.text:_memset)
                  11825be0    000000e0                 : printf.obj (.text:_printf)
                  11825cc0    000000c0                 : trgdrv.obj (.text:_HOSTread)
                  11825d80    000000c0                 : trgdrv.obj (.text:_HOSTunlink)
                  11825e40    000000c0                 : trgdrv.obj (.text:_HOSTwrite)
                  11825f00    000000c0                 : autoinit.obj (.text:__auto_init)
                  11825fc0    000000c0                 : _printfi.obj (.text:__div)
                  11826080    000000c0                 : divu.obj (.text:__divu)
                  11826140    000000c0                 : fflush.obj (.text:__doflush)
                  11826200    000000c0                 : remi.obj (.text:__remi)
                  118262c0    000000c0                 : exit.obj (.text:_exit)
                  11826380    000000c0                 : ltoa.obj (.text:_ltoa)
                  11826440    000000a0                 : trgdrv.obj (.text:_HOSTclose)
                  118264e0    000000a0                 : fopen.obj (.text:__cleanup)
                  11826580    000000a0                 : imath40.obj (.text:__divli)
                  11826620    000000a0                 : _printfi.obj (.text:__ecpy)
                  118266c0    000000a0                 : _printfi.obj (.text:__fcpy)
                  11826760    000000a0                 : fixdli.obj (.text:__fixdli)
                  11826800    000000a0                 : _printfi.obj (.text:__pconv_f)
                  118268a0    000000a0                 : cpy_tbl.obj (.text:_copy_in)
                  11826940    000000a0                 : lowlev.obj (.text:_finddevice)
                  118269e0    000000a0                 : lowlev.obj (.text:_lseek)
                  11826a80    000000a0                 : memcpy64.obj (.text:_memcpy)
                  11826b20    000000a0                 : memory.obj (.text:_minsert)
                  11826bc0    000000a0                 : memory.obj (.text:_mremove)
                  11826c60    000000a0                 : lowlev.obj (.text:_write)
                  11826d00    00000080                 : fltlid.obj (.text:__fltlid)
                  11826d80    00000080                 : llshift.obj (.text:__llshl)
                  11826e00    00000080                 : boot.obj (.text:_c_int00)
                  11826e80    00000080                 : trgmsg.obj (.text:_readmsg)
                  11826f00    00000080                 : lowlev.obj (.text:_unlink)
                  11826f80    00000060                 : cpp_init.obj (.text:___TI_cpp_init)
                  11826fe0    00000060                 : imath64.obj (.text:__subcull)
                  11827040    00000060                 : memccpy.obj (.text:_memccpy)
                  118270a0    00000060                 : trgmsg.obj (.text:_writemsg)
                  11827100    00000040                 : isinf.obj (.text:___isinf)
                  11827140    00000040                 : _printfi.obj (.text:___isnan)
                  11827180    00000040                 : args_main.obj (.text:__args_main)
                  118271c0    00000040                 : frcmpyd_div.obj (.text:__frcmpyd_div)
                  11827200    00000040                 : llshift.obj (.text:__llshru)
                  11827240    00000040                 : imath40.obj (.text:__remli)
                  11827280    00000020                 : negll.obj (.text:__negll)
                  118272a0    00000020                 : _lock.obj (.text:__nop)
                  118272c0    00000020                 : printf.obj (.text:__outc)
                  118272e0    00000020                 : printf.obj (.text:__outs)
                  11827300    00000020                 : exit.obj (.text:_abort)
                  11827320    00000020                 : remove.obj (.text:_remove)
                  11827340    00000020     vectors_intr.obj (.text)

.stack     0    11827360    00000800     UNINITIALIZED
                  11827360    00000008     rts6740.lib : boot.obj (.stack)
                  11827368    000007f8     --HOLE--

.switch    0    11827b60    00000090     
                  11827b60    00000024     evmomapl138_bsl.lib : evmomapl138_gpio.obj (.switch:_getRegisterBankAndBit)
                  11827b84    00000020     main.obj (.switch:_interrupt4)
                  11827ba4    0000001c     main.obj (.switch:_main)
                  11827bc0    00000010     gpio.obj (.switch:_GPIOIntTypeSet)
                  11827bd0    00000010     L138_LCDK_switch_led.obj (.switch:_LCDK_LED_off)
                  11827be0    00000010     L138_LCDK_switch_led.obj (.switch:_LCDK_LED_on)

.vecs      0    11827c00    00000200     
                  11827c00    00000200     vectors_intr.obj (.vecs)

.const     0    11827e00    000001eb     
                  11827e00    00000101     rts6740.lib : ctype.obj (.const:.string:__ctypes_)
                  11827f01    00000002                 : fputs.obj (.const:.string)
                  11827f03    00000005     --HOLE-- [fill = 0]
                  11827f08    00000080     evmomapl138_bsl.lib : evmomapl138.obj (.const:_bitval_u32)
                  11827f88    00000040                         : evmomapl138.obj (.const:.string)
                  11827fc8    00000023     rts6740.lib : _printfi.obj (.const:.string)

.cinit     0    11827ff0    00000184     
                  11827ff0    0000005c     rts6740.lib : defs.obj (.cinit)
                  1182804c    00000004     --HOLE-- [fill = 0]
                  11828050    0000005c                 : lowlev.obj (.cinit)
                  118280ac    00000004     --HOLE-- [fill = 0]
                  118280b0    0000002c     L138_LCDK_aic3106_init.obj (.cinit)
                  118280dc    00000004     --HOLE-- [fill = 0]
                  118280e0    0000002c     rts6740.lib : exit.obj (.cinit)
                  1182810c    00000004     --HOLE-- [fill = 0]
                  11828110    0000002c                 : memory.obj (.cinit)
                  1182813c    00000004     --HOLE-- [fill = 0]
                  11828140    0000001c                 : _lock.obj (.cinit)
                  1182815c    00000004     --HOLE-- [fill = 0]
                  11828160    0000000c                 : fopen.obj (.cinit)
                  1182816c    00000004     --HOLE-- [fill = 0]
                  11828170    00000004     (.pad.cinit) [fill = 0]

.cio       0    11828178    00000120     UNINITIALIZED
                  11828178    00000120     rts6740.lib : trgmsg.obj (.cio)

.bss       0    11828298    00000050     UNINITIALIZED
                  11828298    00000030     main.obj (.bss)
                  118282c8    0000001c     L138_LCDK_aic3106_init.obj (.bss)
                  118282e4    00000004     evmomapl138_bsl.lib : evmomapl138_i2c.obj (.bss)


GLOBAL SYMBOLS: SORTED ALPHABETICALLY BY Name 

address    name
--------   ----
11828298   $bss
11828298   .bss
11800000   .data
1181cfa0   .text
11827300   C$$EXIT
118270f8   C$$IO$$
11824aa0   _AIC3106_init
11824b98   _AIC3106_readRegister
11824bf0   _AIC3106_writeRegister
1181cf70   _AIC31_data
1181d1f8   _EDMA3_PaRAM_setup
1181e6e8   _EVMOMAPL138_enableDsp
1181e500   _EVMOMAPL138_init
1181e52c   _EVMOMAPL138_initRAM
1181e7b0   _EVMOMAPL138_lpscTransition
1181e714   _EVMOMAPL138_pinmuxConfig
1181fb70   _GPIOBankIntDisable
1181fb34   _GPIOBankIntEnable
1181fbac   _GPIOBankPinsWrite
1181f758   _GPIODirModeGet
1181f6c0   _GPIODirModeSet
1181fa04   _GPIOIntTypeGet
1181f898   _GPIOIntTypeSet
1181faec   _GPIOPinIntClear
1181fa8c   _GPIOPinIntStatus
1181f838   _GPIOPinRead
1181f7b8   _GPIOPinWrite
11821c58   _GPIO_getInput
11821be0   _GPIO_setDir
11821ccc   _GPIO_setOutput
11821d4c   _GPIO_toggleLoop
11826440   _HOSTclose
11825660   _HOSTlseek
11825860   _HOSTopen
11825cc0   _HOSTread
11824c40   _HOSTrename
11825d80   _HOSTunlink
11825e40   _HOSTwrite
118202b4   _I2CGPIO_getInput
118203d0   _I2CGPIO_getInputAll
118201e0   _I2CGPIO_init
118204e0   _I2CGPIO_setOutput
11820628   _I2CGPIO_setOutputAll
11821f60   _I2C_init
1182204c   _I2C_read
118221a8   _I2C_write
1181e0b8   _L138_init_LCDK_DIP
1181dd80   _L138_init_aic3106_registers
1181d5d0   _L138_init_mcasp_edma
1181d88c   _L138_init_mcasp_intr
1181daec   _L138_init_mcasp_poll
1181e24c   _L138_initialise_intr
1181e164   _L138_initialise_poll
118223f0   _LCDK_GPIO_init
11822460   _LCDK_LED_init
11822568   _LCDK_LED_off
118224d0   _LCDK_LED_on
1182240c   _LCDK_SWITCH_init
118224b0   _LCDK_SWITCH_state
118251c0   _PSCModuleControl
118222e0   _PinMuxSetup_leds
11822374   _PinMuxSetup_switches
11824644   _USTIMER_delay
11824704   _USTIMER_get
11824560   _USTIMER_init
118246d4   _USTIMER_reset
11824718   _USTIMER_set
1181f100   _UTIL_isUIBoardAttached
1181efa8   _UTIL_printMem
11828178   __CIOBUF_
11827b60   __STACK_END
00000800   __STACK_SIZE
00010000   __SYSMEM_SIZE
00000001   __TI_args_main
11826f80   ___TI_cpp_init
1181cf6c   ___TI_enable_exit_profile_output
ffffffff   ___TI_pprof_out_hndl
ffffffff   ___TI_prof_data_size
ffffffff   ___TI_prof_data_start
ffffffff   ___binit__
11828298   ___bss__
ffffffff   ___c_args__
11827ff0   ___cinit__
11800000   ___data__
11800000   ___edata__
118282e8   ___end__
11827360   ___etext__
11827100   ___isinf
ffffffff   ___pinit__
1181cfa0   ___text__
11827180   __args_main
11825f00   __auto_init
11826080   __c6xabi_divu
11826200   __c6xabi_remi
118264e0   __cleanup
1181cf64   __cleanup_ptr
11825300   __closefile
11827e00   __ctypes_
1181f120   __divd
11823120   __divf
11826580   __divli
11826080   __divu
11824900   __divul
11823620   __divull
11826140   __doflush
1181cf68   __dtors_ptr
11826760   __fixdli
11826d00   __fltlid
118271c0   __frcmpyd_div
1181ce40   __ft_end
1181cb20   __ftable
11826d80   __llshl
11827200   __llshru
1181cf78   __lock
11827280   __negll
118272a0   __nop
11820ba0   __printfi
11826200   __remi
11827240   __remli
11827360   __stack
11826fe0   __subcull
11800000   __sys_memory
1181cd00   __tmpnams
1181cf7c   __unlock
11825760   __wrt_ok
11827300   _abort
118206ec   _all_led_off
11820714   _all_led_on
11825940   _atoi
11827f08   _bitval_u32
118282b4   _bool1
118282b8   _bool2
118282bc   _bool3
118282c0   _bool4
11826e00   _c_int00
118206c0   _check_error
11825a20   _close
1181eb88   _config_pll0
1181edc4   _config_pll1
118268a0   _copy_in
118262c0   _exit
11819c40   _fast_dat
118282dc   _fb
11823f40   _fputc
11821840   _fputs
118233a0   _free
11825540   _fseek
1181d148   _input_left_sample
1181d1a0   _input_right_sample
1181d0f0   _input_sample
11821420   _interrupt4
1182829c   _led_err_tim
118282a0   _led_err_toggle
118269e0   _lseek
11826380   _ltoa
11820758   _main
11824dc0   _malloc
11827040   _memccpy
11826a80   _memcpy
11825b00   _memset
1181d008   _output_left_sample
1181d080   _output_right_sample
1181cfa0   _output_sample
118282cc   _pingIN
118282d0   _pingOUT
118282b0   _play_ticks
118282a8   _playback_arr
118282c4   _playback_tim
118282d4   _pongIN
118282d8   _pongOUT
1181e4d4   _prand
118282e0   _prand_seed
1181e388   _prbs
118282ac   _prerecord_tim
11825be0   _printf
11823f40   _putc
1181e458   _rand31_next
1181e100   _read_LCDK_user_DIP
11826e80   _readmsg
11810000   _recording_dat
118282a4   _recording_tim
11827320   _remove
11820740   _set_state_err
11824360   _setvbuf
11813e80   _slow_dat
1181cf74   _sreg
11828298   _state
11826f00   _unlink
11827c20   _vector1
11827d40   _vector10
11827d60   _vector11
11827d80   _vector12
11827da0   _vector13
11827dc0   _vector14
11827de0   _vector15
11827c40   _vector2
11827c60   _vector3
11827ca0   _vector5
11827cc0   _vector6
11827ce0   _vector7
11827d00   _vector8
11827d20   _vector9
11827c00   _vectors
11826c60   _write
118270a0   _writemsg
ffffffff   binit
11827ff0   cinit
11800000   edata
118282e8   end
11827360   etext
ffffffff   pinit


GLOBAL SYMBOLS: SORTED BY Symbol Address 

address    name
--------   ----
00000001   __TI_args_main
00000800   __STACK_SIZE
00010000   __SYSMEM_SIZE
11800000   .data
11800000   ___data__
11800000   ___edata__
11800000   __sys_memory
11800000   edata
11810000   _recording_dat
11813e80   _slow_dat
11819c40   _fast_dat
1181cb20   __ftable
1181cd00   __tmpnams
1181ce40   __ft_end
1181cf64   __cleanup_ptr
1181cf68   __dtors_ptr
1181cf6c   ___TI_enable_exit_profile_output
1181cf70   _AIC31_data
1181cf74   _sreg
1181cf78   __lock
1181cf7c   __unlock
1181cfa0   .text
1181cfa0   ___text__
1181cfa0   _output_sample
1181d008   _output_left_sample
1181d080   _output_right_sample
1181d0f0   _input_sample
1181d148   _input_left_sample
1181d1a0   _input_right_sample
1181d1f8   _EDMA3_PaRAM_setup
1181d5d0   _L138_init_mcasp_edma
1181d88c   _L138_init_mcasp_intr
1181daec   _L138_init_mcasp_poll
1181dd80   _L138_init_aic3106_registers
1181e0b8   _L138_init_LCDK_DIP
1181e100   _read_LCDK_user_DIP
1181e164   _L138_initialise_poll
1181e24c   _L138_initialise_intr
1181e388   _prbs
1181e458   _rand31_next
1181e4d4   _prand
1181e500   _EVMOMAPL138_init
1181e52c   _EVMOMAPL138_initRAM
1181e6e8   _EVMOMAPL138_enableDsp
1181e714   _EVMOMAPL138_pinmuxConfig
1181e7b0   _EVMOMAPL138_lpscTransition
1181eb88   _config_pll0
1181edc4   _config_pll1
1181efa8   _UTIL_printMem
1181f100   _UTIL_isUIBoardAttached
1181f120   __divd
1181f6c0   _GPIODirModeSet
1181f758   _GPIODirModeGet
1181f7b8   _GPIOPinWrite
1181f838   _GPIOPinRead
1181f898   _GPIOIntTypeSet
1181fa04   _GPIOIntTypeGet
1181fa8c   _GPIOPinIntStatus
1181faec   _GPIOPinIntClear
1181fb34   _GPIOBankIntEnable
1181fb70   _GPIOBankIntDisable
1181fbac   _GPIOBankPinsWrite
118201e0   _I2CGPIO_init
118202b4   _I2CGPIO_getInput
118203d0   _I2CGPIO_getInputAll
118204e0   _I2CGPIO_setOutput
11820628   _I2CGPIO_setOutputAll
118206c0   _check_error
118206ec   _all_led_off
11820714   _all_led_on
11820740   _set_state_err
11820758   _main
11820ba0   __printfi
11821420   _interrupt4
11821840   _fputs
11821be0   _GPIO_setDir
11821c58   _GPIO_getInput
11821ccc   _GPIO_setOutput
11821d4c   _GPIO_toggleLoop
11821f60   _I2C_init
1182204c   _I2C_read
118221a8   _I2C_write
118222e0   _PinMuxSetup_leds
11822374   _PinMuxSetup_switches
118223f0   _LCDK_GPIO_init
1182240c   _LCDK_SWITCH_init
11822460   _LCDK_LED_init
118224b0   _LCDK_SWITCH_state
118224d0   _LCDK_LED_on
11822568   _LCDK_LED_off
11823120   __divf
118233a0   _free
11823620   __divull
11823f40   _fputc
11823f40   _putc
11824360   _setvbuf
11824560   _USTIMER_init
11824644   _USTIMER_delay
118246d4   _USTIMER_reset
11824704   _USTIMER_get
11824718   _USTIMER_set
11824900   __divul
11824aa0   _AIC3106_init
11824b98   _AIC3106_readRegister
11824bf0   _AIC3106_writeRegister
11824c40   _HOSTrename
11824dc0   _malloc
118251c0   _PSCModuleControl
11825300   __closefile
11825540   _fseek
11825660   _HOSTlseek
11825760   __wrt_ok
11825860   _HOSTopen
11825940   _atoi
11825a20   _close
11825b00   _memset
11825be0   _printf
11825cc0   _HOSTread
11825d80   _HOSTunlink
11825e40   _HOSTwrite
11825f00   __auto_init
11826080   __c6xabi_divu
11826080   __divu
11826140   __doflush
11826200   __c6xabi_remi
11826200   __remi
118262c0   _exit
11826380   _ltoa
11826440   _HOSTclose
118264e0   __cleanup
11826580   __divli
11826760   __fixdli
118268a0   _copy_in
118269e0   _lseek
11826a80   _memcpy
11826c60   _write
11826d00   __fltlid
11826d80   __llshl
11826e00   _c_int00
11826e80   _readmsg
11826f00   _unlink
11826f80   ___TI_cpp_init
11826fe0   __subcull
11827040   _memccpy
118270a0   _writemsg
118270f8   C$$IO$$
11827100   ___isinf
11827180   __args_main
118271c0   __frcmpyd_div
11827200   __llshru
11827240   __remli
11827280   __negll
118272a0   __nop
11827300   C$$EXIT
11827300   _abort
11827320   _remove
11827360   ___etext__
11827360   __stack
11827360   etext
11827b60   __STACK_END
11827c00   _vectors
11827c20   _vector1
11827c40   _vector2
11827c60   _vector3
11827ca0   _vector5
11827cc0   _vector6
11827ce0   _vector7
11827d00   _vector8
11827d20   _vector9
11827d40   _vector10
11827d60   _vector11
11827d80   _vector12
11827da0   _vector13
11827dc0   _vector14
11827de0   _vector15
11827e00   __ctypes_
11827f08   _bitval_u32
11827ff0   ___cinit__
11827ff0   cinit
11828178   __CIOBUF_
11828298   $bss
11828298   .bss
11828298   ___bss__
11828298   _state
1182829c   _led_err_tim
118282a0   _led_err_toggle
118282a4   _recording_tim
118282a8   _playback_arr
118282ac   _prerecord_tim
118282b0   _play_ticks
118282b4   _bool1
118282b8   _bool2
118282bc   _bool3
118282c0   _bool4
118282c4   _playback_tim
118282cc   _pingIN
118282d0   _pingOUT
118282d4   _pongIN
118282d8   _pongOUT
118282dc   _fb
118282e0   _prand_seed
118282e8   ___end__
118282e8   end
ffffffff   ___TI_pprof_out_hndl
ffffffff   ___TI_prof_data_size
ffffffff   ___TI_prof_data_start
ffffffff   ___binit__
ffffffff   ___c_args__
ffffffff   ___pinit__
ffffffff   binit
ffffffff   pinit

[211 symbols]
