<?xml version="1.0"?>
<link_info>
   <banner>TMS320C6x Linker PC v7.4.4</banner>
   <copyright>Copyright (c) 1996-2013 Texas Instruments Incorporated</copyright>
   <link_time>0x5e4efd2b</link_time>
   <output_file>usb_host_msc.out</output_file>
   <entry_point>
      <name>_c_int00</name>
      <address>0xc000b000</address>
   </entry_point>
   <input_file_list>
      <input_file id="fl-2">
         <path>.\</path>
         <kind>object</kind>
         <file>main_cnn.obj</file>
         <name>main_cnn.obj</name>
      </input_file>
      <input_file id="fl-3">
         <path>.\</path>
         <kind>object</kind>
         <file>ff.obj</file>
         <name>ff.obj</name>
      </input_file>
      <input_file id="fl-4">
         <path>.\</path>
         <kind>object</kind>
         <file>fat_usbmsc.obj</file>
         <name>fat_usbmsc.obj</name>
      </input_file>
      <input_file id="fl-5">
         <path>.\</path>
         <kind>object</kind>
         <file>exit.obj</file>
         <name>exit.obj</name>
      </input_file>
      <input_file id="fl-6">
         <path>.\</path>
         <kind>object</kind>
         <file>cnn.obj</file>
         <name>cnn.obj</name>
      </input_file>
      <input_file id="fl-f">
         <path>C:\ti\OMAPL138_StarterWare_1_10_04_01\binary\c674x\cgt_ccs\omapl138\usblib\Debug\</path>
         <kind>archive</kind>
         <file>usblib.lib</file>
         <name>usbhmsc.obj</name>
      </input_file>
      <input_file id="fl-10">
         <path>C:\ti\OMAPL138_StarterWare_1_10_04_01\binary\c674x\cgt_ccs\omapl138\usblib\Debug\</path>
         <kind>archive</kind>
         <file>usblib.lib</file>
         <name>usbdesc.obj</name>
      </input_file>
      <input_file id="fl-11">
         <path>C:\ti\OMAPL138_StarterWare_1_10_04_01\binary\c674x\cgt_ccs\omapl138\usblib\Debug\</path>
         <kind>archive</kind>
         <file>usblib.lib</file>
         <name>usbhscsi.obj</name>
      </input_file>
      <input_file id="fl-12">
         <path>C:\ti\OMAPL138_StarterWare_1_10_04_01\binary\c674x\cgt_ccs\omapl138\usblib\Debug\</path>
         <kind>archive</kind>
         <file>usblib.lib</file>
         <name>usbhostenum.obj</name>
      </input_file>
      <input_file id="fl-13">
         <path>C:\ti\OMAPL138_StarterWare_1_10_04_01\binary\c674x\cgt_ccs\omapl138\usblib\Debug\</path>
         <kind>archive</kind>
         <file>usblib.lib</file>
         <name>usbdata.obj</name>
      </input_file>
      <input_file id="fl-14">
         <path>C:\ti\OMAPL138_StarterWare_1_10_04_01\binary\c674x\cgt_ccs\omapl138\usblib\Debug\</path>
         <kind>archive</kind>
         <file>usblib.lib</file>
         <name>usbtick.obj</name>
      </input_file>
      <input_file id="fl-8c">
         <path>C:\ti\ccsv5\tools\compiler\c6000_7.4.4\lib\</path>
         <kind>archive</kind>
         <file>rts6740_elf.lib</file>
         <name>boot.obj</name>
      </input_file>
      <input_file id="fl-8d">
         <path>C:\ti\ccsv5\tools\compiler\c6000_7.4.4\lib\</path>
         <kind>archive</kind>
         <file>rts6740_elf.lib</file>
         <name>copy_decompress_none.obj</name>
      </input_file>
      <input_file id="fl-8e">
         <path>C:\ti\ccsv5\tools\compiler\c6000_7.4.4\lib\</path>
         <kind>archive</kind>
         <file>rts6740_elf.lib</file>
         <name>copy_decompress_rle.obj</name>
      </input_file>
      <input_file id="fl-8f">
         <path>C:\ti\ccsv5\tools\compiler\c6000_7.4.4\lib\</path>
         <kind>archive</kind>
         <file>rts6740_elf.lib</file>
         <name>copy_zero_init.obj</name>
      </input_file>
      <input_file id="fl-90">
         <path>C:\ti\ccsv5\tools\compiler\c6000_7.4.4\lib\</path>
         <kind>archive</kind>
         <file>rts6740_elf.lib</file>
         <name>divi.obj</name>
      </input_file>
      <input_file id="fl-91">
         <path>C:\ti\ccsv5\tools\compiler\c6000_7.4.4\lib\</path>
         <kind>archive</kind>
         <file>rts6740_elf.lib</file>
         <name>divu.obj</name>
      </input_file>
      <input_file id="fl-92">
         <path>C:\ti\ccsv5\tools\compiler\c6000_7.4.4\lib\</path>
         <kind>archive</kind>
         <file>rts6740_elf.lib</file>
         <name>memcmp.obj</name>
      </input_file>
      <input_file id="fl-93">
         <path>C:\ti\ccsv5\tools\compiler\c6000_7.4.4\lib\</path>
         <kind>archive</kind>
         <file>rts6740_elf.lib</file>
         <name>memcpy64.obj</name>
      </input_file>
      <input_file id="fl-94">
         <path>C:\ti\ccsv5\tools\compiler\c6000_7.4.4\lib\</path>
         <kind>archive</kind>
         <file>rts6740_elf.lib</file>
         <name>memory.obj</name>
      </input_file>
      <input_file id="fl-95">
         <path>C:\ti\ccsv5\tools\compiler\c6000_7.4.4\lib\</path>
         <kind>archive</kind>
         <file>rts6740_elf.lib</file>
         <name>memset.obj</name>
      </input_file>
      <input_file id="fl-96">
         <path>C:\ti\ccsv5\tools\compiler\c6000_7.4.4\lib\</path>
         <kind>archive</kind>
         <file>rts6740_elf.lib</file>
         <name>printf.obj</name>
      </input_file>
      <input_file id="fl-97">
         <path>C:\ti\ccsv5\tools\compiler\c6000_7.4.4\lib\</path>
         <kind>archive</kind>
         <file>rts6740_elf.lib</file>
         <name>_lock.obj</name>
      </input_file>
      <input_file id="fl-98">
         <path>C:\ti\ccsv5\tools\compiler\c6000_7.4.4\lib\</path>
         <kind>archive</kind>
         <file>rts6740_elf.lib</file>
         <name>_printfi.obj</name>
      </input_file>
      <input_file id="fl-99">
         <path>C:\ti\ccsv5\tools\compiler\c6000_7.4.4\lib\</path>
         <kind>archive</kind>
         <file>rts6740_elf.lib</file>
         <name>args_main.obj</name>
      </input_file>
      <input_file id="fl-9a">
         <path>C:\ti\ccsv5\tools\compiler\c6000_7.4.4\lib\</path>
         <kind>archive</kind>
         <file>rts6740_elf.lib</file>
         <name>atoi.obj</name>
      </input_file>
      <input_file id="fl-9b">
         <path>C:\ti\ccsv5\tools\compiler\c6000_7.4.4\lib\</path>
         <kind>archive</kind>
         <file>rts6740_elf.lib</file>
         <name>autoinit.obj</name>
      </input_file>
      <input_file id="fl-9c">
         <path>C:\ti\ccsv5\tools\compiler\c6000_7.4.4\lib\</path>
         <kind>archive</kind>
         <file>rts6740_elf.lib</file>
         <name>cpp_init.obj</name>
      </input_file>
      <input_file id="fl-9d">
         <path>C:\ti\ccsv5\tools\compiler\c6000_7.4.4\lib\</path>
         <kind>archive</kind>
         <file>rts6740_elf.lib</file>
         <name>cpy_tbl.obj</name>
      </input_file>
      <input_file id="fl-9e">
         <path>C:\ti\ccsv5\tools\compiler\c6000_7.4.4\lib\</path>
         <kind>archive</kind>
         <file>rts6740_elf.lib</file>
         <name>ctype.obj</name>
      </input_file>
      <input_file id="fl-9f">
         <path>C:\ti\ccsv5\tools\compiler\c6000_7.4.4\lib\</path>
         <kind>archive</kind>
         <file>rts6740_elf.lib</file>
         <name>defs.obj</name>
      </input_file>
      <input_file id="fl-a0">
         <path>C:\ti\ccsv5\tools\compiler\c6000_7.4.4\lib\</path>
         <kind>archive</kind>
         <file>rts6740_elf.lib</file>
         <name>divd.obj</name>
      </input_file>
      <input_file id="fl-a1">
         <path>C:\ti\ccsv5\tools\compiler\c6000_7.4.4\lib\</path>
         <kind>archive</kind>
         <file>rts6740_elf.lib</file>
         <name>fputc.obj</name>
      </input_file>
      <input_file id="fl-a2">
         <path>C:\ti\ccsv5\tools\compiler\c6000_7.4.4\lib\</path>
         <kind>archive</kind>
         <file>rts6740_elf.lib</file>
         <name>fputs.obj</name>
      </input_file>
      <input_file id="fl-a3">
         <path>C:\ti\ccsv5\tools\compiler\c6000_7.4.4\lib\</path>
         <kind>archive</kind>
         <file>rts6740_elf.lib</file>
         <name>frcmpyd_div.obj</name>
      </input_file>
      <input_file id="fl-a4">
         <path>C:\ti\ccsv5\tools\compiler\c6000_7.4.4\lib\</path>
         <kind>archive</kind>
         <file>rts6740_elf.lib</file>
         <name>imath40.obj</name>
      </input_file>
      <input_file id="fl-a5">
         <path>C:\ti\ccsv5\tools\compiler\c6000_7.4.4\lib\</path>
         <kind>archive</kind>
         <file>rts6740_elf.lib</file>
         <name>imath64.obj</name>
      </input_file>
      <input_file id="fl-a6">
         <path>C:\ti\ccsv5\tools\compiler\c6000_7.4.4\lib\</path>
         <kind>archive</kind>
         <file>rts6740_elf.lib</file>
         <name>isinf.obj</name>
      </input_file>
      <input_file id="fl-a7">
         <path>C:\ti\ccsv5\tools\compiler\c6000_7.4.4\lib\</path>
         <kind>archive</kind>
         <file>rts6740_elf.lib</file>
         <name>llshift.obj</name>
      </input_file>
      <input_file id="fl-a8">
         <path>C:\ti\ccsv5\tools\compiler\c6000_7.4.4\lib\</path>
         <kind>archive</kind>
         <file>rts6740_elf.lib</file>
         <name>lowlev.obj</name>
      </input_file>
      <input_file id="fl-a9">
         <path>C:\ti\ccsv5\tools\compiler\c6000_7.4.4\lib\</path>
         <kind>archive</kind>
         <file>rts6740_elf.lib</file>
         <name>ltoa.obj</name>
      </input_file>
      <input_file id="fl-aa">
         <path>C:\ti\ccsv5\tools\compiler\c6000_7.4.4\lib\</path>
         <kind>archive</kind>
         <file>rts6740_elf.lib</file>
         <name>memccpy.obj</name>
      </input_file>
      <input_file id="fl-ab">
         <path>C:\ti\ccsv5\tools\compiler\c6000_7.4.4\lib\</path>
         <kind>archive</kind>
         <file>rts6740_elf.lib</file>
         <name>negll.obj</name>
      </input_file>
      <input_file id="fl-ac">
         <path>C:\ti\ccsv5\tools\compiler\c6000_7.4.4\lib\</path>
         <kind>archive</kind>
         <file>rts6740_elf.lib</file>
         <name>tls.obj</name>
      </input_file>
      <input_file id="fl-ad">
         <path>C:\ti\ccsv5\tools\compiler\c6000_7.4.4\lib\</path>
         <kind>archive</kind>
         <file>rts6740_elf.lib</file>
         <name>tls_get_tp.obj</name>
      </input_file>
      <input_file id="fl-ae">
         <path>C:\ti\ccsv5\tools\compiler\c6000_7.4.4\lib\</path>
         <kind>archive</kind>
         <file>rts6740_elf.lib</file>
         <name>trgdrv.obj</name>
      </input_file>
      <input_file id="fl-af">
         <path>C:\ti\ccsv5\tools\compiler\c6000_7.4.4\lib\</path>
         <kind>archive</kind>
         <file>rts6740_elf.lib</file>
         <name>trgmsg.obj</name>
      </input_file>
      <input_file id="fl-b0">
         <path>C:\ti\ccsv5\tools\compiler\c6000_7.4.4\lib\</path>
         <kind>archive</kind>
         <file>rts6740_elf.lib</file>
         <name>_io_perm.obj</name>
      </input_file>
      <input_file id="fl-b1">
         <path>C:\ti\ccsv5\tools\compiler\c6000_7.4.4\lib\</path>
         <kind>archive</kind>
         <file>rts6740_elf.lib</file>
         <name>abs.obj</name>
      </input_file>
      <input_file id="fl-b2">
         <path>C:\ti\ccsv5\tools\compiler\c6000_7.4.4\lib\</path>
         <kind>archive</kind>
         <file>rts6740_elf.lib</file>
         <name>fflush.obj</name>
      </input_file>
      <input_file id="fl-b3">
         <path>C:\ti\ccsv5\tools\compiler\c6000_7.4.4\lib\</path>
         <kind>archive</kind>
         <file>rts6740_elf.lib</file>
         <name>fseek.obj</name>
      </input_file>
      <input_file id="fl-b4">
         <path>C:\ti\ccsv5\tools\compiler\c6000_7.4.4\lib\</path>
         <kind>archive</kind>
         <file>rts6740_elf.lib</file>
         <name>setvbuf.obj</name>
      </input_file>
      <input_file id="fl-b5">
         <path>C:\ti\ccsv5\tools\compiler\c6000_7.4.4\lib\</path>
         <kind>archive</kind>
         <file>rts6740_elf.lib</file>
         <name>fopen.obj</name>
      </input_file>
      <input_file id="fl-b6">
         <path>C:\ti\ccsv5\tools\compiler\c6000_7.4.4\lib\</path>
         <kind>archive</kind>
         <file>rts6740_elf.lib</file>
         <name>fclose.obj</name>
      </input_file>
      <input_file id="fl-b7">
         <path>C:\ti\ccsv5\tools\compiler\c6000_7.4.4\lib\</path>
         <kind>archive</kind>
         <file>rts6740_elf.lib</file>
         <name>remove.obj</name>
      </input_file>
      <input_file id="fl-b8">
         <path>C:\ti\OMAPL138_StarterWare_1_10_04_01\binary\c674x\cgt_ccs\omapl138\drivers\Debug\</path>
         <kind>archive</kind>
         <file>drivers.lib</file>
         <name>usbphyGS60.obj</name>
      </input_file>
      <input_file id="fl-b9">
         <path>C:\ti\OMAPL138_StarterWare_1_10_04_01\binary\c674x\cgt_ccs\omapl138\drivers\Debug\</path>
         <kind>archive</kind>
         <file>drivers.lib</file>
         <name>usb.obj</name>
      </input_file>
      <input_file id="fl-ba">
         <path>C:\ti\OMAPL138_StarterWare_1_10_04_01\binary\c674x\cgt_ccs\omapl138\drivers\Debug\</path>
         <kind>archive</kind>
         <file>drivers.lib</file>
         <name>cppi41dma.obj</name>
      </input_file>
      <input_file id="fl-bb">
         <path>C:\ti\OMAPL138_StarterWare_1_10_04_01\binary\c674x\cgt_ccs\utils\Debug\</path>
         <kind>archive</kind>
         <file>utils.lib</file>
         <name>delay.obj</name>
      </input_file>
      <input_file id="fl-bc">
         <path>C:\ti\OMAPL138_StarterWare_1_10_04_01\binary\c674x\cgt_ccs\omapl138\lcdkOMAPL138\platform\Debug\</path>
         <kind>archive</kind>
         <file>platform.lib</file>
         <name>usb.obj</name>
      </input_file>
      <input_file id="fl-bd">
         <path>C:\ti\OMAPL138_StarterWare_1_10_04_01\binary\c674x\cgt_ccs\omapl138\lcdkOMAPL138\platform\Debug\</path>
         <kind>archive</kind>
         <file>platform.lib</file>
         <name>sysdelay.obj</name>
      </input_file>
      <input_file id="fl-be">
         <path>C:\ti\OMAPL138_StarterWare_1_10_04_01\binary\c674x\cgt_ccs\omapl138\system_config\Debug\</path>
         <kind>archive</kind>
         <file>system_config.lib</file>
         <name>interrupt.obj</name>
      </input_file>
      <input_file id="fl-bf">
         <path>C:\ti\OMAPL138_StarterWare_1_10_04_01\binary\c674x\cgt_ccs\omapl138\system_config\Debug\</path>
         <kind>archive</kind>
         <file>system_config.lib</file>
         <name>cache.obj</name>
      </input_file>
      <input_file id="fl-c0">
         <path>C:\ti\OMAPL138_StarterWare_1_10_04_01\binary\c674x\cgt_ccs\omapl138\system_config\Debug\</path>
         <kind>archive</kind>
         <file>system_config.lib</file>
         <name>intvecs.obj</name>
      </input_file>
      <input_file id="fl-c1">
         <path>C:\ti\OMAPL138_StarterWare_1_10_04_01\binary\c674x\cgt_ccs\omapl138\drivers\Debug\</path>
         <kind>archive</kind>
         <file>drivers.lib</file>
         <name>timer.obj</name>
      </input_file>
      <input_file id="fl-c2">
         <path>C:\ti\OMAPL138_StarterWare_1_10_04_01\binary\c674x\cgt_ccs\omapl138\drivers\Debug\</path>
         <kind>archive</kind>
         <file>drivers.lib</file>
         <name>psc.obj</name>
      </input_file>
   </input_file_list>
   <object_component_list>
      <object_component id="oc-2f3">
         <name>.cinit..fardata.load</name>
         <load_address>0xc000b080</load_address>
         <run_address>0xc000b080</run_address>
         <size>0x72</size>
      </object_component>
      <object_component id="oc-2f2">
         <name>.cinit..far.load</name>
         <load_address>0xc000b0f4</load_address>
         <run_address>0xc000b0f4</run_address>
         <size>0xb</size>
      </object_component>
      <object_component id="oc-2f0">
         <name>__TI_handler_table</name>
         <load_address>0xc000b100</load_address>
         <run_address>0xc000b100</run_address>
         <size>0x8</size>
      </object_component>
      <object_component id="oc-2f1">
         <name>__TI_cinit_table</name>
         <load_address>0xc000b108</load_address>
         <run_address>0xc000b108</run_address>
         <size>0x10</size>
      </object_component>
      <object_component id="oc-1a4">
         <name>.const:.string:_ctypes_</name>
         <load_address>0xc000ad48</load_address>
         <run_address>0xc000ad48</run_address>
         <size>0x101</size>
         <input_file_ref idref="fl-9e"/>
      </object_component>
      <object_component id="oc-17f">
         <name>.const:.string</name>
         <load_address>0xc000ae49</load_address>
         <run_address>0xc000ae49</run_address>
         <size>0x23</size>
         <input_file_ref idref="fl-98"/>
      </object_component>
      <object_component id="oc-c0">
         <name>.const:.string</name>
         <load_address>0xc000ae6c</load_address>
         <run_address>0xc000ae6c</run_address>
         <size>0x18</size>
         <input_file_ref idref="fl-2"/>
      </object_component>
      <object_component id="oc-2c">
         <name>.text:retain</name>
         <load_address>0xc0000000</load_address>
         <run_address>0xc0000000</run_address>
         <size>0x1aa0</size>
         <input_file_ref idref="fl-be"/>
      </object_component>
      <object_component id="oc-1bd">
         <name>.text:_getarg_diouxp</name>
         <load_address>0xc0001aa0</load_address>
         <run_address>0xc0001aa0</run_address>
         <size>0x5c0</size>
         <input_file_ref idref="fl-98"/>
      </object_component>
      <object_component id="oc-20b">
         <name>.text:__c6xabi_divd</name>
         <load_address>0xc0002060</load_address>
         <run_address>0xc0002060</run_address>
         <size>0x5a0</size>
         <input_file_ref idref="fl-a0"/>
      </object_component>
      <object_component id="oc-b3">
         <name>.text</name>
         <load_address>0xc0002600</load_address>
         <run_address>0xc0002600</run_address>
         <size>0x5a0</size>
         <input_file_ref idref="fl-6"/>
      </object_component>
      <object_component id="oc-71">
         <name>.text</name>
         <load_address>0xc0002ba0</load_address>
         <run_address>0xc0002ba0</run_address>
         <size>0x560</size>
         <input_file_ref idref="fl-2"/>
      </object_component>
      <object_component id="oc-10a">
         <name>.text:_printfi</name>
         <load_address>0xc0003100</load_address>
         <run_address>0xc0003100</run_address>
         <size>0x460</size>
         <input_file_ref idref="fl-98"/>
      </object_component>
      <object_component id="oc-13e">
         <name>.text:_setfield</name>
         <load_address>0xc0003560</load_address>
         <run_address>0xc0003560</run_address>
         <size>0x460</size>
         <input_file_ref idref="fl-98"/>
      </object_component>
      <object_component id="oc-12c">
         <name>.text:fputs</name>
         <load_address>0xc00039c0</load_address>
         <run_address>0xc00039c0</run_address>
         <size>0x3a0</size>
         <input_file_ref idref="fl-a2"/>
      </object_component>
      <object_component id="oc-173">
         <name>.text:_pproc_fge</name>
         <load_address>0xc0003d60</load_address>
         <run_address>0xc0003d60</run_address>
         <size>0x320</size>
         <input_file_ref idref="fl-98"/>
      </object_component>
      <object_component id="oc-13a">
         <name>.text:_pproc_fwp</name>
         <load_address>0xc0004080</load_address>
         <run_address>0xc0004080</run_address>
         <size>0x2e0</size>
         <input_file_ref idref="fl-98"/>
      </object_component>
      <object_component id="oc-1f5">
         <name>.text:ecvt</name>
         <load_address>0xc0004360</load_address>
         <run_address>0xc0004360</run_address>
         <size>0x2a0</size>
         <input_file_ref idref="fl-98"/>
      </object_component>
      <object_component id="oc-202">
         <name>.text:fcvt</name>
         <load_address>0xc0004600</load_address>
         <run_address>0xc0004600</run_address>
         <size>0x2a0</size>
         <input_file_ref idref="fl-98"/>
      </object_component>
      <object_component id="oc-bc">
         <name>.text:free</name>
         <load_address>0xc00048a0</load_address>
         <run_address>0xc00048a0</run_address>
         <size>0x280</size>
         <input_file_ref idref="fl-94"/>
      </object_component>
      <object_component id="oc-26e">
         <name>.text:__c6xabi_divull</name>
         <load_address>0xc0004b20</load_address>
         <run_address>0xc0004b20</run_address>
         <size>0x260</size>
         <input_file_ref idref="fl-a5"/>
      </object_component>
      <object_component id="oc-1b8">
         <name>.text:_pconv_e</name>
         <load_address>0xc0004d80</load_address>
         <run_address>0xc0004d80</run_address>
         <size>0x260</size>
         <input_file_ref idref="fl-98"/>
      </object_component>
      <object_component id="oc-177">
         <name>.text:_pproc_diouxp</name>
         <load_address>0xc0004fe0</load_address>
         <run_address>0xc0004fe0</run_address>
         <size>0x240</size>
         <input_file_ref idref="fl-98"/>
      </object_component>
      <object_component id="oc-142">
         <name>.text:_pproc_str</name>
         <load_address>0xc0005220</load_address>
         <run_address>0xc0005220</run_address>
         <size>0x220</size>
         <input_file_ref idref="fl-98"/>
      </object_component>
      <object_component id="oc-131">
         <name>.text:fputc</name>
         <load_address>0xc0005440</load_address>
         <run_address>0xc0005440</run_address>
         <size>0x220</size>
         <input_file_ref idref="fl-a1"/>
      </object_component>
      <object_component id="oc-1b0">
         <name>.text:_pconv_g</name>
         <load_address>0xc0005660</load_address>
         <run_address>0xc0005660</run_address>
         <size>0x200</size>
         <input_file_ref idref="fl-98"/>
      </object_component>
      <object_component id="oc-18d">
         <name>.text:setvbuf</name>
         <load_address>0xc0005860</load_address>
         <run_address>0xc0005860</run_address>
         <size>0x200</size>
         <input_file_ref idref="fl-b4"/>
      </object_component>
      <object_component id="oc-26a">
         <name>.text:__c6xabi_divul</name>
         <load_address>0xc0005a60</load_address>
         <run_address>0xc0005a60</run_address>
         <size>0x1a0</size>
         <input_file_ref idref="fl-a4"/>
      </object_component>
      <object_component id="oc-18">
         <name>.text</name>
         <load_address>0xc0005c00</load_address>
         <run_address>0xc0005c00</run_address>
         <size>0x200</size>
         <input_file_ref idref="fl-c0"/>
      </object_component>
      <object_component id="oc-1fd">
         <name>.text:_mcpy</name>
         <load_address>0xc0005e00</load_address>
         <run_address>0xc0005e00</run_address>
         <size>0x1c0</size>
         <input_file_ref idref="fl-98"/>
      </object_component>
      <object_component id="oc-247">
         <name>.text:HOSTrename</name>
         <load_address>0xc0005fc0</load_address>
         <run_address>0xc0005fc0</run_address>
         <size>0x180</size>
         <input_file_ref idref="fl-ae"/>
      </object_component>
      <object_component id="oc-50">
         <name>.text:__TI_decompress_rle_core</name>
         <load_address>0xc0006140</load_address>
         <run_address>0xc0006140</run_address>
         <size>0x180</size>
         <input_file_ref idref="fl-8e"/>
      </object_component>
      <object_component id="oc-af">
         <name>.text:malloc</name>
         <load_address>0xc00062c0</load_address>
         <run_address>0xc00062c0</run_address>
         <size>0x180</size>
         <input_file_ref idref="fl-94"/>
      </object_component>
      <object_component id="oc-136">
         <name>.text:_pproc_fflags</name>
         <load_address>0xc0006440</load_address>
         <run_address>0xc0006440</run_address>
         <size>0x140</size>
         <input_file_ref idref="fl-98"/>
      </object_component>
      <object_component id="oc-2ad">
         <name>.text:getdevice</name>
         <load_address>0xc0006580</load_address>
         <run_address>0xc0006580</run_address>
         <size>0x140</size>
         <input_file_ref idref="fl-a8"/>
      </object_component>
      <object_component id="oc-228">
         <name>.text:_closefile</name>
         <load_address>0xc00066c0</load_address>
         <run_address>0xc00066c0</run_address>
         <size>0x120</size>
         <input_file_ref idref="fl-b6"/>
      </object_component>
      <object_component id="oc-1c5">
         <name>.text:_ltostr</name>
         <load_address>0xc00067e0</load_address>
         <run_address>0xc00067e0</run_address>
         <size>0x120</size>
         <input_file_ref idref="fl-98"/>
      </object_component>
      <object_component id="oc-189">
         <name>.text:fseek</name>
         <load_address>0xc0006900</load_address>
         <run_address>0xc0006900</run_address>
         <size>0x120</size>
         <input_file_ref idref="fl-b3"/>
      </object_component>
      <object_component id="oc-23f">
         <name>.text:HOSTlseek</name>
         <load_address>0xc0006a20</load_address>
         <run_address>0xc0006a20</run_address>
         <size>0x100</size>
         <input_file_ref idref="fl-ae"/>
      </object_component>
      <object_component id="oc-31">
         <name>.text:_auto_init_elf</name>
         <load_address>0xc0006b20</load_address>
         <run_address>0xc0006b20</run_address>
         <size>0x100</size>
         <input_file_ref idref="fl-9b"/>
      </object_component>
      <object_component id="oc-159">
         <name>.text:_wrt_ok</name>
         <load_address>0xc0006c20</load_address>
         <run_address>0xc0006c20</run_address>
         <size>0x100</size>
         <input_file_ref idref="fl-b0"/>
      </object_component>
      <object_component id="oc-64">
         <name>.text:copy_in</name>
         <load_address>0xc0006d20</load_address>
         <run_address>0xc0006d20</run_address>
         <size>0x100</size>
         <input_file_ref idref="fl-9d"/>
      </object_component>
      <object_component id="oc-22f">
         <name>.text:HOSTopen</name>
         <load_address>0xc0006e20</load_address>
         <run_address>0xc0006e20</run_address>
         <size>0xe0</size>
         <input_file_ref idref="fl-ae"/>
      </object_component>
      <object_component id="oc-fa">
         <name>.text:__divi</name>
         <load_address>0xc0006f00</load_address>
         <run_address>0xc0006f00</run_address>
         <size>0xe0</size>
         <input_file_ref idref="fl-90"/>
      </object_component>
      <object_component id="oc-16e">
         <name>.text:atoi</name>
         <load_address>0xc0006fe0</load_address>
         <run_address>0xc0006fe0</run_address>
         <size>0xe0</size>
         <input_file_ref idref="fl-9a"/>
      </object_component>
      <object_component id="oc-275">
         <name>.text:close</name>
         <load_address>0xc00070c0</load_address>
         <run_address>0xc00070c0</run_address>
         <size>0xe0</size>
         <input_file_ref idref="fl-a8"/>
      </object_component>
      <object_component id="oc-24f">
         <name>.text:ltoa</name>
         <load_address>0xc00071a0</load_address>
         <run_address>0xc00071a0</run_address>
         <size>0xe0</size>
         <input_file_ref idref="fl-a9"/>
      </object_component>
      <object_component id="oc-16a">
         <name>.text:memset</name>
         <load_address>0xc0007280</load_address>
         <run_address>0xc0007280</run_address>
         <size>0xe0</size>
         <input_file_ref idref="fl-95"/>
      </object_component>
      <object_component id="oc-b8">
         <name>.text:printf</name>
         <load_address>0xc0007360</load_address>
         <run_address>0xc0007360</run_address>
         <size>0xe0</size>
         <input_file_ref idref="fl-96"/>
      </object_component>
      <object_component id="oc-237">
         <name>.text:HOSTread</name>
         <load_address>0xc0007440</load_address>
         <run_address>0xc0007440</run_address>
         <size>0xc0</size>
         <input_file_ref idref="fl-ae"/>
      </object_component>
      <object_component id="oc-243">
         <name>.text:HOSTunlink</name>
         <load_address>0xc0007500</load_address>
         <run_address>0xc0007500</run_address>
         <size>0xc0</size>
         <input_file_ref idref="fl-ae"/>
      </object_component>
      <object_component id="oc-23b">
         <name>.text:HOSTwrite</name>
         <load_address>0xc00075c0</load_address>
         <run_address>0xc00075c0</run_address>
         <size>0xc0</size>
         <input_file_ref idref="fl-ae"/>
      </object_component>
      <object_component id="oc-266">
         <name>.text:__divu</name>
         <load_address>0xc0007680</load_address>
         <run_address>0xc0007680</run_address>
         <size>0xc0</size>
         <input_file_ref idref="fl-91"/>
      </object_component>
      <object_component id="oc-21c">
         <name>.text:_div</name>
         <load_address>0xc0007740</load_address>
         <run_address>0xc0007740</run_address>
         <size>0xc0</size>
         <input_file_ref idref="fl-98"/>
      </object_component>
      <object_component id="oc-15d">
         <name>.text:_doflush</name>
         <load_address>0xc0007800</load_address>
         <run_address>0xc0007800</run_address>
         <size>0xc0</size>
         <input_file_ref idref="fl-b2"/>
      </object_component>
      <object_component id="oc-68">
         <name>.text:tls:init:__TI_tls_init</name>
         <load_address>0xc00078c0</load_address>
         <run_address>0xc00078c0</run_address>
         <size>0xc0</size>
         <input_file_ref idref="fl-ac"/>
      </object_component>
      <object_component id="oc-233">
         <name>.text:HOSTclose</name>
         <load_address>0xc0007980</load_address>
         <run_address>0xc0007980</run_address>
         <size>0xa0</size>
         <input_file_ref idref="fl-ae"/>
      </object_component>
      <object_component id="oc-1d2">
         <name>.text:_cleanup</name>
         <load_address>0xc0007a20</load_address>
         <run_address>0xc0007a20</run_address>
         <size>0xa0</size>
         <input_file_ref idref="fl-b5"/>
      </object_component>
      <object_component id="oc-1f9">
         <name>.text:_ecpy</name>
         <load_address>0xc0007ac0</load_address>
         <run_address>0xc0007ac0</run_address>
         <size>0xa0</size>
         <input_file_ref idref="fl-98"/>
      </object_component>
      <object_component id="oc-206">
         <name>.text:_fcpy</name>
         <load_address>0xc0007b60</load_address>
         <run_address>0xc0007b60</run_address>
         <size>0xa0</size>
         <input_file_ref idref="fl-98"/>
      </object_component>
      <object_component id="oc-ed">
         <name>.text:_minit</name>
         <load_address>0xc0007c00</load_address>
         <run_address>0xc0007c00</run_address>
         <size>0xa0</size>
         <input_file_ref idref="fl-94"/>
      </object_component>
      <object_component id="oc-1b4">
         <name>.text:_pconv_f</name>
         <load_address>0xc0007ca0</load_address>
         <run_address>0xc0007ca0</run_address>
         <size>0xa0</size>
         <input_file_ref idref="fl-98"/>
      </object_component>
      <object_component id="oc-39">
         <name>.text</name>
         <load_address>0xc0007d40</load_address>
         <run_address>0xc0007d40</run_address>
         <size>0xa0</size>
         <input_file_ref idref="fl-5"/>
      </object_component>
      <object_component id="oc-2c4">
         <name>.text:finddevice</name>
         <load_address>0xc0007de0</load_address>
         <run_address>0xc0007de0</run_address>
         <size>0xa0</size>
         <input_file_ref idref="fl-a8"/>
      </object_component>
      <object_component id="oc-1cc">
         <name>.text:lseek</name>
         <load_address>0xc0007e80</load_address>
         <run_address>0xc0007e80</run_address>
         <size>0xa0</size>
         <input_file_ref idref="fl-a8"/>
      </object_component>
      <object_component id="oc-40">
         <name>.text:memcpy</name>
         <load_address>0xc0007f20</load_address>
         <run_address>0xc0007f20</run_address>
         <size>0xa0</size>
         <input_file_ref idref="fl-93"/>
      </object_component>
      <object_component id="oc-f5">
         <name>.text:minsert</name>
         <load_address>0xc0007fc0</load_address>
         <run_address>0xc0007fc0</run_address>
         <size>0xa0</size>
         <input_file_ref idref="fl-94"/>
      </object_component>
      <object_component id="oc-f1">
         <name>.text:mremove</name>
         <load_address>0xc0008060</load_address>
         <run_address>0xc0008060</run_address>
         <size>0xa0</size>
         <input_file_ref idref="fl-94"/>
      </object_component>
      <object_component id="oc-161">
         <name>.text:write</name>
         <load_address>0xc0008100</load_address>
         <run_address>0xc0008100</run_address>
         <size>0xa0</size>
         <input_file_ref idref="fl-a8"/>
      </object_component>
      <object_component id="oc-2a3">
         <name>.text:__c6xabi_llshl</name>
         <load_address>0xc00081a0</load_address>
         <run_address>0xc00081a0</run_address>
         <size>0x80</size>
         <input_file_ref idref="fl-a7"/>
      </object_component>
      <object_component id="oc-287">
         <name>.text:readmsg</name>
         <load_address>0xc0008220</load_address>
         <run_address>0xc0008220</run_address>
         <size>0x80</size>
         <input_file_ref idref="fl-af"/>
      </object_component>
      <object_component id="oc-279">
         <name>.text:unlink</name>
         <load_address>0xc00082a0</load_address>
         <run_address>0xc00082a0</run_address>
         <size>0x80</size>
         <input_file_ref idref="fl-a8"/>
      </object_component>
      <object_component id="oc-6c">
         <name>.text:__TI_cpp_init</name>
         <load_address>0xc0008320</load_address>
         <run_address>0xc0008320</run_address>
         <size>0x60</size>
         <input_file_ref idref="fl-9c"/>
      </object_component>
      <object_component id="oc-2a7">
         <name>.text:_subcull</name>
         <load_address>0xc0008380</load_address>
         <run_address>0xc0008380</run_address>
         <size>0x60</size>
         <input_file_ref idref="fl-a5"/>
      </object_component>
      <object_component id="oc-17b">
         <name>.text:memccpy</name>
         <load_address>0xc00083e0</load_address>
         <run_address>0xc00083e0</run_address>
         <size>0x60</size>
         <input_file_ref idref="fl-aa"/>
      </object_component>
      <object_component id="oc-283">
         <name>.text:writemsg</name>
         <load_address>0xc0008440</load_address>
         <run_address>0xc0008440</run_address>
         <size>0x60</size>
         <input_file_ref idref="fl-af"/>
      </object_component>
      <object_component id="oc-25c">
         <name>.text:__c6xabi_frcmpyd_div</name>
         <load_address>0xc00084a0</load_address>
         <run_address>0xc00084a0</run_address>
         <size>0x40</size>
         <input_file_ref idref="fl-a3"/>
      </object_component>
      <object_component id="oc-1ac">
         <name>.text:__c6xabi_isinf</name>
         <load_address>0xc00084e0</load_address>
         <run_address>0xc00084e0</run_address>
         <size>0x40</size>
         <input_file_ref idref="fl-a6"/>
      </object_component>
      <object_component id="oc-1a8">
         <name>.text:__c6xabi_isnan</name>
         <load_address>0xc0008520</load_address>
         <run_address>0xc0008520</run_address>
         <size>0x40</size>
         <input_file_ref idref="fl-98"/>
      </object_component>
      <object_component id="oc-258">
         <name>.text:__c6xabi_llshru</name>
         <load_address>0xc0008560</load_address>
         <run_address>0xc0008560</run_address>
         <size>0x40</size>
         <input_file_ref idref="fl-a7"/>
      </object_component>
      <object_component id="oc-35">
         <name>.text:_args_main</name>
         <load_address>0xc00085a0</load_address>
         <run_address>0xc00085a0</run_address>
         <size>0x40</size>
         <input_file_ref idref="fl-99"/>
      </object_component>
      <object_component id="oc-1c1">
         <name>.text:__c6xabi_negll</name>
         <load_address>0xc00085e0</load_address>
         <run_address>0xc00085e0</run_address>
         <size>0x20</size>
         <input_file_ref idref="fl-ab"/>
      </object_component>
      <object_component id="oc-11a">
         <name>.text:_nop</name>
         <load_address>0xc0008600</load_address>
         <run_address>0xc0008600</run_address>
         <size>0x20</size>
         <input_file_ref idref="fl-97"/>
      </object_component>
      <object_component id="oc-106">
         <name>.text:_outc</name>
         <load_address>0xc0008620</load_address>
         <run_address>0xc0008620</run_address>
         <size>0x20</size>
         <input_file_ref idref="fl-96"/>
      </object_component>
      <object_component id="oc-102">
         <name>.text:_outs</name>
         <load_address>0xc0008640</load_address>
         <run_address>0xc0008640</run_address>
         <size>0x20</size>
         <input_file_ref idref="fl-96"/>
      </object_component>
      <object_component id="oc-1c">
         <name>.text:decompress:none:__TI_decompress_none</name>
         <load_address>0xc0008660</load_address>
         <run_address>0xc0008660</run_address>
         <size>0x20</size>
         <input_file_ref idref="fl-8d"/>
      </object_component>
      <object_component id="oc-24">
         <name>.text:decompress:rle24:__TI_decompress_rle24</name>
         <load_address>0xc0008680</load_address>
         <run_address>0xc0008680</run_address>
         <size>0x20</size>
         <input_file_ref idref="fl-8e"/>
      </object_component>
      <object_component id="oc-14">
         <name>.text:_c_int00</name>
         <load_address>0xc000b000</load_address>
         <run_address>0xc000b000</run_address>
         <size>0x80</size>
         <input_file_ref idref="fl-8c"/>
      </object_component>
      <object_component id="oc-61">
         <name>.far</name>
         <load_address>0xc000a6a0</load_address>
         <run_address>0xc000a6a0</run_address>
         <size>0x240</size>
         <input_file_ref idref="fl-be"/>
      </object_component>
      <object_component id="oc-27d">
         <name>.far</name>
         <load_address>0xc000a8e0</load_address>
         <run_address>0xc000a8e0</run_address>
         <size>0x140</size>
         <input_file_ref idref="fl-9f"/>
      </object_component>
      <object_component id="oc-281">
         <name>.far</name>
         <load_address>0xc000aa20</load_address>
         <run_address>0xc000aa20</run_address>
         <size>0x8</size>
         <input_file_ref idref="fl-ae"/>
      </object_component>
      <object_component id="oc-7c">
         <name>.fardata</name>
         <load_address>0xc000ad20</load_address>
         <run_address>0xc000ad20</run_address>
         <size>0xc</size>
         <input_file_ref idref="fl-5"/>
      </object_component>
      <object_component id="oc-e9">
         <name>.fardata</name>
         <load_address>0xc000ad38</load_address>
         <run_address>0xc000ad38</run_address>
         <size>0x8</size>
         <input_file_ref idref="fl-97"/>
      </object_component>
      <object_component id="oc-eb">
         <name>.fardata</name>
         <load_address>0xc000ad2c</load_address>
         <run_address>0xc000ad2c</run_address>
         <size>0xc</size>
         <input_file_ref idref="fl-94"/>
      </object_component>
      <object_component id="oc-100">
         <name>.fardata:_ftable</name>
         <load_address>0xc000aa28</load_address>
         <run_address>0xc000aa28</run_address>
         <size>0x1e0</size>
         <input_file_ref idref="fl-9f"/>
      </object_component>
      <object_component id="oc-195">
         <name>.fardata:_stream</name>
         <load_address>0xc000ac08</load_address>
         <run_address>0xc000ac08</run_address>
         <size>0xa0</size>
         <input_file_ref idref="fl-a8"/>
      </object_component>
      <object_component id="oc-1dc">
         <name>.fardata:_device</name>
         <load_address>0xc000aca8</load_address>
         <run_address>0xc000aca8</run_address>
         <size>0x78</size>
         <input_file_ref idref="fl-a8"/>
      </object_component>
      <object_component id="oc-226">
         <name>.fardata</name>
         <load_address>0xc000ad40</load_address>
         <run_address>0xc000ad40</run_address>
         <size>0x4</size>
         <input_file_ref idref="fl-9f"/>
      </object_component>
      <object_component id="oc-28">
         <name>.stack</name>
         <uninitialized>true</uninitialized>
         <run_address>0xc00086a0</run_address>
         <size>0x8</size>
         <input_file_ref idref="fl-8c"/>
      </object_component>
      <object_component id="oc-2f4">
         <name>.stack</name>
         <uninitialized>true</uninitialized>
         <run_address>0xc00086a0</run_address>
         <size>0x0</size>
      </object_component>
      <object_component id="oc-2a">
         <name>.sysmem</name>
         <uninitialized>true</uninitialized>
         <run_address>0xc00096a0</run_address>
         <size>0x8</size>
         <input_file_ref idref="fl-94"/>
      </object_component>
      <object_component id="oc-2f5">
         <name>.sysmem</name>
         <uninitialized>true</uninitialized>
         <run_address>0xc00096a0</run_address>
         <size>0x0</size>
      </object_component>
      <object_component id="oc-2b8">
         <name>.cio</name>
         <uninitialized>true</uninitialized>
         <run_address>0xc000ae88</run_address>
         <size>0x120</size>
         <input_file_ref idref="fl-af"/>
      </object_component>
      <object_component id="oc-15">
         <name>.debug_info</name>
         <load_address>0x0</load_address>
         <run_address>0x0</run_address>
         <size>0x110</size>
         <input_file_ref idref="fl-8c"/>
      </object_component>
      <object_component id="oc-19">
         <name>.debug_info</name>
         <load_address>0x110</load_address>
         <run_address>0x110</run_address>
         <size>0x1a3</size>
         <input_file_ref idref="fl-c0"/>
      </object_component>
      <object_component id="oc-1d">
         <name>.debug_info</name>
         <load_address>0x2b3</load_address>
         <run_address>0x2b3</run_address>
         <size>0x14f</size>
         <input_file_ref idref="fl-8d"/>
      </object_component>
      <object_component id="oc-25">
         <name>.debug_info</name>
         <load_address>0x402</load_address>
         <run_address>0x402</run_address>
         <size>0x16c</size>
         <input_file_ref idref="fl-8e"/>
      </object_component>
      <object_component id="oc-29">
         <name>.debug_info</name>
         <load_address>0x56e</load_address>
         <run_address>0x56e</run_address>
         <size>0xa7</size>
         <input_file_ref idref="fl-8c"/>
      </object_component>
      <object_component id="oc-2b">
         <name>.debug_info</name>
         <load_address>0x615</load_address>
         <run_address>0x615</run_address>
         <size>0xb3</size>
         <input_file_ref idref="fl-94"/>
      </object_component>
      <object_component id="oc-2d">
         <name>.debug_info</name>
         <load_address>0x6c8</load_address>
         <run_address>0x6c8</run_address>
         <size>0x1090</size>
         <input_file_ref idref="fl-be"/>
      </object_component>
      <object_component id="oc-32">
         <name>.debug_info</name>
         <load_address>0x1758</load_address>
         <run_address>0x1758</run_address>
         <size>0x190</size>
         <input_file_ref idref="fl-9b"/>
      </object_component>
      <object_component id="oc-36">
         <name>.debug_info</name>
         <load_address>0x18e8</load_address>
         <run_address>0x18e8</run_address>
         <size>0xf6</size>
         <input_file_ref idref="fl-99"/>
      </object_component>
      <object_component id="oc-3a">
         <name>.debug_info</name>
         <load_address>0x19de</load_address>
         <run_address>0x19de</run_address>
         <size>0x201</size>
         <input_file_ref idref="fl-5"/>
      </object_component>
      <object_component id="oc-41">
         <name>.debug_info</name>
         <load_address>0x1bdf</load_address>
         <run_address>0x1bdf</run_address>
         <size>0xd6</size>
         <input_file_ref idref="fl-93"/>
      </object_component>
      <object_component id="oc-45">
         <name>.debug_info</name>
         <load_address>0x1cb5</load_address>
         <run_address>0x1cb5</run_address>
         <size>0x53</size>
         <input_file_ref idref="fl-8d"/>
      </object_component>
      <object_component id="oc-51">
         <name>.debug_info</name>
         <load_address>0x1d08</load_address>
         <run_address>0x1d08</run_address>
         <size>0x2f2</size>
         <input_file_ref idref="fl-8e"/>
      </object_component>
      <object_component id="oc-55">
         <name>.debug_info</name>
         <load_address>0x1ffa</load_address>
         <run_address>0x1ffa</run_address>
         <size>0x1d7</size>
         <input_file_ref idref="fl-8e"/>
      </object_component>
      <object_component id="oc-56">
         <name>.debug_info</name>
         <load_address>0x21d1</load_address>
         <run_address>0x21d1</run_address>
         <size>0x46</size>
         <input_file_ref idref="fl-8e"/>
      </object_component>
      <object_component id="oc-5d">
         <name>.debug_info</name>
         <load_address>0x2217</load_address>
         <run_address>0x2217</run_address>
         <size>0xfc</size>
         <input_file_ref idref="fl-8c"/>
      </object_component>
      <object_component id="oc-60">
         <name>.debug_info</name>
         <load_address>0x2313</load_address>
         <run_address>0x2313</run_address>
         <size>0x16a</size>
         <input_file_ref idref="fl-94"/>
      </object_component>
      <object_component id="oc-62">
         <name>.debug_info</name>
         <load_address>0x247d</load_address>
         <run_address>0x247d</run_address>
         <size>0x17a</size>
         <input_file_ref idref="fl-be"/>
      </object_component>
      <object_component id="oc-65">
         <name>.debug_info</name>
         <load_address>0x25f7</load_address>
         <run_address>0x25f7</run_address>
         <size>0x18e</size>
         <input_file_ref idref="fl-9d"/>
      </object_component>
      <object_component id="oc-69">
         <name>.debug_info</name>
         <load_address>0x2785</load_address>
         <run_address>0x2785</run_address>
         <size>0x164</size>
         <input_file_ref idref="fl-ac"/>
      </object_component>
      <object_component id="oc-6d">
         <name>.debug_info</name>
         <load_address>0x28e9</load_address>
         <run_address>0x28e9</run_address>
         <size>0x15f</size>
         <input_file_ref idref="fl-9c"/>
      </object_component>
      <object_component id="oc-72">
         <name>.debug_info</name>
         <load_address>0x2a48</load_address>
         <run_address>0x2a48</run_address>
         <size>0x568</size>
         <input_file_ref idref="fl-2"/>
      </object_component>
      <object_component id="oc-77">
         <name>.debug_info</name>
         <load_address>0x2fb0</load_address>
         <run_address>0x2fb0</run_address>
         <size>0x94</size>
         <input_file_ref idref="fl-8c"/>
      </object_component>
      <object_component id="oc-7d">
         <name>.debug_info</name>
         <load_address>0x3044</load_address>
         <run_address>0x3044</run_address>
         <size>0x153</size>
         <input_file_ref idref="fl-5"/>
      </object_component>
      <object_component id="oc-7f">
         <name>.debug_info</name>
         <load_address>0x3197</load_address>
         <run_address>0x3197</run_address>
         <size>0x8d</size>
         <input_file_ref idref="fl-5"/>
      </object_component>
      <object_component id="oc-84">
         <name>.debug_info</name>
         <load_address>0x3224</load_address>
         <run_address>0x3224</run_address>
         <size>0x39</size>
         <input_file_ref idref="fl-5"/>
      </object_component>
      <object_component id="oc-8a">
         <name>.debug_info</name>
         <load_address>0x325d</load_address>
         <run_address>0x325d</run_address>
         <size>0x46</size>
         <input_file_ref idref="fl-8d"/>
      </object_component>
      <object_component id="oc-8f">
         <name>.debug_info</name>
         <load_address>0x32a3</load_address>
         <run_address>0x32a3</run_address>
         <size>0xe5</size>
         <input_file_ref idref="fl-8d"/>
      </object_component>
      <object_component id="oc-90">
         <name>.debug_info</name>
         <load_address>0x3388</load_address>
         <run_address>0x3388</run_address>
         <size>0x2c</size>
         <input_file_ref idref="fl-8e"/>
      </object_component>
      <object_component id="oc-9d">
         <name>.debug_info</name>
         <load_address>0x33b4</load_address>
         <run_address>0x33b4</run_address>
         <size>0x110</size>
         <input_file_ref idref="fl-94"/>
      </object_component>
      <object_component id="oc-a2">
         <name>.debug_info</name>
         <load_address>0x34c4</load_address>
         <run_address>0x34c4</run_address>
         <size>0x70</size>
         <input_file_ref idref="fl-94"/>
      </object_component>
      <object_component id="oc-a9">
         <name>.debug_info</name>
         <load_address>0x3534</load_address>
         <run_address>0x3534</run_address>
         <size>0x231</size>
         <input_file_ref idref="fl-be"/>
      </object_component>
      <object_component id="oc-ab">
         <name>.debug_info</name>
         <load_address>0x3765</load_address>
         <run_address>0x3765</run_address>
         <size>0x140</size>
         <input_file_ref idref="fl-9d"/>
      </object_component>
      <object_component id="oc-ad">
         <name>.debug_info</name>
         <load_address>0x38a5</load_address>
         <run_address>0x38a5</run_address>
         <size>0x253</size>
         <input_file_ref idref="fl-ac"/>
      </object_component>
      <object_component id="oc-b0">
         <name>.debug_info</name>
         <load_address>0x3af8</load_address>
         <run_address>0x3af8</run_address>
         <size>0x196</size>
         <input_file_ref idref="fl-94"/>
      </object_component>
      <object_component id="oc-b4">
         <name>.debug_info</name>
         <load_address>0x3c8e</load_address>
         <run_address>0x3c8e</run_address>
         <size>0xbee</size>
         <input_file_ref idref="fl-6"/>
      </object_component>
      <object_component id="oc-b9">
         <name>.debug_info</name>
         <load_address>0x487c</load_address>
         <run_address>0x487c</run_address>
         <size>0x127</size>
         <input_file_ref idref="fl-96"/>
      </object_component>
      <object_component id="oc-bd">
         <name>.debug_info</name>
         <load_address>0x49a3</load_address>
         <run_address>0x49a3</run_address>
         <size>0x1f9</size>
         <input_file_ref idref="fl-94"/>
      </object_component>
      <object_component id="oc-c2">
         <name>.debug_info</name>
         <load_address>0x4b9c</load_address>
         <run_address>0x4b9c</run_address>
         <size>0x94</size>
         <input_file_ref idref="fl-2"/>
      </object_component>
      <object_component id="oc-c7">
         <name>.debug_info</name>
         <load_address>0x4c30</load_address>
         <run_address>0x4c30</run_address>
         <size>0x1ac</size>
         <input_file_ref idref="fl-2"/>
      </object_component>
      <object_component id="oc-ca">
         <name>.debug_info</name>
         <load_address>0x4ddc</load_address>
         <run_address>0x4ddc</run_address>
         <size>0x157</size>
         <input_file_ref idref="fl-5"/>
      </object_component>
      <object_component id="oc-cb">
         <name>.debug_info</name>
         <load_address>0x4f33</load_address>
         <run_address>0x4f33</run_address>
         <size>0x8d</size>
         <input_file_ref idref="fl-8d"/>
      </object_component>
      <object_component id="oc-d6">
         <name>.debug_info</name>
         <load_address>0x4fc0</load_address>
         <run_address>0x4fc0</run_address>
         <size>0x8d</size>
         <input_file_ref idref="fl-be"/>
      </object_component>
      <object_component id="oc-db">
         <name>.debug_info</name>
         <load_address>0x504d</load_address>
         <run_address>0x504d</run_address>
         <size>0x2c</size>
         <input_file_ref idref="fl-be"/>
      </object_component>
      <object_component id="oc-e2">
         <name>.debug_info</name>
         <load_address>0x5079</load_address>
         <run_address>0x5079</run_address>
         <size>0xcd</size>
         <input_file_ref idref="fl-9d"/>
      </object_component>
      <object_component id="oc-ea">
         <name>.debug_info</name>
         <load_address>0x5146</load_address>
         <run_address>0x5146</run_address>
         <size>0xc5</size>
         <input_file_ref idref="fl-97"/>
      </object_component>
      <object_component id="oc-ec">
         <name>.debug_info</name>
         <load_address>0x520b</load_address>
         <run_address>0x520b</run_address>
         <size>0xfe</size>
         <input_file_ref idref="fl-94"/>
      </object_component>
      <object_component id="oc-ee">
         <name>.debug_info</name>
         <load_address>0x5309</load_address>
         <run_address>0x5309</run_address>
         <size>0xf0</size>
         <input_file_ref idref="fl-94"/>
      </object_component>
      <object_component id="oc-f2">
         <name>.debug_info</name>
         <load_address>0x53f9</load_address>
         <run_address>0x53f9</run_address>
         <size>0x140</size>
         <input_file_ref idref="fl-94"/>
      </object_component>
      <object_component id="oc-f6">
         <name>.debug_info</name>
         <load_address>0x5539</load_address>
         <run_address>0x5539</run_address>
         <size>0x140</size>
         <input_file_ref idref="fl-94"/>
      </object_component>
      <object_component id="oc-fb">
         <name>.debug_info</name>
         <load_address>0x5679</load_address>
         <run_address>0x5679</run_address>
         <size>0xc9</size>
         <input_file_ref idref="fl-90"/>
      </object_component>
      <object_component id="oc-ff">
         <name>.debug_info</name>
         <load_address>0x5742</load_address>
         <run_address>0x5742</run_address>
         <size>0xd3</size>
         <input_file_ref idref="fl-6"/>
      </object_component>
      <object_component id="oc-101">
         <name>.debug_info</name>
         <load_address>0x5815</load_address>
         <run_address>0x5815</run_address>
         <size>0xa9</size>
         <input_file_ref idref="fl-9f"/>
      </object_component>
      <object_component id="oc-103">
         <name>.debug_info</name>
         <load_address>0x58be</load_address>
         <run_address>0x58be</run_address>
         <size>0x10b</size>
         <input_file_ref idref="fl-96"/>
      </object_component>
      <object_component id="oc-107">
         <name>.debug_info</name>
         <load_address>0x59c9</load_address>
         <run_address>0x59c9</run_address>
         <size>0xfc</size>
         <input_file_ref idref="fl-96"/>
      </object_component>
      <object_component id="oc-10b">
         <name>.debug_info</name>
         <load_address>0x5ac5</load_address>
         <run_address>0x5ac5</run_address>
         <size>0x418</size>
         <input_file_ref idref="fl-98"/>
      </object_component>
      <object_component id="oc-10f">
         <name>.debug_info</name>
         <load_address>0x5edd</load_address>
         <run_address>0x5edd</run_address>
         <size>0x1e3</size>
         <input_file_ref idref="fl-96"/>
      </object_component>
      <object_component id="oc-113">
         <name>.debug_info</name>
         <load_address>0x60c0</load_address>
         <run_address>0x60c0</run_address>
         <size>0x110</size>
         <input_file_ref idref="fl-2"/>
      </object_component>
      <object_component id="oc-11b">
         <name>.debug_info</name>
         <load_address>0x61d0</load_address>
         <run_address>0x61d0</run_address>
         <size>0xd9</size>
         <input_file_ref idref="fl-97"/>
      </object_component>
      <object_component id="oc-120">
         <name>.debug_info</name>
         <load_address>0x62a9</load_address>
         <run_address>0x62a9</run_address>
         <size>0x99</size>
         <input_file_ref idref="fl-97"/>
      </object_component>
      <object_component id="oc-12b">
         <name>.debug_info</name>
         <load_address>0x6342</load_address>
         <run_address>0x6342</run_address>
         <size>0xca</size>
         <input_file_ref idref="fl-9f"/>
      </object_component>
      <object_component id="oc-12d">
         <name>.debug_info</name>
         <load_address>0x640c</load_address>
         <run_address>0x640c</run_address>
         <size>0x3e4</size>
         <input_file_ref idref="fl-a2"/>
      </object_component>
      <object_component id="oc-132">
         <name>.debug_info</name>
         <load_address>0x67f0</load_address>
         <run_address>0x67f0</run_address>
         <size>0x182</size>
         <input_file_ref idref="fl-a1"/>
      </object_component>
      <object_component id="oc-137">
         <name>.debug_info</name>
         <load_address>0x6972</load_address>
         <run_address>0x6972</run_address>
         <size>0x1f5</size>
         <input_file_ref idref="fl-98"/>
      </object_component>
      <object_component id="oc-13b">
         <name>.debug_info</name>
         <load_address>0x6b67</load_address>
         <run_address>0x6b67</run_address>
         <size>0x20b</size>
         <input_file_ref idref="fl-98"/>
      </object_component>
      <object_component id="oc-13f">
         <name>.debug_info</name>
         <load_address>0x6d72</load_address>
         <run_address>0x6d72</run_address>
         <size>0x224</size>
         <input_file_ref idref="fl-98"/>
      </object_component>
      <object_component id="oc-143">
         <name>.debug_info</name>
         <load_address>0x6f96</load_address>
         <run_address>0x6f96</run_address>
         <size>0x37b</size>
         <input_file_ref idref="fl-98"/>
      </object_component>
      <object_component id="oc-147">
         <name>.debug_info</name>
         <load_address>0x7311</load_address>
         <run_address>0x7311</run_address>
         <size>0x211</size>
         <input_file_ref idref="fl-98"/>
      </object_component>
      <object_component id="oc-148">
         <name>.debug_info</name>
         <load_address>0x7522</load_address>
         <run_address>0x7522</run_address>
         <size>0x2c</size>
         <input_file_ref idref="fl-96"/>
      </object_component>
      <object_component id="oc-14f">
         <name>.debug_info</name>
         <load_address>0x754e</load_address>
         <run_address>0x754e</run_address>
         <size>0xc8</size>
         <input_file_ref idref="fl-96"/>
      </object_component>
      <object_component id="oc-15a">
         <name>.debug_info</name>
         <load_address>0x7616</load_address>
         <run_address>0x7616</run_address>
         <size>0x115</size>
         <input_file_ref idref="fl-b0"/>
      </object_component>
      <object_component id="oc-15e">
         <name>.debug_info</name>
         <load_address>0x772b</load_address>
         <run_address>0x772b</run_address>
         <size>0x103</size>
         <input_file_ref idref="fl-b2"/>
      </object_component>
      <object_component id="oc-162">
         <name>.debug_info</name>
         <load_address>0x782e</load_address>
         <run_address>0x782e</run_address>
         <size>0x133</size>
         <input_file_ref idref="fl-a8"/>
      </object_component>
      <object_component id="oc-166">
         <name>.debug_info</name>
         <load_address>0x7961</load_address>
         <run_address>0x7961</run_address>
         <size>0x1ba</size>
         <input_file_ref idref="fl-a2"/>
      </object_component>
      <object_component id="oc-168">
         <name>.debug_info</name>
         <load_address>0x7b1b</load_address>
         <run_address>0x7b1b</run_address>
         <size>0x183</size>
         <input_file_ref idref="fl-a1"/>
      </object_component>
      <object_component id="oc-16b">
         <name>.debug_info</name>
         <load_address>0x7c9e</load_address>
         <run_address>0x7c9e</run_address>
         <size>0x163</size>
         <input_file_ref idref="fl-95"/>
      </object_component>
      <object_component id="oc-16f">
         <name>.debug_info</name>
         <load_address>0x7e01</load_address>
         <run_address>0x7e01</run_address>
         <size>0x17f</size>
         <input_file_ref idref="fl-9a"/>
      </object_component>
      <object_component id="oc-174">
         <name>.debug_info</name>
         <load_address>0x7f80</load_address>
         <run_address>0x7f80</run_address>
         <size>0x1c8</size>
         <input_file_ref idref="fl-98"/>
      </object_component>
      <object_component id="oc-178">
         <name>.debug_info</name>
         <load_address>0x8148</load_address>
         <run_address>0x8148</run_address>
         <size>0x1fe</size>
         <input_file_ref idref="fl-98"/>
      </object_component>
      <object_component id="oc-17c">
         <name>.debug_info</name>
         <load_address>0x8346</load_address>
         <run_address>0x8346</run_address>
         <size>0x17d</size>
         <input_file_ref idref="fl-aa"/>
      </object_component>
      <object_component id="oc-184">
         <name>.debug_info</name>
         <load_address>0x84c3</load_address>
         <run_address>0x84c3</run_address>
         <size>0x101</size>
         <input_file_ref idref="fl-98"/>
      </object_component>
      <object_component id="oc-18a">
         <name>.debug_info</name>
         <load_address>0x85c4</load_address>
         <run_address>0x85c4</run_address>
         <size>0x161</size>
         <input_file_ref idref="fl-b3"/>
      </object_component>
      <object_component id="oc-18e">
         <name>.debug_info</name>
         <load_address>0x8725</load_address>
         <run_address>0x8725</run_address>
         <size>0x16f</size>
         <input_file_ref idref="fl-b4"/>
      </object_component>
      <object_component id="oc-192">
         <name>.debug_info</name>
         <load_address>0x8894</load_address>
         <run_address>0x8894</run_address>
         <size>0x103</size>
         <input_file_ref idref="fl-b0"/>
      </object_component>
      <object_component id="oc-194">
         <name>.debug_info</name>
         <load_address>0x8997</load_address>
         <run_address>0x8997</run_address>
         <size>0x154</size>
         <input_file_ref idref="fl-b2"/>
      </object_component>
      <object_component id="oc-196">
         <name>.debug_info</name>
         <load_address>0x8aeb</load_address>
         <run_address>0x8aeb</run_address>
         <size>0xaa</size>
         <input_file_ref idref="fl-a8"/>
      </object_component>
      <object_component id="oc-198">
         <name>.debug_info</name>
         <load_address>0x8b95</load_address>
         <run_address>0x8b95</run_address>
         <size>0x323</size>
         <input_file_ref idref="fl-a8"/>
      </object_component>
      <object_component id="oc-19b">
         <name>.debug_info</name>
         <load_address>0x8eb8</load_address>
         <run_address>0x8eb8</run_address>
         <size>0xbb</size>
         <input_file_ref idref="fl-a2"/>
      </object_component>
      <object_component id="oc-1a3">
         <name>.debug_info</name>
         <load_address>0x8f73</load_address>
         <run_address>0x8f73</run_address>
         <size>0x1ab</size>
         <input_file_ref idref="fl-95"/>
      </object_component>
      <object_component id="oc-1a5">
         <name>.debug_info</name>
         <load_address>0x911e</load_address>
         <run_address>0x911e</run_address>
         <size>0xac</size>
         <input_file_ref idref="fl-9e"/>
      </object_component>
      <object_component id="oc-1a7">
         <name>.debug_info</name>
         <load_address>0x91ca</load_address>
         <run_address>0x91ca</run_address>
         <size>0xf6</size>
         <input_file_ref idref="fl-9a"/>
      </object_component>
      <object_component id="oc-1a9">
         <name>.debug_info</name>
         <load_address>0x92c0</load_address>
         <run_address>0x92c0</run_address>
         <size>0x12f</size>
         <input_file_ref idref="fl-98"/>
      </object_component>
      <object_component id="oc-1ad">
         <name>.debug_info</name>
         <load_address>0x93ef</load_address>
         <run_address>0x93ef</run_address>
         <size>0xfc</size>
         <input_file_ref idref="fl-a6"/>
      </object_component>
      <object_component id="oc-1b1">
         <name>.debug_info</name>
         <load_address>0x94eb</load_address>
         <run_address>0x94eb</run_address>
         <size>0x209</size>
         <input_file_ref idref="fl-98"/>
      </object_component>
      <object_component id="oc-1b5">
         <name>.debug_info</name>
         <load_address>0x96f4</load_address>
         <run_address>0x96f4</run_address>
         <size>0x146</size>
         <input_file_ref idref="fl-98"/>
      </object_component>
      <object_component id="oc-1b9">
         <name>.debug_info</name>
         <load_address>0x983a</load_address>
         <run_address>0x983a</run_address>
         <size>0x321</size>
         <input_file_ref idref="fl-98"/>
      </object_component>
      <object_component id="oc-1be">
         <name>.debug_info</name>
         <load_address>0x9b5b</load_address>
         <run_address>0x9b5b</run_address>
         <size>0x16e</size>
         <input_file_ref idref="fl-98"/>
      </object_component>
      <object_component id="oc-1c2">
         <name>.debug_info</name>
         <load_address>0x9cc9</load_address>
         <run_address>0x9cc9</run_address>
         <size>0xf3</size>
         <input_file_ref idref="fl-ab"/>
      </object_component>
      <object_component id="oc-1c6">
         <name>.debug_info</name>
         <load_address>0x9dbc</load_address>
         <run_address>0x9dbc</run_address>
         <size>0x211</size>
         <input_file_ref idref="fl-98"/>
      </object_component>
      <object_component id="oc-1cb">
         <name>.debug_info</name>
         <load_address>0x9fcd</load_address>
         <run_address>0x9fcd</run_address>
         <size>0xd2</size>
         <input_file_ref idref="fl-aa"/>
      </object_component>
      <object_component id="oc-1cd">
         <name>.debug_info</name>
         <load_address>0xa09f</load_address>
         <run_address>0xa09f</run_address>
         <size>0x139</size>
         <input_file_ref idref="fl-a8"/>
      </object_component>
      <object_component id="oc-1d1">
         <name>.debug_info</name>
         <load_address>0xa1d8</load_address>
         <run_address>0xa1d8</run_address>
         <size>0x12b</size>
         <input_file_ref idref="fl-b3"/>
      </object_component>
      <object_component id="oc-1d3">
         <name>.debug_info</name>
         <load_address>0xa303</load_address>
         <run_address>0xa303</run_address>
         <size>0x171</size>
         <input_file_ref idref="fl-b5"/>
      </object_component>
      <object_component id="oc-1d7">
         <name>.debug_info</name>
         <load_address>0xa474</load_address>
         <run_address>0xa474</run_address>
         <size>0x183</size>
         <input_file_ref idref="fl-b4"/>
      </object_component>
      <object_component id="oc-1dd">
         <name>.debug_info</name>
         <load_address>0xa5f7</load_address>
         <run_address>0xa5f7</run_address>
         <size>0xaa</size>
         <input_file_ref idref="fl-a8"/>
      </object_component>
      <object_component id="oc-1e2">
         <name>.debug_info</name>
         <load_address>0xa6a1</load_address>
         <run_address>0xa6a1</run_address>
         <size>0x12e</size>
         <input_file_ref idref="fl-a8"/>
      </object_component>
      <object_component id="oc-1e7">
         <name>.debug_info</name>
         <load_address>0xa7cf</load_address>
         <run_address>0xa7cf</run_address>
         <size>0x2c</size>
         <input_file_ref idref="fl-a1"/>
      </object_component>
      <object_component id="oc-1f0">
         <name>.debug_info</name>
         <load_address>0xa7fb</load_address>
         <run_address>0xa7fb</run_address>
         <size>0xa6</size>
         <input_file_ref idref="fl-9e"/>
      </object_component>
      <object_component id="oc-1f6">
         <name>.debug_info</name>
         <load_address>0xa8a1</load_address>
         <run_address>0xa8a1</run_address>
         <size>0x2dc</size>
         <input_file_ref idref="fl-98"/>
      </object_component>
      <object_component id="oc-1fa">
         <name>.debug_info</name>
         <load_address>0xab7d</load_address>
         <run_address>0xab7d</run_address>
         <size>0x12d</size>
         <input_file_ref idref="fl-98"/>
      </object_component>
      <object_component id="oc-1fe">
         <name>.debug_info</name>
         <load_address>0xacaa</load_address>
         <run_address>0xacaa</run_address>
         <size>0x38b</size>
         <input_file_ref idref="fl-98"/>
      </object_component>
      <object_component id="oc-203">
         <name>.debug_info</name>
         <load_address>0xb035</load_address>
         <run_address>0xb035</run_address>
         <size>0x2e5</size>
         <input_file_ref idref="fl-98"/>
      </object_component>
      <object_component id="oc-207">
         <name>.debug_info</name>
         <load_address>0xb31a</load_address>
         <run_address>0xb31a</run_address>
         <size>0x1fe</size>
         <input_file_ref idref="fl-98"/>
      </object_component>
      <object_component id="oc-20c">
         <name>.debug_info</name>
         <load_address>0xb518</load_address>
         <run_address>0xb518</run_address>
         <size>0x199</size>
         <input_file_ref idref="fl-a0"/>
      </object_component>
      <object_component id="oc-211">
         <name>.debug_info</name>
         <load_address>0xb6b1</load_address>
         <run_address>0xb6b1</run_address>
         <size>0x7e</size>
         <input_file_ref idref="fl-98"/>
      </object_component>
      <object_component id="oc-217">
         <name>.debug_info</name>
         <load_address>0xb72f</load_address>
         <run_address>0xb72f</run_address>
         <size>0x88</size>
         <input_file_ref idref="fl-ab"/>
      </object_component>
      <object_component id="oc-21d">
         <name>.debug_info</name>
         <load_address>0xb7b7</load_address>
         <run_address>0xb7b7</run_address>
         <size>0x131</size>
         <input_file_ref idref="fl-98"/>
      </object_component>
      <object_component id="oc-227">
         <name>.debug_info</name>
         <load_address>0xb8e8</load_address>
         <run_address>0xb8e8</run_address>
         <size>0xa9</size>
         <input_file_ref idref="fl-9f"/>
      </object_component>
      <object_component id="oc-229">
         <name>.debug_info</name>
         <load_address>0xb991</load_address>
         <run_address>0xb991</run_address>
         <size>0x146</size>
         <input_file_ref idref="fl-b6"/>
      </object_component>
      <object_component id="oc-230">
         <name>.debug_info</name>
         <load_address>0xbad7</load_address>
         <run_address>0xbad7</run_address>
         <size>0x1b5</size>
         <input_file_ref idref="fl-ae"/>
      </object_component>
      <object_component id="oc-234">
         <name>.debug_info</name>
         <load_address>0xbc8c</load_address>
         <run_address>0xbc8c</run_address>
         <size>0x12a</size>
         <input_file_ref idref="fl-ae"/>
      </object_component>
      <object_component id="oc-238">
         <name>.debug_info</name>
         <load_address>0xbdb6</load_address>
         <run_address>0xbdb6</run_address>
         <size>0x14a</size>
         <input_file_ref idref="fl-ae"/>
      </object_component>
      <object_component id="oc-23c">
         <name>.debug_info</name>
         <load_address>0xbf00</load_address>
         <run_address>0xbf00</run_address>
         <size>0x14c</size>
         <input_file_ref idref="fl-ae"/>
      </object_component>
      <object_component id="oc-240">
         <name>.debug_info</name>
         <load_address>0xc04c</load_address>
         <run_address>0xc04c</run_address>
         <size>0x154</size>
         <input_file_ref idref="fl-ae"/>
      </object_component>
      <object_component id="oc-244">
         <name>.debug_info</name>
         <load_address>0xc1a0</load_address>
         <run_address>0xc1a0</run_address>
         <size>0x191</size>
         <input_file_ref idref="fl-ae"/>
      </object_component>
      <object_component id="oc-248">
         <name>.debug_info</name>
         <load_address>0xc331</load_address>
         <run_address>0xc331</run_address>
         <size>0x2db</size>
         <input_file_ref idref="fl-ae"/>
      </object_component>
      <object_component id="oc-250">
         <name>.debug_info</name>
         <load_address>0xc60c</load_address>
         <run_address>0xc60c</run_address>
         <size>0x157</size>
         <input_file_ref idref="fl-a9"/>
      </object_component>
      <object_component id="oc-259">
         <name>.debug_info</name>
         <load_address>0xc763</load_address>
         <run_address>0xc763</run_address>
         <size>0x11b</size>
         <input_file_ref idref="fl-a7"/>
      </object_component>
      <object_component id="oc-25d">
         <name>.debug_info</name>
         <load_address>0xc87e</load_address>
         <run_address>0xc87e</run_address>
         <size>0x125</size>
         <input_file_ref idref="fl-a3"/>
      </object_component>
      <object_component id="oc-261">
         <name>.debug_info</name>
         <load_address>0xc9a3</load_address>
         <run_address>0xc9a3</run_address>
         <size>0x1d9</size>
         <input_file_ref idref="fl-8c"/>
      </object_component>
      <object_component id="oc-267">
         <name>.debug_info</name>
         <load_address>0xcb7c</load_address>
         <run_address>0xcb7c</run_address>
         <size>0xc9</size>
         <input_file_ref idref="fl-91"/>
      </object_component>
      <object_component id="oc-26b">
         <name>.debug_info</name>
         <load_address>0xcc45</load_address>
         <run_address>0xcc45</run_address>
         <size>0x163</size>
         <input_file_ref idref="fl-a4"/>
      </object_component>
      <object_component id="oc-26f">
         <name>.debug_info</name>
         <load_address>0xcda8</load_address>
         <run_address>0xcda8</run_address>
         <size>0x1e8</size>
         <input_file_ref idref="fl-a5"/>
      </object_component>
      <object_component id="oc-276">
         <name>.debug_info</name>
         <load_address>0xcf90</load_address>
         <run_address>0xcf90</run_address>
         <size>0x11c</size>
         <input_file_ref idref="fl-a8"/>
      </object_component>
      <object_component id="oc-27a">
         <name>.debug_info</name>
         <load_address>0xd0ac</load_address>
         <run_address>0xd0ac</run_address>
         <size>0x11d</size>
         <input_file_ref idref="fl-a8"/>
      </object_component>
      <object_component id="oc-27e">
         <name>.debug_info</name>
         <load_address>0xd1c9</load_address>
         <run_address>0xd1c9</run_address>
         <size>0xab</size>
         <input_file_ref idref="fl-9f"/>
      </object_component>
      <object_component id="oc-280">
         <name>.debug_info</name>
         <load_address>0xd274</load_address>
         <run_address>0xd274</run_address>
         <size>0x1d2</size>
         <input_file_ref idref="fl-b6"/>
      </object_component>
      <object_component id="oc-282">
         <name>.debug_info</name>
         <load_address>0xd446</load_address>
         <run_address>0xd446</run_address>
         <size>0xaa</size>
         <input_file_ref idref="fl-ae"/>
      </object_component>
      <object_component id="oc-284">
         <name>.debug_info</name>
         <load_address>0xd4f0</load_address>
         <run_address>0xd4f0</run_address>
         <size>0x1d2</size>
         <input_file_ref idref="fl-af"/>
      </object_component>
      <object_component id="oc-288">
         <name>.debug_info</name>
         <load_address>0xd6c2</load_address>
         <run_address>0xd6c2</run_address>
         <size>0x1a5</size>
         <input_file_ref idref="fl-af"/>
      </object_component>
      <object_component id="oc-28c">
         <name>.debug_info</name>
         <load_address>0xd867</load_address>
         <run_address>0xd867</run_address>
         <size>0x15e</size>
         <input_file_ref idref="fl-ae"/>
      </object_component>
      <object_component id="oc-294">
         <name>.debug_info</name>
         <load_address>0xd9c5</load_address>
         <run_address>0xd9c5</run_address>
         <size>0xe6</size>
         <input_file_ref idref="fl-a9"/>
      </object_component>
      <object_component id="oc-296">
         <name>.debug_info</name>
         <load_address>0xdaab</load_address>
         <run_address>0xdaab</run_address>
         <size>0x46</size>
         <input_file_ref idref="fl-a7"/>
      </object_component>
      <object_component id="oc-29c">
         <name>.debug_info</name>
         <load_address>0xdaf1</load_address>
         <run_address>0xdaf1</run_address>
         <size>0x7f</size>
         <input_file_ref idref="fl-a0"/>
      </object_component>
      <object_component id="oc-2a4">
         <name>.debug_info</name>
         <load_address>0xdb70</load_address>
         <run_address>0xdb70</run_address>
         <size>0x11f</size>
         <input_file_ref idref="fl-a7"/>
      </object_component>
      <object_component id="oc-2a8">
         <name>.debug_info</name>
         <load_address>0xdc8f</load_address>
         <run_address>0xdc8f</run_address>
         <size>0x10d</size>
         <input_file_ref idref="fl-a5"/>
      </object_component>
      <object_component id="oc-2ae">
         <name>.debug_info</name>
         <load_address>0xdd9c</load_address>
         <run_address>0xdd9c</run_address>
         <size>0x254</size>
         <input_file_ref idref="fl-a8"/>
      </object_component>
      <object_component id="oc-2b9">
         <name>.debug_info</name>
         <load_address>0xdff0</load_address>
         <run_address>0xdff0</run_address>
         <size>0xaf</size>
         <input_file_ref idref="fl-af"/>
      </object_component>
      <object_component id="oc-2bb">
         <name>.debug_info</name>
         <load_address>0xe09f</load_address>
         <run_address>0xe09f</run_address>
         <size>0xc9</size>
         <input_file_ref idref="fl-af"/>
      </object_component>
      <object_component id="oc-2c1">
         <name>.debug_info</name>
         <load_address>0xe168</load_address>
         <run_address>0xe168</run_address>
[...]
         <usage_details>
            <allocated_space>
               <start_address>0xc0000000</start_address>
               <size>0x86a0</size>
               <logical_group_ref idref="lg-8"/>
            </allocated_space>
            <allocated_space>
               <start_address>0xc00086a0</start_address>
               <size>0x1000</size>
               <logical_group_ref idref="lg-10"/>
            </allocated_space>
            <allocated_space>
               <start_address>0xc00096a0</start_address>
               <size>0x1000</size>
               <logical_group_ref idref="lg-11"/>
            </allocated_space>
            <allocated_space>
               <start_address>0xc000a6a0</start_address>
               <size>0x388</size>
               <logical_group_ref idref="lg-e"/>
            </allocated_space>
            <allocated_space>
               <start_address>0xc000aa28</start_address>
               <size>0x31c</size>
               <logical_group_ref idref="lg-f"/>
            </allocated_space>
            <available_space>
               <start_address>0xc000ad44</start_address>
               <size>0x4</size>
            </available_space>
            <allocated_space>
               <start_address>0xc000ad48</start_address>
               <size>0x13c</size>
               <logical_group_ref idref="lg-6"/>
            </allocated_space>
            <available_space>
               <start_address>0xc000ae84</start_address>
               <size>0x4</size>
            </available_space>
            <allocated_space>
               <start_address>0xc000ae88</start_address>
               <size>0x120</size>
               <logical_group_ref idref="lg-12"/>
            </allocated_space>
            <available_space>
               <start_address>0xc000afa8</start_address>
               <size>0x58</size>
            </available_space>
            <allocated_space>
               <start_address>0xc000b000</start_address>
               <size>0x80</size>
               <logical_group_ref idref="lg-9"/>
            </allocated_space>
            <allocated_space>
               <start_address>0xc000b080</start_address>
               <size>0x98</size>
               <logical_group_ref idref="lg-2"/>
            </allocated_space>
            <available_space>
               <start_address>0xc000b118</start_address>
               <size>0x7ff4ee8</size>
            </available_space>
         </usage_details>
      </memory_area>
   </placement_map>
   <cptbl_list>
      <cptbl>
         <name>__TI_cinit_table</name>
         <cprec>
            <name>.fardata</name>
            <load_address>0xc000b080</load_address>
            <load_size>0x72</load_size>
            <run_address>0xc000aa28</run_address>
            <run_size>0x31c</run_size>
            <compression>rle</compression>
         </cprec>
         <cprec>
            <name>.far</name>
            <load_address>0xc000b0f4</load_address>
            <load_size>0xb</load_size>
            <run_address>0xc000a6a0</run_address>
            <run_size>0x388</run_size>
            <compression>rle</compression>
         </cprec>
      </cptbl>
   </cptbl_list>
   <handler_table>
      <handler_table_name>__TI_handler_table</handler_table_name>
      <handler>
         <index>0x0</index>
         <name>__TI_decompress_rle24</name>
      </handler>
      <handler>
         <index>0x1</index>
         <name>__TI_decompress_none</name>
      </handler>
   </handler_table>
   <symbol_table>
      <symbol id="sm-1">
         <name>__TI_CINIT_Base</name>
         <value>0xc000b108</value>
      </symbol>
      <symbol id="sm-2">
         <name>__TI_CINIT_Limit</name>
         <value>0xc000b118</value>
      </symbol>
      <symbol id="sm-3">
         <name>__TI_Handler_Table_Base</name>
         <value>0xc000b100</value>
      </symbol>
      <symbol id="sm-4">
         <name>__TI_Handler_Table_Limit</name>
         <value>0xc000b108</value>
      </symbol>
      <symbol id="sm-5">
         <name>binit</name>
         <value>0xffffffff</value>
      </symbol>
      <symbol id="sm-6">
         <name>__binit__</name>
         <value>0xffffffff</value>
      </symbol>
      <symbol id="sm-7">
         <name>__TI_STACK_SIZE</name>
         <value>0x1000</value>
      </symbol>
      <symbol id="sm-8">
         <name>__TI_STACK_END</name>
         <value>0xc00096a0</value>
      </symbol>
      <symbol id="sm-9">
         <name>__TI_SYSMEM_SIZE</name>
         <value>0x1000</value>
      </symbol>
      <symbol id="sm-a">
         <name>__c_args__</name>
         <value>0xffffffff</value>
      </symbol>
      <symbol id="sm-b">
         <name>__TI_pprof_out_hndl</name>
         <value>0xffffffff</value>
      </symbol>
      <symbol id="sm-c">
         <name>__TI_prof_data_start</name>
         <value>0xffffffff</value>
      </symbol>
      <symbol id="sm-d">
         <name>__TI_prof_data_size</name>
         <value>0xffffffff</value>
      </symbol>
      <symbol id="sm-70">
         <name>main</name>
         <value>0xc0002ba0</value>
         <object_component_ref idref="oc-71"/>
      </symbol>
      <symbol id="sm-95">
         <name>C$$EXIT</name>
         <value>0xc0007dcc</value>
         <object_component_ref idref="oc-39"/>
      </symbol>
      <symbol id="sm-96">
         <name>_dtors_ptr</name>
         <value>0xc000ad24</value>
         <object_component_ref idref="oc-7c"/>
      </symbol>
      <symbol id="sm-97">
         <name>abort</name>
         <value>0xc0007dcc</value>
         <object_component_ref idref="oc-39"/>
      </symbol>
      <symbol id="sm-98">
         <name>_cleanup_ptr</name>
         <value>0xc000ad20</value>
         <object_component_ref idref="oc-7c"/>
      </symbol>
      <symbol id="sm-99">
         <name>exit</name>
         <value>0xc0007d40</value>
         <object_component_ref idref="oc-39"/>
      </symbol>
      <symbol id="sm-9a">
         <name>__TI_enable_exit_profile_output</name>
         <value>0xc000ad28</value>
         <object_component_ref idref="oc-7c"/>
      </symbol>
      <symbol id="sm-100">
         <name>conv</name>
         <value>0xc0002600</value>
         <object_component_ref idref="oc-b3"/>
      </symbol>
      <symbol id="sm-101">
         <name>nn_pool</name>
         <value>0xc0002968</value>
         <object_component_ref idref="oc-b3"/>
      </symbol>
      <symbol id="sm-102">
         <name>dense</name>
         <value>0xc0002b64</value>
         <object_component_ref idref="oc-b3"/>
      </symbol>
      <symbol id="sm-123">
         <name>_c_int00</name>
         <value>0xc000b000</value>
         <object_component_ref idref="oc-14"/>
      </symbol>
      <symbol id="sm-124">
         <name>_stack</name>
         <value>0xc00086a0</value>
         <object_component_ref idref="oc-28"/>
      </symbol>
      <symbol id="sm-13d">
         <name>__TI_decompress_none</name>
         <value>0xc0008660</value>
         <object_component_ref idref="oc-1c"/>
      </symbol>
      <symbol id="sm-15e">
         <name>__TI_decompress_rle24</name>
         <value>0xc0008680</value>
         <object_component_ref idref="oc-24"/>
      </symbol>
      <symbol id="sm-167">
         <name>__c6xabi_divi</name>
         <value>0xc0006f00</value>
         <object_component_ref idref="oc-fa"/>
      </symbol>
      <symbol id="sm-168">
         <name>__divi</name>
         <value>0xc0006f00</value>
         <object_component_ref idref="oc-fa"/>
      </symbol>
      <symbol id="sm-170">
         <name>__c6xabi_divu</name>
         <value>0xc0007680</value>
         <object_component_ref idref="oc-266"/>
      </symbol>
      <symbol id="sm-171">
         <name>__divu</name>
         <value>0xc0007680</value>
         <object_component_ref idref="oc-266"/>
      </symbol>
      <symbol id="sm-179">
         <name>memcpy</name>
         <value>0xc0007f20</value>
         <object_component_ref idref="oc-40"/>
      </symbol>
      <symbol id="sm-1cf">
         <name>_sys_memory</name>
         <value>0xc00096a0</value>
         <object_component_ref idref="oc-2a"/>
      </symbol>
      <symbol id="sm-1d0">
         <name>free</name>
         <value>0xc00048a0</value>
         <object_component_ref idref="oc-bc"/>
      </symbol>
      <symbol id="sm-1d1">
         <name>malloc</name>
         <value>0xc00062c0</value>
         <object_component_ref idref="oc-af"/>
      </symbol>
      <symbol id="sm-1d2">
         <name>_minit</name>
         <value>0xc0007c00</value>
         <object_component_ref idref="oc-ed"/>
      </symbol>
      <symbol id="sm-1dd">
         <name>memset</name>
         <value>0xc0007280</value>
         <object_component_ref idref="oc-16a"/>
      </symbol>
      <symbol id="sm-202">
         <name>printf</name>
         <value>0xc0007360</value>
         <object_component_ref idref="oc-b8"/>
      </symbol>
      <symbol id="sm-210">
         <name>_nop</name>
         <value>0xc0008600</value>
         <object_component_ref idref="oc-11a"/>
      </symbol>
      <symbol id="sm-211">
         <name>_lock</name>
         <value>0xc000ad38</value>
         <object_component_ref idref="oc-e9"/>
      </symbol>
      <symbol id="sm-212">
         <name>_unlock</name>
         <value>0xc000ad3c</value>
         <object_component_ref idref="oc-e9"/>
      </symbol>
      <symbol id="sm-358">
         <name>_printfi</name>
         <value>0xc0003100</value>
         <object_component_ref idref="oc-10a"/>
      </symbol>
      <symbol id="sm-35f">
         <name>_args_main</name>
         <value>0xc00085a0</value>
         <object_component_ref idref="oc-35"/>
      </symbol>
      <symbol id="sm-36d">
         <name>atoi</name>
         <value>0xc0006fe0</value>
         <object_component_ref idref="oc-16e"/>
      </symbol>
      <symbol id="sm-379">
         <name>_auto_init_elf</name>
         <value>0xc0006b20</value>
         <object_component_ref idref="oc-31"/>
      </symbol>
      <symbol id="sm-383">
         <name>__TI_cpp_init</name>
         <value>0xc0008320</value>
         <object_component_ref idref="oc-6c"/>
      </symbol>
      <symbol id="sm-398">
         <name>copy_in</name>
         <value>0xc0006d20</value>
         <object_component_ref idref="oc-64"/>
      </symbol>
      <symbol id="sm-3a1">
         <name>_ctypes_</name>
         <value>0xc000ad48</value>
         <object_component_ref idref="oc-1a4"/>
      </symbol>
      <symbol id="sm-3b2">
         <name>_tmpnams</name>
         <value>0xc000a8e0</value>
         <object_component_ref idref="oc-27d"/>
      </symbol>
      <symbol id="sm-3b3">
         <name>_ftable</name>
         <value>0xc000aa28</value>
         <object_component_ref idref="oc-100"/>
      </symbol>
      <symbol id="sm-3b4">
         <name>_ft_end</name>
         <value>0xc000ad40</value>
         <object_component_ref idref="oc-226"/>
      </symbol>
      <symbol id="sm-3c8">
         <name>__c6xabi_divd</name>
         <value>0xc0002060</value>
         <object_component_ref idref="oc-20b"/>
      </symbol>
      <symbol id="sm-3e8">
         <name>fputc</name>
         <value>0xc0005440</value>
         <object_component_ref idref="oc-131"/>
      </symbol>
      <symbol id="sm-40c">
         <name>fputs</name>
         <value>0xc00039c0</value>
         <object_component_ref idref="oc-12c"/>
      </symbol>
      <symbol id="sm-413">
         <name>__c6xabi_frcmpyd_div</name>
         <value>0xc00084a0</value>
         <object_component_ref idref="oc-25c"/>
      </symbol>
      <symbol id="sm-41c">
         <name>__c6xabi_divul</name>
         <value>0xc0005a60</value>
         <object_component_ref idref="oc-26a"/>
      </symbol>
      <symbol id="sm-430">
         <name>_subcull</name>
         <value>0xc0008380</value>
         <object_component_ref idref="oc-2a7"/>
      </symbol>
      <symbol id="sm-431">
         <name>__c6xabi_divull</name>
         <value>0xc0004b20</value>
         <object_component_ref idref="oc-26e"/>
      </symbol>
      <symbol id="sm-438">
         <name>__c6xabi_isinf</name>
         <value>0xc00084e0</value>
         <object_component_ref idref="oc-1ac"/>
      </symbol>
      <symbol id="sm-44e">
         <name>__c6xabi_llshru</name>
         <value>0xc0008560</value>
         <object_component_ref idref="oc-258"/>
      </symbol>
      <symbol id="sm-44f">
         <name>__c6xabi_llshl</name>
         <value>0xc00081a0</value>
         <object_component_ref idref="oc-2a3"/>
      </symbol>
      <symbol id="sm-4a3">
         <name>lseek</name>
         <value>0xc0007e80</value>
         <object_component_ref idref="oc-1cc"/>
      </symbol>
      <symbol id="sm-4a4">
         <name>write</name>
         <value>0xc0008100</value>
         <object_component_ref idref="oc-161"/>
      </symbol>
      <symbol id="sm-4a5">
         <name>close</name>
         <value>0xc00070c0</value>
         <object_component_ref idref="oc-275"/>
      </symbol>
      <symbol id="sm-4a6">
         <name>unlink</name>
         <value>0xc00082a0</value>
         <object_component_ref idref="oc-279"/>
      </symbol>
      <symbol id="sm-4b0">
         <name>ltoa</name>
         <value>0xc00071a0</value>
         <object_component_ref idref="oc-24f"/>
      </symbol>
      <symbol id="sm-4bd">
         <name>memccpy</name>
         <value>0xc00083e0</value>
         <object_component_ref idref="oc-17b"/>
      </symbol>
      <symbol id="sm-4c9">
         <name>__c6xabi_negll</name>
         <value>0xc00085e0</value>
         <object_component_ref idref="oc-1c1"/>
      </symbol>
      <symbol id="sm-4d6">
         <name>__TI_tls_init</name>
         <value>0xc00078c0</value>
         <object_component_ref idref="oc-68"/>
      </symbol>
      <symbol id="sm-514">
         <name>HOSTrename</name>
         <value>0xc0005fc0</value>
         <object_component_ref idref="oc-247"/>
      </symbol>
      <symbol id="sm-515">
         <name>HOSTclose</name>
         <value>0xc0007980</value>
         <object_component_ref idref="oc-233"/>
      </symbol>
      <symbol id="sm-516">
         <name>HOSTunlink</name>
         <value>0xc0007500</value>
         <object_component_ref idref="oc-243"/>
      </symbol>
      <symbol id="sm-517">
         <name>HOSTlseek</name>
         <value>0xc0006a20</value>
         <object_component_ref idref="oc-23f"/>
      </symbol>
      <symbol id="sm-518">
         <name>HOSTopen</name>
         <value>0xc0006e20</value>
         <object_component_ref idref="oc-22f"/>
      </symbol>
      <symbol id="sm-519">
         <name>HOSTwrite</name>
         <value>0xc00075c0</value>
         <object_component_ref idref="oc-23b"/>
      </symbol>
      <symbol id="sm-51a">
         <name>HOSTread</name>
         <value>0xc0007440</value>
         <object_component_ref idref="oc-237"/>
      </symbol>
      <symbol id="sm-52f">
         <name>writemsg</name>
         <value>0xc0008440</value>
         <object_component_ref idref="oc-283"/>
      </symbol>
      <symbol id="sm-530">
         <name>C$$IO$$</name>
         <value>0xc0008498</value>
         <object_component_ref idref="oc-283"/>
      </symbol>
      <symbol id="sm-531">
         <name>__CIOBUF_</name>
         <value>0xc000ae88</value>
         <object_component_ref idref="oc-2b8"/>
      </symbol>
      <symbol id="sm-532">
         <name>readmsg</name>
         <value>0xc0008220</value>
         <object_component_ref idref="oc-287"/>
      </symbol>
      <symbol id="sm-541">
         <name>_wrt_ok</name>
         <value>0xc0006c20</value>
         <object_component_ref idref="oc-159"/>
      </symbol>
      <symbol id="sm-54f">
         <name>_doflush</name>
         <value>0xc0007800</value>
         <object_component_ref idref="oc-15d"/>
      </symbol>
      <symbol id="sm-560">
         <name>fseek</name>
         <value>0xc0006900</value>
         <object_component_ref idref="oc-189"/>
      </symbol>
      <symbol id="sm-576">
         <name>setvbuf</name>
         <value>0xc0005860</value>
         <object_component_ref idref="oc-18d"/>
      </symbol>
      <symbol id="sm-581">
         <name>_cleanup</name>
         <value>0xc0007a20</value>
         <object_component_ref idref="oc-1d2"/>
      </symbol>
      <symbol id="sm-593">
         <name>_closefile</name>
         <value>0xc00066c0</value>
         <object_component_ref idref="oc-228"/>
      </symbol>
      <symbol id="sm-5c4">
         <name>_c674x_mask_int9_isr</name>
         <value>0xc0000e30</value>
         <object_component_ref idref="oc-2c"/>
      </symbol>
      <symbol id="sm-5c5">
         <name>_c674x_mask_int8_isr</name>
         <value>0xc0000c68</value>
         <object_component_ref idref="oc-2c"/>
      </symbol>
      <symbol id="sm-5c6">
         <name>_c674x_mask_int11_isr</name>
         <value>0xc00011c0</value>
         <object_component_ref idref="oc-2c"/>
      </symbol>
      <symbol id="sm-5c7">
         <name>_c674x_mask_int7_isr</name>
         <value>0xc0000aa4</value>
         <object_component_ref idref="oc-2c"/>
      </symbol>
      <symbol id="sm-5c8">
         <name>_c674x_mask_int10_isr</name>
         <value>0xc0000ff8</value>
         <object_component_ref idref="oc-2c"/>
      </symbol>
      <symbol id="sm-5c9">
         <name>_c674x_mask_int6_isr</name>
         <value>0xc00008e0</value>
         <object_component_ref idref="oc-2c"/>
      </symbol>
      <symbol id="sm-5ca">
         <name>_c674x_mask_int13_isr</name>
         <value>0xc0001548</value>
         <object_component_ref idref="oc-2c"/>
      </symbol>
      <symbol id="sm-5cb">
         <name>_c674x_rsvd_int3_isr</name>
         <value>0xc0000388</value>
         <object_component_ref idref="oc-2c"/>
      </symbol>
      <symbol id="sm-5cc">
         <name>_c674x_nmi_isr</name>
         <value>0xc0000000</value>
         <object_component_ref idref="oc-2c"/>
      </symbol>
      <symbol id="sm-5cd">
         <name>_c674x_mask_int5_isr</name>
         <value>0xc0000718</value>
         <object_component_ref idref="oc-2c"/>
      </symbol>
      <symbol id="sm-5ce">
         <name>_c674x_mask_int12_isr</name>
         <value>0xc0001384</value>
         <object_component_ref idref="oc-2c"/>
      </symbol>
      <symbol id="sm-5cf">
         <name>_c674x_rsvd_int2_isr</name>
         <value>0xc00001c4</value>
         <object_component_ref idref="oc-2c"/>
      </symbol>
      <symbol id="sm-5d0">
         <name>_c674x_mask_int4_isr</name>
         <value>0xc0000550</value>
         <object_component_ref idref="oc-2c"/>
      </symbol>
      <symbol id="sm-5d1">
         <name>_c674x_mask_int15_isr</name>
         <value>0xc00018d8</value>
         <object_component_ref idref="oc-2c"/>
      </symbol>
      <symbol id="sm-5d2">
         <name>_c674x_mask_int14_isr</name>
         <value>0xc0001710</value>
         <object_component_ref idref="oc-2c"/>
      </symbol>
      <symbol id="sm-5da">
         <name>_intcVectorTable</name>
         <value>0xc0005c00</value>
         <object_component_ref idref="oc-18"/>
      </symbol>
      <symbol id="sm-5dd">
         <name>__TI_STATIC_BASE</name>
         <value>0x0</value>
      </symbol>
      <symbol id="sm-5de">
         <name>__TI_args_main</name>
         <value>0x1</value>
      </symbol>
      <symbol id="sm-5df">
         <name>__TI_INITARRAY_Base</name>
         <value>0x0</value>
      </symbol>
      <symbol id="sm-5e0">
         <name>__TI_INITARRAY_Limit</name>
         <value>0x0</value>
      </symbol>
      <symbol id="sm-5e1">
         <name>__TI_TLS_INIT_Base</name>
         <value>0x0</value>
      </symbol>
      <symbol id="sm-5e2">
         <name>__TI_TLS_INIT_Limit</name>
         <value>0x0</value>
      </symbol>
      <symbol id="sm-5e5">
         <name>remove</name>
         <value>0xc00082a0</value>
      </symbol>
   </symbol_table>
</link_info>
