<?xml version="1.0"?>
<link_info>
   <banner>TMS320C6x Linker PC v7.4.4</banner>
   <copyright>Copyright (c) 1996-2013 Texas Instruments Incorporated</copyright>
   <link_time>0x5e30af2b</link_time>
   <output_file>Lab4.out</output_file>
   <entry_point>
      <name>_c_int00</name>
      <address>0x11818b80</address>
   </entry_point>
   <input_file_list>
      <input_file id="fl-2">
         <path>.\</path>
         <kind>object</kind>
         <file>vectors_intr.obj</file>
         <name>vectors_intr.obj</name>
      </input_file>
      <input_file id="fl-3">
         <path>.\</path>
         <kind>object</kind>
         <file>psc.obj</file>
         <name>psc.obj</name>
      </input_file>
      <input_file id="fl-4">
         <path>.\</path>
         <kind>object</kind>
         <file>main.obj</file>
         <name>main.obj</name>
      </input_file>
      <input_file id="fl-5">
         <path>.\</path>
         <kind>object</kind>
         <file>iirsos.obj</file>
         <name>iirsos.obj</name>
      </input_file>
      <input_file id="fl-6">
         <path>.\</path>
         <kind>object</kind>
         <file>gpio.obj</file>
         <name>gpio.obj</name>
      </input_file>
      <input_file id="fl-7">
         <path>.\</path>
         <kind>object</kind>
         <file>L138_LCDK_switch_led.obj</file>
         <name>L138_LCDK_switch_led.obj</name>
      </input_file>
      <input_file id="fl-8">
         <path>.\</path>
         <kind>object</kind>
         <file>L138_LCDK_aic3106_init.obj</file>
         <name>L138_LCDK_aic3106_init.obj</name>
      </input_file>
      <input_file id="fl-e">
         <path>C:\ti\OMAP-L138_GEL_BSL_Files\bsl\lib\</path>
         <kind>archive</kind>
         <file>evmomapl138_bsl.lib</file>
         <name>evmomapl138_timer.obj</name>
      </input_file>
      <input_file id="fl-f">
         <path>C:\ti\OMAP-L138_GEL_BSL_Files\bsl\lib\</path>
         <kind>archive</kind>
         <file>evmomapl138_bsl.lib</file>
         <name>evmomapl138_gpio.obj</name>
      </input_file>
      <input_file id="fl-10">
         <path>C:\ti\OMAP-L138_GEL_BSL_Files\bsl\lib\</path>
         <kind>archive</kind>
         <file>evmomapl138_bsl.lib</file>
         <name>evmomapl138_aic3106.obj</name>
      </input_file>
      <input_file id="fl-11">
         <path>C:\ti\OMAP-L138_GEL_BSL_Files\bsl\lib\</path>
         <kind>archive</kind>
         <file>evmomapl138_bsl.lib</file>
         <name>evmomapl138.obj</name>
      </input_file>
      <input_file id="fl-12">
         <path>C:\ti\OMAP-L138_GEL_BSL_Files\bsl\lib\</path>
         <kind>archive</kind>
         <file>evmomapl138_bsl.lib</file>
         <name>evmomapl138_i2c_gpio.obj</name>
      </input_file>
      <input_file id="fl-13">
         <path>C:\ti\OMAP-L138_GEL_BSL_Files\bsl\lib\</path>
         <kind>archive</kind>
         <file>evmomapl138_bsl.lib</file>
         <name>evmomapl138_i2c.obj</name>
      </input_file>
      <input_file id="fl-14">
         <path>C:\ti\ccsv5\tools\compiler\c6000_7.4.4\lib\</path>
         <kind>archive</kind>
         <file>rts6740.lib</file>
         <name>boot.obj</name>
      </input_file>
      <input_file id="fl-15">
         <path>C:\ti\ccsv5\tools\compiler\c6000_7.4.4\lib\</path>
         <kind>archive</kind>
         <file>rts6740.lib</file>
         <name>exit.obj</name>
      </input_file>
      <input_file id="fl-16">
         <path>C:\ti\ccsv5\tools\compiler\c6000_7.4.4\lib\</path>
         <kind>archive</kind>
         <file>rts6740.lib</file>
         <name>printf.obj</name>
      </input_file>
      <input_file id="fl-17">
         <path>C:\ti\ccsv5\tools\compiler\c6000_7.4.4\lib\</path>
         <kind>archive</kind>
         <file>rts6740.lib</file>
         <name>_lock.obj</name>
      </input_file>
      <input_file id="fl-18">
         <path>C:\ti\ccsv5\tools\compiler\c6000_7.4.4\lib\</path>
         <kind>archive</kind>
         <file>rts6740.lib</file>
         <name>_printfi.obj</name>
      </input_file>
      <input_file id="fl-19">
         <path>C:\ti\ccsv5\tools\compiler\c6000_7.4.4\lib\</path>
         <kind>archive</kind>
         <file>rts6740.lib</file>
         <name>args_main.obj</name>
      </input_file>
      <input_file id="fl-1a">
         <path>C:\ti\ccsv5\tools\compiler\c6000_7.4.4\lib\</path>
         <kind>archive</kind>
         <file>rts6740.lib</file>
         <name>atoi.obj</name>
      </input_file>
      <input_file id="fl-1b">
         <path>C:\ti\ccsv5\tools\compiler\c6000_7.4.4\lib\</path>
         <kind>archive</kind>
         <file>rts6740.lib</file>
         <name>autoinit.obj</name>
      </input_file>
      <input_file id="fl-1c">
         <path>C:\ti\ccsv5\tools\compiler\c6000_7.4.4\lib\</path>
         <kind>archive</kind>
         <file>rts6740.lib</file>
         <name>cpp_init.obj</name>
      </input_file>
      <input_file id="fl-1d">
         <path>C:\ti\ccsv5\tools\compiler\c6000_7.4.4\lib\</path>
         <kind>archive</kind>
         <file>rts6740.lib</file>
         <name>cpy_tbl.obj</name>
      </input_file>
      <input_file id="fl-1e">
         <path>C:\ti\ccsv5\tools\compiler\c6000_7.4.4\lib\</path>
         <kind>archive</kind>
         <file>rts6740.lib</file>
         <name>ctype.obj</name>
      </input_file>
      <input_file id="fl-1f">
         <path>C:\ti\ccsv5\tools\compiler\c6000_7.4.4\lib\</path>
         <kind>archive</kind>
         <file>rts6740.lib</file>
         <name>defs.obj</name>
      </input_file>
      <input_file id="fl-20">
         <path>C:\ti\ccsv5\tools\compiler\c6000_7.4.4\lib\</path>
         <kind>archive</kind>
         <file>rts6740.lib</file>
         <name>divd.obj</name>
      </input_file>
      <input_file id="fl-21">
         <path>C:\ti\ccsv5\tools\compiler\c6000_7.4.4\lib\</path>
         <kind>archive</kind>
         <file>rts6740.lib</file>
         <name>divu.obj</name>
      </input_file>
      <input_file id="fl-22">
         <path>C:\ti\ccsv5\tools\compiler\c6000_7.4.4\lib\</path>
         <kind>archive</kind>
         <file>rts6740.lib</file>
         <name>fixdli.obj</name>
      </input_file>
      <input_file id="fl-23">
         <path>C:\ti\ccsv5\tools\compiler\c6000_7.4.4\lib\</path>
         <kind>archive</kind>
         <file>rts6740.lib</file>
         <name>fltlid.obj</name>
      </input_file>
      <input_file id="fl-24">
         <path>C:\ti\ccsv5\tools\compiler\c6000_7.4.4\lib\</path>
         <kind>archive</kind>
         <file>rts6740.lib</file>
         <name>fputc.obj</name>
      </input_file>
      <input_file id="fl-25">
         <path>C:\ti\ccsv5\tools\compiler\c6000_7.4.4\lib\</path>
         <kind>archive</kind>
         <file>rts6740.lib</file>
         <name>fputs.obj</name>
      </input_file>
      <input_file id="fl-26">
         <path>C:\ti\ccsv5\tools\compiler\c6000_7.4.4\lib\</path>
         <kind>archive</kind>
         <file>rts6740.lib</file>
         <name>frcmpyd_div.obj</name>
      </input_file>
      <input_file id="fl-27">
         <path>C:\ti\ccsv5\tools\compiler\c6000_7.4.4\lib\</path>
         <kind>archive</kind>
         <file>rts6740.lib</file>
         <name>imath40.obj</name>
      </input_file>
      <input_file id="fl-28">
         <path>C:\ti\ccsv5\tools\compiler\c6000_7.4.4\lib\</path>
         <kind>archive</kind>
         <file>rts6740.lib</file>
         <name>imath64.obj</name>
      </input_file>
      <input_file id="fl-29">
         <path>C:\ti\ccsv5\tools\compiler\c6000_7.4.4\lib\</path>
         <kind>archive</kind>
         <file>rts6740.lib</file>
         <name>isinf.obj</name>
      </input_file>
      <input_file id="fl-2a">
         <path>C:\ti\ccsv5\tools\compiler\c6000_7.4.4\lib\</path>
         <kind>archive</kind>
         <file>rts6740.lib</file>
         <name>llshift.obj</name>
      </input_file>
      <input_file id="fl-2b">
         <path>C:\ti\ccsv5\tools\compiler\c6000_7.4.4\lib\</path>
         <kind>archive</kind>
         <file>rts6740.lib</file>
         <name>lowlev.obj</name>
      </input_file>
      <input_file id="fl-2c">
         <path>C:\ti\ccsv5\tools\compiler\c6000_7.4.4\lib\</path>
         <kind>archive</kind>
         <file>rts6740.lib</file>
         <name>ltoa.obj</name>
      </input_file>
      <input_file id="fl-2d">
         <path>C:\ti\ccsv5\tools\compiler\c6000_7.4.4\lib\</path>
         <kind>archive</kind>
         <file>rts6740.lib</file>
         <name>memccpy.obj</name>
      </input_file>
      <input_file id="fl-2e">
         <path>C:\ti\ccsv5\tools\compiler\c6000_7.4.4\lib\</path>
         <kind>archive</kind>
         <file>rts6740.lib</file>
         <name>memcpy64.obj</name>
      </input_file>
      <input_file id="fl-2f">
         <path>C:\ti\ccsv5\tools\compiler\c6000_7.4.4\lib\</path>
         <kind>archive</kind>
         <file>rts6740.lib</file>
         <name>memset.obj</name>
      </input_file>
      <input_file id="fl-30">
         <path>C:\ti\ccsv5\tools\compiler\c6000_7.4.4\lib\</path>
         <kind>archive</kind>
         <file>rts6740.lib</file>
         <name>negll.obj</name>
      </input_file>
      <input_file id="fl-31">
         <path>C:\ti\ccsv5\tools\compiler\c6000_7.4.4\lib\</path>
         <kind>archive</kind>
         <file>rts6740.lib</file>
         <name>trgdrv.obj</name>
      </input_file>
      <input_file id="fl-32">
         <path>C:\ti\ccsv5\tools\compiler\c6000_7.4.4\lib\</path>
         <kind>archive</kind>
         <file>rts6740.lib</file>
         <name>trgmsg.obj</name>
      </input_file>
      <input_file id="fl-33">
         <path>C:\ti\ccsv5\tools\compiler\c6000_7.4.4\lib\</path>
         <kind>archive</kind>
         <file>rts6740.lib</file>
         <name>_io_perm.obj</name>
      </input_file>
      <input_file id="fl-34">
         <path>C:\ti\ccsv5\tools\compiler\c6000_7.4.4\lib\</path>
         <kind>archive</kind>
         <file>rts6740.lib</file>
         <name>abs.obj</name>
      </input_file>
      <input_file id="fl-35">
         <path>C:\ti\ccsv5\tools\compiler\c6000_7.4.4\lib\</path>
         <kind>archive</kind>
         <file>rts6740.lib</file>
         <name>fflush.obj</name>
      </input_file>
      <input_file id="fl-36">
         <path>C:\ti\ccsv5\tools\compiler\c6000_7.4.4\lib\</path>
         <kind>archive</kind>
         <file>rts6740.lib</file>
         <name>fseek.obj</name>
      </input_file>
      <input_file id="fl-37">
         <path>C:\ti\ccsv5\tools\compiler\c6000_7.4.4\lib\</path>
         <kind>archive</kind>
         <file>rts6740.lib</file>
         <name>setvbuf.obj</name>
      </input_file>
      <input_file id="fl-38">
         <path>C:\ti\ccsv5\tools\compiler\c6000_7.4.4\lib\</path>
         <kind>archive</kind>
         <file>rts6740.lib</file>
         <name>fopen.obj</name>
      </input_file>
      <input_file id="fl-39">
         <path>C:\ti\ccsv5\tools\compiler\c6000_7.4.4\lib\</path>
         <kind>archive</kind>
         <file>rts6740.lib</file>
         <name>memory.obj</name>
      </input_file>
      <input_file id="fl-3a">
         <path>C:\ti\ccsv5\tools\compiler\c6000_7.4.4\lib\</path>
         <kind>archive</kind>
         <file>rts6740.lib</file>
         <name>fclose.obj</name>
      </input_file>
      <input_file id="fl-3b">
         <path>C:\ti\ccsv5\tools\compiler\c6000_7.4.4\lib\</path>
         <kind>archive</kind>
         <file>rts6740.lib</file>
         <name>remove.obj</name>
      </input_file>
   </input_file_list>
   <object_component_list>
      <object_component id="oc-d6">
         <name>.text</name>
         <load_address>0x11810000</load_address>
         <run_address>0x11810000</run_address>
         <size>0x1560</size>
         <input_file_ref idref="fl-8"/>
      </object_component>
      <object_component id="oc-e7">
         <name>.text</name>
         <load_address>0x11811560</load_address>
         <run_address>0x11811560</run_address>
         <size>0xc20</size>
         <input_file_ref idref="fl-11"/>
      </object_component>
      <object_component id="oc-114">
         <name>.text:__divd</name>
         <load_address>0x11812180</load_address>
         <run_address>0x11812180</run_address>
         <size>0x5a0</size>
         <input_file_ref idref="fl-20"/>
      </object_component>
      <object_component id="oc-108">
         <name>.text:__getarg_diouxp</name>
         <load_address>0x11812720</load_address>
         <run_address>0x11812720</run_address>
         <size>0x580</size>
         <input_file_ref idref="fl-18"/>
      </object_component>
      <object_component id="oc-ee">
         <name>.text</name>
         <load_address>0x11812ca0</load_address>
         <run_address>0x11812ca0</run_address>
         <size>0x4e0</size>
         <input_file_ref idref="fl-12"/>
      </object_component>
      <object_component id="oc-f0">
         <name>.text:__printfi</name>
         <load_address>0x11813180</load_address>
         <run_address>0x11813180</run_address>
         <size>0x440</size>
         <input_file_ref idref="fl-18"/>
      </object_component>
      <object_component id="oc-f5">
         <name>.text:__setfield</name>
         <load_address>0x118135c0</load_address>
         <run_address>0x118135c0</run_address>
         <size>0x440</size>
         <input_file_ref idref="fl-18"/>
      </object_component>
      <object_component id="oc-f2">
         <name>.text:_fputs</name>
         <load_address>0x11813a00</load_address>
         <run_address>0x11813a00</run_address>
         <size>0x3a0</size>
         <input_file_ref idref="fl-25"/>
      </object_component>
      <object_component id="oc-e5">
         <name>.text</name>
         <load_address>0x11813da0</load_address>
         <run_address>0x11813da0</run_address>
         <size>0x380</size>
         <input_file_ref idref="fl-f"/>
      </object_component>
      <object_component id="oc-ea">
         <name>.text</name>
         <load_address>0x11814120</load_address>
         <run_address>0x11814120</run_address>
         <size>0x380</size>
         <input_file_ref idref="fl-13"/>
      </object_component>
      <object_component id="oc-1e">
         <name>.text:retain</name>
         <load_address>0x118144a0</load_address>
         <run_address>0x118144a0</run_address>
         <size>0x360</size>
         <input_file_ref idref="fl-5"/>
      </object_component>
      <object_component id="oc-fd">
         <name>.text:__pproc_fge</name>
         <load_address>0x11814800</load_address>
         <run_address>0x11814800</run_address>
         <size>0x320</size>
         <input_file_ref idref="fl-18"/>
      </object_component>
      <object_component id="oc-f4">
         <name>.text:__pproc_fwp</name>
         <load_address>0x11814b20</load_address>
         <run_address>0x11814b20</run_address>
         <size>0x2c0</size>
         <input_file_ref idref="fl-18"/>
      </object_component>
      <object_component id="oc-10f">
         <name>.text:_ecvt</name>
         <load_address>0x11814de0</load_address>
         <run_address>0x11814de0</run_address>
         <size>0x2a0</size>
         <input_file_ref idref="fl-18"/>
      </object_component>
      <object_component id="oc-112">
         <name>.text:_fcvt</name>
         <load_address>0x11815080</load_address>
         <run_address>0x11815080</run_address>
         <size>0x2a0</size>
         <input_file_ref idref="fl-18"/>
      </object_component>
      <object_component id="oc-10c">
         <name>.text:_free</name>
         <load_address>0x11815320</load_address>
         <run_address>0x11815320</run_address>
         <size>0x280</size>
         <input_file_ref idref="fl-39"/>
      </object_component>
      <object_component id="oc-120">
         <name>.text:__divull</name>
         <load_address>0x118155a0</load_address>
         <run_address>0x118155a0</run_address>
         <size>0x260</size>
         <input_file_ref idref="fl-28"/>
      </object_component>
      <object_component id="oc-107">
         <name>.text:__pconv_e</name>
         <load_address>0x11815800</load_address>
         <run_address>0x11815800</run_address>
         <size>0x260</size>
         <input_file_ref idref="fl-18"/>
      </object_component>
      <object_component id="oc-fe">
         <name>.text:__pproc_diouxp</name>
         <load_address>0x11815a60</load_address>
         <run_address>0x11815a60</run_address>
         <size>0x240</size>
         <input_file_ref idref="fl-18"/>
      </object_component>
      <object_component id="oc-f6">
         <name>.text:__pproc_str</name>
         <load_address>0x11815ca0</load_address>
         <run_address>0x11815ca0</run_address>
         <size>0x220</size>
         <input_file_ref idref="fl-18"/>
      </object_component>
      <object_component id="oc-f7">
         <name>.text:_fputc</name>
         <load_address>0x11815ec0</load_address>
         <run_address>0x11815ec0</run_address>
         <size>0x220</size>
         <input_file_ref idref="fl-24"/>
      </object_component>
      <object_component id="oc-105">
         <name>.text:__pconv_g</name>
         <load_address>0x118160e0</load_address>
         <run_address>0x118160e0</run_address>
         <size>0x200</size>
         <input_file_ref idref="fl-18"/>
      </object_component>
      <object_component id="oc-101">
         <name>.text:_setvbuf</name>
         <load_address>0x118162e0</load_address>
         <run_address>0x118162e0</run_address>
         <size>0x200</size>
         <input_file_ref idref="fl-37"/>
      </object_component>
      <object_component id="oc-e6">
         <name>.text</name>
         <load_address>0x118164e0</load_address>
         <run_address>0x118164e0</run_address>
         <size>0x1e0</size>
         <input_file_ref idref="fl-e"/>
      </object_component>
      <object_component id="oc-111">
         <name>.text:__mcpy</name>
         <load_address>0x118166c0</load_address>
         <run_address>0x118166c0</run_address>
         <size>0x1c0</size>
         <input_file_ref idref="fl-18"/>
      </object_component>
      <object_component id="oc-11f">
         <name>.text:__divul</name>
         <load_address>0x11816880</load_address>
         <run_address>0x11816880</run_address>
         <size>0x1a0</size>
         <input_file_ref idref="fl-27"/>
      </object_component>
      <object_component id="oc-e4">
         <name>.text</name>
         <load_address>0x11816a20</load_address>
         <run_address>0x11816a20</run_address>
         <size>0x1a0</size>
         <input_file_ref idref="fl-10"/>
      </object_component>
      <object_component id="oc-de">
         <name>.text:_HOSTrename</name>
         <load_address>0x11816bc0</load_address>
         <run_address>0x11816bc0</run_address>
         <size>0x180</size>
         <input_file_ref idref="fl-31"/>
      </object_component>
      <object_component id="oc-10d">
         <name>.text:_malloc</name>
         <load_address>0x11816d40</load_address>
         <run_address>0x11816d40</run_address>
         <size>0x180</size>
         <input_file_ref idref="fl-39"/>
      </object_component>
      <object_component id="oc-f3">
         <name>.text:__pproc_fflags</name>
         <load_address>0x11816ec0</load_address>
         <run_address>0x11816ec0</run_address>
         <size>0x140</size>
         <input_file_ref idref="fl-18"/>
      </object_component>
      <object_component id="oc-128">
         <name>.text:_getdevice</name>
         <load_address>0x11817000</load_address>
         <run_address>0x11817000</run_address>
         <size>0x140</size>
         <input_file_ref idref="fl-2b"/>
      </object_component>
      <object_component id="oc-118">
         <name>.text:__closefile</name>
         <load_address>0x11817140</load_address>
         <run_address>0x11817140</run_address>
         <size>0x120</size>
         <input_file_ref idref="fl-3a"/>
      </object_component>
      <object_component id="oc-10a">
         <name>.text:__ltostr</name>
         <load_address>0x11817260</load_address>
         <run_address>0x11817260</run_address>
         <size>0x120</size>
         <input_file_ref idref="fl-18"/>
      </object_component>
      <object_component id="oc-100">
         <name>.text:_fseek</name>
         <load_address>0x11817380</load_address>
         <run_address>0x11817380</run_address>
         <size>0x120</size>
         <input_file_ref idref="fl-36"/>
      </object_component>
      <object_component id="oc-dc">
         <name>.text:_HOSTlseek</name>
         <load_address>0x118174a0</load_address>
         <run_address>0x118174a0</run_address>
         <size>0x100</size>
         <input_file_ref idref="fl-31"/>
      </object_component>
      <object_component id="oc-f8">
         <name>.text:__wrt_ok</name>
         <load_address>0x118175a0</load_address>
         <run_address>0x118175a0</run_address>
         <size>0x100</size>
         <input_file_ref idref="fl-33"/>
      </object_component>
      <object_component id="oc-d8">
         <name>.text:_HOSTopen</name>
         <load_address>0x118176a0</load_address>
         <run_address>0x118176a0</run_address>
         <size>0xe0</size>
         <input_file_ref idref="fl-31"/>
      </object_component>
      <object_component id="oc-fc">
         <name>.text:_atoi</name>
         <load_address>0x11817780</load_address>
         <run_address>0x11817780</run_address>
         <size>0xe0</size>
         <input_file_ref idref="fl-1a"/>
      </object_component>
      <object_component id="oc-121">
         <name>.text:_close</name>
         <load_address>0x11817860</load_address>
         <run_address>0x11817860</run_address>
         <size>0xe0</size>
         <input_file_ref idref="fl-2b"/>
      </object_component>
      <object_component id="oc-fb">
         <name>.text:_memset</name>
         <load_address>0x11817940</load_address>
         <run_address>0x11817940</run_address>
         <size>0xe0</size>
         <input_file_ref idref="fl-2f"/>
      </object_component>
      <object_component id="oc-ed">
         <name>.text:_printf</name>
         <load_address>0x11817a20</load_address>
         <run_address>0x11817a20</run_address>
         <size>0xe0</size>
         <input_file_ref idref="fl-16"/>
      </object_component>
      <object_component id="oc-da">
         <name>.text:_HOSTread</name>
         <load_address>0x11817b00</load_address>
         <run_address>0x11817b00</run_address>
         <size>0xc0</size>
         <input_file_ref idref="fl-31"/>
      </object_component>
      <object_component id="oc-dd">
         <name>.text:_HOSTunlink</name>
         <load_address>0x11817bc0</load_address>
         <run_address>0x11817bc0</run_address>
         <size>0xc0</size>
         <input_file_ref idref="fl-31"/>
      </object_component>
      <object_component id="oc-db">
         <name>.text:_HOSTwrite</name>
         <load_address>0x11817c80</load_address>
         <run_address>0x11817c80</run_address>
         <size>0xc0</size>
         <input_file_ref idref="fl-31"/>
      </object_component>
      <object_component id="oc-d3">
         <name>.text:__auto_init</name>
         <load_address>0x11817d40</load_address>
         <run_address>0x11817d40</run_address>
         <size>0xc0</size>
         <input_file_ref idref="fl-1b"/>
      </object_component>
      <object_component id="oc-115">
         <name>.text:__div</name>
         <load_address>0x11817e00</load_address>
         <run_address>0x11817e00</run_address>
         <size>0xc0</size>
         <input_file_ref idref="fl-18"/>
      </object_component>
      <object_component id="oc-11e">
         <name>.text:__divu</name>
         <load_address>0x11817ec0</load_address>
         <run_address>0x11817ec0</run_address>
         <size>0xc0</size>
         <input_file_ref idref="fl-21"/>
      </object_component>
      <object_component id="oc-f9">
         <name>.text:__doflush</name>
         <load_address>0x11817f80</load_address>
         <run_address>0x11817f80</run_address>
         <size>0xc0</size>
         <input_file_ref idref="fl-35"/>
      </object_component>
      <object_component id="oc-d5">
         <name>.text:_exit</name>
         <load_address>0x11818040</load_address>
         <run_address>0x11818040</run_address>
         <size>0xc0</size>
         <input_file_ref idref="fl-15"/>
      </object_component>
      <object_component id="oc-11a">
         <name>.text:_ltoa</name>
         <load_address>0x11818100</load_address>
         <run_address>0x11818100</run_address>
         <size>0xc0</size>
         <input_file_ref idref="fl-2c"/>
      </object_component>
      <object_component id="oc-d9">
         <name>.text:_HOSTclose</name>
         <load_address>0x118181c0</load_address>
         <run_address>0x118181c0</run_address>
         <size>0xa0</size>
         <input_file_ref idref="fl-31"/>
      </object_component>
      <object_component id="oc-10e">
         <name>.text:__cleanup</name>
         <load_address>0x11818260</load_address>
         <run_address>0x11818260</run_address>
         <size>0xa0</size>
         <input_file_ref idref="fl-38"/>
      </object_component>
      <object_component id="oc-124">
         <name>.text:__divli</name>
         <load_address>0x11818300</load_address>
         <run_address>0x11818300</run_address>
         <size>0xa0</size>
         <input_file_ref idref="fl-27"/>
      </object_component>
      <object_component id="oc-110">
         <name>.text:__ecpy</name>
         <load_address>0x118183a0</load_address>
         <run_address>0x118183a0</run_address>
         <size>0xa0</size>
         <input_file_ref idref="fl-18"/>
      </object_component>
      <object_component id="oc-113">
         <name>.text:__fcpy</name>
         <load_address>0x11818440</load_address>
         <run_address>0x11818440</run_address>
         <size>0xa0</size>
         <input_file_ref idref="fl-18"/>
      </object_component>
      <object_component id="oc-119">
         <name>.text:__fixdli</name>
         <load_address>0x118184e0</load_address>
         <run_address>0x118184e0</run_address>
         <size>0xa0</size>
         <input_file_ref idref="fl-22"/>
      </object_component>
      <object_component id="oc-106">
         <name>.text:__pconv_f</name>
         <load_address>0x11818580</load_address>
         <run_address>0x11818580</run_address>
         <size>0xa0</size>
         <input_file_ref idref="fl-18"/>
      </object_component>
      <object_component id="oc-df">
         <name>.text:_copy_in</name>
         <load_address>0x11818620</load_address>
         <run_address>0x11818620</run_address>
         <size>0xa0</size>
         <input_file_ref idref="fl-1d"/>
      </object_component>
      <object_component id="oc-129">
         <name>.text:_finddevice</name>
         <load_address>0x118186c0</load_address>
         <run_address>0x118186c0</run_address>
         <size>0xa0</size>
         <input_file_ref idref="fl-2b"/>
      </object_component>
      <object_component id="oc-10b">
         <name>.text:_lseek</name>
         <load_address>0x11818760</load_address>
         <run_address>0x11818760</run_address>
         <size>0xa0</size>
         <input_file_ref idref="fl-2b"/>
      </object_component>
      <object_component id="oc-e0">
         <name>.text:_memcpy</name>
         <load_address>0x11818800</load_address>
         <run_address>0x11818800</run_address>
         <size>0xa0</size>
         <input_file_ref idref="fl-2e"/>
      </object_component>
      <object_component id="oc-117">
         <name>.text:_minsert</name>
         <load_address>0x118188a0</load_address>
         <run_address>0x118188a0</run_address>
         <size>0xa0</size>
         <input_file_ref idref="fl-39"/>
      </object_component>
      <object_component id="oc-116">
         <name>.text:_mremove</name>
         <load_address>0x11818940</load_address>
         <run_address>0x11818940</run_address>
         <size>0xa0</size>
         <input_file_ref idref="fl-39"/>
      </object_component>
      <object_component id="oc-fa">
         <name>.text:_write</name>
         <load_address>0x118189e0</load_address>
         <run_address>0x118189e0</run_address>
         <size>0xa0</size>
         <input_file_ref idref="fl-2b"/>
      </object_component>
      <object_component id="oc-11b">
         <name>.text:__fltlid</name>
         <load_address>0x11818a80</load_address>
         <run_address>0x11818a80</run_address>
         <size>0x80</size>
         <input_file_ref idref="fl-23"/>
      </object_component>
      <object_component id="oc-125">
         <name>.text:__llshl</name>
         <load_address>0x11818b00</load_address>
         <run_address>0x11818b00</run_address>
         <size>0x80</size>
         <input_file_ref idref="fl-2a"/>
      </object_component>
      <object_component id="oc-e">
         <name>.text:_c_int00</name>
         <load_address>0x11818b80</load_address>
         <run_address>0x11818b80</run_address>
         <size>0x80</size>
         <input_file_ref idref="fl-14"/>
      </object_component>
      <object_component id="oc-e9">
         <name>.text:_readmsg</name>
         <load_address>0x11818c00</load_address>
         <run_address>0x11818c00</run_address>
         <size>0x80</size>
         <input_file_ref idref="fl-32"/>
      </object_component>
      <object_component id="oc-127">
         <name>.text:_unlink</name>
         <load_address>0x11818c80</load_address>
         <run_address>0x11818c80</run_address>
         <size>0x80</size>
         <input_file_ref idref="fl-2b"/>
      </object_component>
      <object_component id="oc-e1">
         <name>.text:___TI_cpp_init</name>
         <load_address>0x11818d00</load_address>
         <run_address>0x11818d00</run_address>
         <size>0x60</size>
         <input_file_ref idref="fl-1c"/>
      </object_component>
      <object_component id="oc-126">
         <name>.text:__subcull</name>
         <load_address>0x11818d60</load_address>
         <run_address>0x11818d60</run_address>
         <size>0x60</size>
         <input_file_ref idref="fl-28"/>
      </object_component>
      <object_component id="oc-ff">
         <name>.text:_memccpy</name>
         <load_address>0x11818dc0</load_address>
         <run_address>0x11818dc0</run_address>
         <size>0x60</size>
         <input_file_ref idref="fl-2d"/>
      </object_component>
      <object_component id="oc-e8">
         <name>.text:_writemsg</name>
         <load_address>0x11818e20</load_address>
         <run_address>0x11818e20</run_address>
         <size>0x60</size>
         <input_file_ref idref="fl-32"/>
      </object_component>
      <object_component id="oc-104">
         <name>.text:___isinf</name>
         <load_address>0x11818e80</load_address>
         <run_address>0x11818e80</run_address>
         <size>0x40</size>
         <input_file_ref idref="fl-29"/>
      </object_component>
      <object_component id="oc-103">
         <name>.text:___isnan</name>
         <load_address>0x11818ec0</load_address>
         <run_address>0x11818ec0</run_address>
         <size>0x40</size>
         <input_file_ref idref="fl-18"/>
      </object_component>
      <object_component id="oc-d4">
         <name>.text:__args_main</name>
         <load_address>0x11818f00</load_address>
         <run_address>0x11818f00</run_address>
         <size>0x40</size>
         <input_file_ref idref="fl-19"/>
      </object_component>
      <object_component id="oc-11d">
         <name>.text:__frcmpyd_div</name>
         <load_address>0x11818f40</load_address>
         <run_address>0x11818f40</run_address>
         <size>0x40</size>
         <input_file_ref idref="fl-26"/>
      </object_component>
      <object_component id="oc-11c">
         <name>.text:__llshru</name>
         <load_address>0x11818f80</load_address>
         <run_address>0x11818f80</run_address>
         <size>0x40</size>
         <input_file_ref idref="fl-2a"/>
      </object_component>
      <object_component id="oc-123">
         <name>.text:__remli</name>
         <load_address>0x11818fc0</load_address>
         <run_address>0x11818fc0</run_address>
         <size>0x40</size>
         <input_file_ref idref="fl-27"/>
      </object_component>
      <object_component id="oc-109">
         <name>.text:__negll</name>
         <load_address>0x11819000</load_address>
         <run_address>0x11819000</run_address>
         <size>0x20</size>
         <input_file_ref idref="fl-30"/>
      </object_component>
      <object_component id="oc-d7">
         <name>.text:__nop</name>
         <load_address>0x11819020</load_address>
         <run_address>0x11819020</run_address>
         <size>0x20</size>
         <input_file_ref idref="fl-17"/>
      </object_component>
      <object_component id="oc-f1">
         <name>.text:__outc</name>
         <load_address>0x11819040</load_address>
         <run_address>0x11819040</run_address>
         <size>0x20</size>
         <input_file_ref idref="fl-16"/>
      </object_component>
      <object_component id="oc-ef">
         <name>.text:__outs</name>
         <load_address>0x11819060</load_address>
         <run_address>0x11819060</run_address>
         <size>0x20</size>
         <input_file_ref idref="fl-16"/>
      </object_component>
      <object_component id="oc-e3">
         <name>.text:_abort</name>
         <load_address>0x11819080</load_address>
         <run_address>0x11819080</run_address>
         <size>0x20</size>
         <input_file_ref idref="fl-15"/>
      </object_component>
      <object_component id="oc-122">
         <name>.text:_remove</name>
         <load_address>0x118190a0</load_address>
         <run_address>0x118190a0</run_address>
         <size>0x20</size>
         <input_file_ref idref="fl-3b"/>
      </object_component>
      <object_component id="oc-e2">
         <name>.text</name>
         <load_address>0x118190c0</load_address>
         <run_address>0x118190c0</run_address>
         <size>0x20</size>
         <input_file_ref idref="fl-5"/>
      </object_component>
      <object_component id="oc-f">
         <name>.text</name>
         <load_address>0x118190e0</load_address>
         <run_address>0x118190e0</run_address>
         <size>0x20</size>
         <input_file_ref idref="fl-2"/>
      </object_component>
      <object_component id="oc-102">
         <name>.const:.string:__ctypes_</name>
         <load_address>0x1181a200</load_address>
         <run_address>0x1181a200</run_address>
         <size>0x101</size>
         <input_file_ref idref="fl-1e"/>
      </object_component>
      <object_component id="oc-85">
         <name>.const:.string</name>
         <load_address>0x1181a301</load_address>
         <run_address>0x1181a301</run_address>
         <size>0x2</size>
         <input_file_ref idref="fl-25"/>
      </object_component>
      <object_component id="oc-ec">
         <name>.const:_bitval_u32</name>
         <load_address>0x1181a308</load_address>
         <run_address>0x1181a308</run_address>
         <size>0x80</size>
         <input_file_ref idref="fl-11"/>
      </object_component>
      <object_component id="oc-3e">
         <name>.const:.string</name>
         <load_address>0x1181a388</load_address>
         <run_address>0x1181a388</run_address>
         <size>0x40</size>
         <input_file_ref idref="fl-11"/>
      </object_component>
      <object_component id="oc-5d">
         <name>.const:.string</name>
         <load_address>0x1181a3c8</load_address>
         <run_address>0x1181a3c8</run_address>
         <size>0x23</size>
         <input_file_ref idref="fl-18"/>
      </object_component>
      <object_component id="oc-1a">
         <name>.bss</name>
         <uninitialized>true</uninitialized>
         <run_address>0x1181a52c</run_address>
         <size>0x10</size>
         <input_file_ref idref="fl-5"/>
      </object_component>
      <object_component id="oc-2a">
         <name>.bss</name>
         <uninitialized>true</uninitialized>
         <run_address>0x1181a510</run_address>
         <size>0x1c</size>
         <input_file_ref idref="fl-8"/>
      </object_component>
      <object_component id="oc-46">
         <name>.bss</name>
         <uninitialized>true</uninitialized>
         <run_address>0x1181a53c</run_address>
         <size>0x4</size>
         <input_file_ref idref="fl-13"/>
      </object_component>
      <object_component id="oc-1d">
         <name>.far</name>
         <uninitialized>true</uninitialized>
         <run_address>0x11819d48</run_address>
         <size>0x68</size>
         <input_file_ref idref="fl-5"/>
      </object_component>
      <object_component id="oc-2d">
         <name>.far</name>
         <uninitialized>true</uninitialized>
         <run_address>0x11819dbc</run_address>
         <size>0x8</size>
         <input_file_ref idref="fl-8"/>
      </object_component>
      <object_component id="oc-51">
         <name>.far</name>
         <uninitialized>true</uninitialized>
         <run_address>0x11819db0</run_address>
         <size>0xc</size>
         <input_file_ref idref="fl-15"/>
      </object_component>
      <object_component id="oc-59">
         <name>.far</name>
         <uninitialized>true</uninitialized>
         <run_address>0x11819dc4</run_address>
         <size>0x8</size>
         <input_file_ref idref="fl-17"/>
      </object_component>
      <object_component id="oc-73">
         <name>.far</name>
         <uninitialized>true</uninitialized>
         <run_address>0x11819900</run_address>
         <size>0x324</size>
         <input_file_ref idref="fl-1f"/>
      </object_component>
      <object_component id="oc-99">
         <name>.far</name>
         <uninitialized>true</uninitialized>
         <run_address>0x11819c28</run_address>
         <size>0x11c</size>
         <input_file_ref idref="fl-2b"/>
      </object_component>
      <object_component id="oc-ac">
         <name>.far</name>
         <uninitialized>true</uninitialized>
         <run_address>0x11819dd8</run_address>
         <size>0x8</size>
         <input_file_ref idref="fl-31"/>
      </object_component>
      <object_component id="oc-c4">
         <name>.far</name>
         <uninitialized>true</uninitialized>
         <run_address>0x11819c24</run_address>
         <size>0x4</size>
         <input_file_ref idref="fl-38"/>
      </object_component>
      <object_component id="oc-c9">
         <name>.far</name>
         <uninitialized>true</uninitialized>
         <run_address>0x11819dcc</run_address>
         <size>0x8</size>
         <input_file_ref idref="fl-39"/>
      </object_component>
      <object_component id="oc-eb">
         <name>.switch:_getRegisterBankAndBit</name>
         <load_address>0x1181a540</load_address>
         <run_address>0x1181a540</run_address>
         <size>0x24</size>
         <input_file_ref idref="fl-f"/>
      </object_component>
      <object_component id="oc-4c">
         <name>.stack</name>
         <uninitialized>true</uninitialized>
         <run_address>0x11819100</run_address>
         <size>0x8</size>
         <input_file_ref idref="fl-14"/>
      </object_component>
      <object_component id="oc-13f">
         <name>.stack</name>
         <uninitialized>true</uninitialized>
         <run_address>0x11819100</run_address>
         <size>0x0</size>
      </object_component>
      <object_component id="oc-1c">
         <name>.cinit</name>
         <load_address>0x11819de0</load_address>
         <run_address>0x11819de0</run_address>
         <size>0x88</size>
         <input_file_ref idref="fl-5"/>
      </object_component>
      <object_component id="oc-72">
         <name>.cinit</name>
         <load_address>0x11819e68</load_address>
         <run_address>0x11819e68</run_address>
         <size>0x5c</size>
         <input_file_ref idref="fl-1f"/>
      </object_component>
      <object_component id="oc-98">
         <name>.cinit</name>
         <load_address>0x11819ec8</load_address>
         <run_address>0x11819ec8</run_address>
         <size>0x5c</size>
         <input_file_ref idref="fl-2b"/>
      </object_component>
      <object_component id="oc-2c">
         <name>.cinit</name>
         <load_address>0x11819f28</load_address>
         <run_address>0x11819f28</run_address>
         <size>0x2c</size>
         <input_file_ref idref="fl-8"/>
      </object_component>
      <object_component id="oc-50">
         <name>.cinit</name>
         <load_address>0x11819f58</load_address>
         <run_address>0x11819f58</run_address>
         <size>0x2c</size>
         <input_file_ref idref="fl-15"/>
      </object_component>
      <object_component id="oc-c8">
         <name>.cinit</name>
         <load_address>0x11819f88</load_address>
         <run_address>0x11819f88</run_address>
         <size>0x2c</size>
         <input_file_ref idref="fl-39"/>
      </object_component>
      <object_component id="oc-58">
         <name>.cinit</name>
         <load_address>0x11819fb8</load_address>
         <run_address>0x11819fb8</run_address>
         <size>0x1c</size>
         <input_file_ref idref="fl-17"/>
      </object_component>
      <object_component id="oc-c3">
         <name>.cinit</name>
         <load_address>0x11819fd8</load_address>
         <run_address>0x11819fd8</run_address>
         <size>0xc</size>
         <input_file_ref idref="fl-38"/>
      </object_component>
      <object_component id="oc-ca">
         <name>.sysmem</name>
         <uninitialized>true</uninitialized>
         <run_address>0x11800000</run_address>
         <size>0x8</size>
         <input_file_ref idref="fl-39"/>
      </object_component>
      <object_component id="oc-140">
         <name>.sysmem</name>
         <uninitialized>true</uninitialized>
         <run_address>0x11800000</run_address>
         <size>0x0</size>
      </object_component>
      <object_component id="oc-b0">
         <name>.cio</name>
         <uninitialized>true</uninitialized>
         <run_address>0x1181a3f0</run_address>
         <size>0x120</size>
         <input_file_ref idref="fl-32"/>
      </object_component>
      <object_component id="oc-10">
         <name>.vecs</name>
         <load_address>0x1181a000</load_address>
         <run_address>0x1181a000</run_address>
         <size>0x200</size>
         <input_file_ref idref="fl-2"/>
      </object_component>
      <object_component id="oc-11">
         <name>.debug_info</name>
         <load_address>0x0</load_address>
         <run_address>0x0</run_address>
         <size>0x10c</size>
         <input_file_ref idref="fl-2"/>
      </object_component>
      <object_component id="oc-14">
         <name>.debug_info</name>
         <load_address>0x10c</load_address>
         <run_address>0x10c</run_address>
         <size>0x5e1</size>
         <input_file_ref idref="fl-3"/>
      </object_component>
      <object_component id="oc-18">
         <name>.debug_info</name>
         <load_address>0x6ed</load_address>
         <run_address>0x6ed</run_address>
         <size>0x5d8</size>
         <input_file_ref idref="fl-4"/>
      </object_component>
      <object_component id="oc-1b">
         <name>.debug_info</name>
         <load_address>0xcc5</load_address>
         <run_address>0xcc5</run_address>
         <size>0x903</size>
         <input_file_ref idref="fl-5"/>
      </object_component>
      <object_component id="oc-22">
         <name>.debug_info</name>
         <load_address>0x15c8</load_address>
         <run_address>0x15c8</run_address>
         <size>0x5dd</size>
         <input_file_ref idref="fl-6"/>
      </object_component>
      <object_component id="oc-26">
         <name>.debug_info</name>
         <load_address>0x1ba5</load_address>
         <run_address>0x1ba5</run_address>
         <size>0x6b7</size>
         <input_file_ref idref="fl-7"/>
      </object_component>
      <object_component id="oc-2b">
         <name>.debug_info</name>
         <load_address>0x225c</load_address>
         <run_address>0x225c</run_address>
         <size>0x3bc7</size>
         <input_file_ref idref="fl-8"/>
      </object_component>
      <object_component id="oc-31">
         <name>.debug_info</name>
         <load_address>0x5e23</load_address>
         <run_address>0x5e23</run_address>
         <size>0xb66</size>
         <input_file_ref idref="fl-e"/>
      </object_component>
      <object_component id="oc-35">
         <name>.debug_info</name>
         <load_address>0x6989</load_address>
         <run_address>0x6989</run_address>
         <size>0x103b</size>
         <input_file_ref idref="fl-f"/>
      </object_component>
      <object_component id="oc-39">
         <name>.debug_info</name>
         <load_address>0x79c4</load_address>
         <run_address>0x79c4</run_address>
         <size>0xf0d</size>
         <input_file_ref idref="fl-10"/>
      </object_component>
      <object_component id="oc-3d">
         <name>.debug_info</name>
         <load_address>0x88d1</load_address>
         <run_address>0x88d1</run_address>
         <size>0x27ab</size>
         <input_file_ref idref="fl-11"/>
      </object_component>
      <object_component id="oc-42">
         <name>.debug_info</name>
         <load_address>0xb07c</load_address>
         <run_address>0xb07c</run_address>
         <size>0xf63</size>
         <input_file_ref idref="fl-12"/>
      </object_component>
      <object_component id="oc-47">
         <name>.debug_info</name>
         <load_address>0xbfdf</load_address>
         <run_address>0xbfdf</run_address>
         <size>0x1400</size>
         <input_file_ref idref="fl-13"/>
      </object_component>
      <object_component id="oc-4b">
         <name>.debug_info</name>
         <load_address>0xd3df</load_address>
         <run_address>0xd3df</run_address>
         <size>0x6f2</size>
         <input_file_ref idref="fl-14"/>
      </object_component>
      <object_component id="oc-4f">
         <name>.debug_info</name>
         <load_address>0xdad1</load_address>
         <run_address>0xdad1</run_address>
         <size>0x7bf</size>
         <input_file_ref idref="fl-15"/>
      </object_component>
      <object_component id="oc-54">
         <name>.debug_info</name>
         <load_address>0xe290</load_address>
         <run_address>0xe290</run_address>
         <size>0x8e9</size>
         <input_file_ref idref="fl-16"/>
      </object_component>
      <object_component id="oc-57">
         <name>.debug_info</name>
         <load_address>0xeb79</load_address>
         <run_address>0xeb79</run_address>
         <size>0x633</size>
         <input_file_ref idref="fl-17"/>
      </object_component>
      <object_component id="oc-5c">
         <name>.debug_info</name>
         <load_address>0xf1ac</load_address>
         <run_address>0xf1ac</run_address>
         <size>0x2674</size>
         <input_file_ref idref="fl-18"/>
      </object_component>
      <object_component id="oc-60">
         <name>.debug_info</name>
         <load_address>0x11820</load_address>
         <run_address>0x11820</run_address>
         <size>0x6c8</size>
         <input_file_ref idref="fl-19"/>
      </object_component>
      <object_component id="oc-63">
         <name>.debug_info</name>
         <load_address>0x11ee8</load_address>
         <run_address>0x11ee8</run_address>
         <size>0x6d5</size>
         <input_file_ref idref="fl-1a"/>
      </object_component>
      <object_component id="oc-66">
         <name>.debug_info</name>
         <load_address>0x125bd</load_address>
         <run_address>0x125bd</run_address>
         <size>0x83e</size>
         <input_file_ref idref="fl-1b"/>
      </object_component>
      <object_component id="oc-69">
         <name>.debug_info</name>
         <load_address>0x12dfb</load_address>
         <run_address>0x12dfb</run_address>
         <size>0x6b6</size>
         <input_file_ref idref="fl-1c"/>
      </object_component>
      <object_component id="oc-6c">
         <name>.debug_info</name>
         <load_address>0x134b1</load_address>
         <run_address>0x134b1</run_address>
         <size>0x7ac</size>
         <input_file_ref idref="fl-1d"/>
      </object_component>
      <object_component id="oc-6f">
         <name>.debug_info</name>
         <load_address>0x13c5d</load_address>
         <run_address>0x13c5d</run_address>
         <size>0x5e1</size>
         <input_file_ref idref="fl-1e"/>
      </object_component>
      <object_component id="oc-71">
         <name>.debug_info</name>
         <load_address>0x1423e</load_address>
         <run_address>0x1423e</run_address>
         <size>0x6ce</size>
         <input_file_ref idref="fl-1f"/>
      </object_component>
      <object_component id="oc-75">
         <name>.debug_info</name>
         <load_address>0x1490c</load_address>
         <run_address>0x1490c</run_address>
         <size>0x96a</size>
         <input_file_ref idref="fl-20"/>
      </object_component>
      <object_component id="oc-78">
         <name>.debug_info</name>
         <load_address>0x15276</load_address>
         <run_address>0x15276</run_address>
         <size>0xbd</size>
         <input_file_ref idref="fl-21"/>
      </object_component>
      <object_component id="oc-7b">
         <name>.debug_info</name>
         <load_address>0x15333</load_address>
         <run_address>0x15333</run_address>
         <size>0x67e</size>
         <input_file_ref idref="fl-22"/>
      </object_component>
      <object_component id="oc-7e">
         <name>.debug_info</name>
         <load_address>0x159b1</load_address>
         <run_address>0x159b1</run_address>
         <size>0x697</size>
         <input_file_ref idref="fl-23"/>
      </object_component>
      <object_component id="oc-81">
         <name>.debug_info</name>
         <load_address>0x16048</load_address>
         <run_address>0x16048</run_address>
         <size>0x811</size>
         <input_file_ref idref="fl-24"/>
      </object_component>
      <object_component id="oc-84">
         <name>.debug_info</name>
         <load_address>0x16859</load_address>
         <run_address>0x16859</run_address>
         <size>0xa9d</size>
         <input_file_ref idref="fl-25"/>
      </object_component>
      <object_component id="oc-88">
         <name>.debug_info</name>
         <load_address>0x172f6</load_address>
         <run_address>0x172f6</run_address>
         <size>0x653</size>
         <input_file_ref idref="fl-26"/>
      </object_component>
      <object_component id="oc-8b">
         <name>.debug_info</name>
         <load_address>0x17949</load_address>
         <run_address>0x17949</run_address>
         <size>0x78a</size>
         <input_file_ref idref="fl-27"/>
      </object_component>
      <object_component id="oc-8e">
         <name>.debug_info</name>
         <load_address>0x180d3</load_address>
         <run_address>0x180d3</run_address>
         <size>0x785</size>
         <input_file_ref idref="fl-28"/>
      </object_component>
      <object_component id="oc-91">
         <name>.debug_info</name>
         <load_address>0x18858</load_address>
         <run_address>0x18858</run_address>
         <size>0x7fd</size>
         <input_file_ref idref="fl-29"/>
      </object_component>
      <object_component id="oc-94">
         <name>.debug_info</name>
         <load_address>0x19055</load_address>
         <run_address>0x19055</run_address>
         <size>0x6e8</size>
         <input_file_ref idref="fl-2a"/>
      </object_component>
      <object_component id="oc-97">
         <name>.debug_info</name>
         <load_address>0x1973d</load_address>
         <run_address>0x1973d</run_address>
         <size>0xe70</size>
         <input_file_ref idref="fl-2b"/>
      </object_component>
      <object_component id="oc-9c">
         <name>.debug_info</name>
         <load_address>0x1a5ad</load_address>
         <run_address>0x1a5ad</run_address>
         <size>0x716</size>
         <input_file_ref idref="fl-2c"/>
      </object_component>
      <object_component id="oc-9f">
         <name>.debug_info</name>
         <load_address>0x1acc3</load_address>
         <run_address>0x1acc3</run_address>
         <size>0x6b9</size>
         <input_file_ref idref="fl-2d"/>
      </object_component>
      <object_component id="oc-a2">
         <name>.debug_info</name>
         <load_address>0x1b37c</load_address>
         <run_address>0x1b37c</run_address>
         <size>0xcc</size>
         <input_file_ref idref="fl-2e"/>
      </object_component>
      <object_component id="oc-a5">
         <name>.debug_info</name>
         <load_address>0x1b448</load_address>
         <run_address>0x1b448</run_address>
         <size>0x79d</size>
         <input_file_ref idref="fl-2f"/>
      </object_component>
      <object_component id="oc-a8">
         <name>.debug_info</name>
         <load_address>0x1bbe5</load_address>
         <run_address>0x1bbe5</run_address>
         <size>0x5ff</size>
         <input_file_ref idref="fl-30"/>
      </object_component>
      <object_component id="oc-ab">
         <name>.debug_info</name>
         <load_address>0x1c1e4</load_address>
         <run_address>0x1c1e4</run_address>
         <size>0xdc3</size>
         <input_file_ref idref="fl-31"/>
      </object_component>
      <object_component id="oc-af">
         <name>.debug_info</name>
         <load_address>0x1cfa7</load_address>
         <run_address>0x1cfa7</run_address>
         <size>0x850</size>
         <input_file_ref idref="fl-32"/>
      </object_component>
      <object_component id="oc-b3">
         <name>.debug_info</name>
         <load_address>0x1d7f7</load_address>
         <run_address>0x1d7f7</run_address>
         <size>0x741</size>
         <input_file_ref idref="fl-33"/>
      </object_component>
      <object_component id="oc-b6">
         <name>.debug_info</name>
         <load_address>0x1df38</load_address>
         <run_address>0x1df38</run_address>
         <size>0x5b3</size>
         <input_file_ref idref="fl-34"/>
      </object_component>
      <object_component id="oc-b9">
         <name>.debug_info</name>
         <load_address>0x1e4eb</load_address>
         <run_address>0x1e4eb</run_address>
         <size>0x768</size>
         <input_file_ref idref="fl-35"/>
      </object_component>
      <object_component id="oc-bc">
         <name>.debug_info</name>
         <load_address>0x1ec53</load_address>
         <run_address>0x1ec53</run_address>
         <size>0x7a0</size>
         <input_file_ref idref="fl-36"/>
      </object_component>
      <object_component id="oc-bf">
         <name>.debug_info</name>
         <load_address>0x1f3f3</load_address>
         <run_address>0x1f3f3</run_address>
         <size>0x7f3</size>
         <input_file_ref idref="fl-37"/>
      </object_component>
      <object_component id="oc-c2">
         <name>.debug_info</name>
         <load_address>0x1fbe6</load_address>
         <run_address>0x1fbe6</run_address>
         <size>0x852</size>
         <input_file_ref idref="fl-38"/>
      </object_component>
      <object_component id="oc-c7">
         <name>.debug_info</name>
         <load_address>0x20438</load_address>
         <run_address>0x20438</run_address>
         <size>0xabf</size>
         <input_file_ref idref="fl-39"/>
      </object_component>
      <object_component id="oc-cd">
         <name>.debug_info</name>
         <load_address>0x20ef7</load_address>
         <run_address>0x20ef7</run_address>
         <size>0x7ed</size>
         <input_file_ref idref="fl-3a"/>
      </object_component>
      <object_component id="oc-d0">
         <name>.debug_info</name>
         <load_address>0x216e4</load_address>
         <run_address>0x216e4</run_address>
         <size>0x64b</size>
         <input_file_ref idref="fl-3b"/>
      </object_component>
      <object_component id="oc-141">
         <name>.debug_info</name>
         <load_address>0x21d2f</load_address>
         <run_address>0x21d2f</run_address>
         <size>0x6d</size>
      </object_component>
      <object_component id="oc-12">
         <name>.debug_line</name>
         <load_address>0x0</load_address>
         <run_address>0x0</run_address>
         <size>0xcd</size>
         <input_file_ref idref="fl-2"/>
      </object_component>
      <object_component id="oc-16">
         <name>.debug_line</name>
         <load_address>0xcd</load_address>
         <run_address>0xcd</run_address>
         <size>0x26</size>
         <input_file_ref idref="fl-3"/>
      </object_component>
      <object_component id="oc-20">
         <name>.debug_line</name>
         <load_address>0xf3</load_address>
         <run_address>0xf3</run_address>
         <size>0x79</size>
         <input_file_ref idref="fl-5"/>
      </object_component>
      <object_component id="oc-24">
         <name>.debug_line</name>
         <load_address>0x16c</load_address>
         <run_address>0x16c</run_address>
         <size>0x27</size>
         <input_file_ref idref="fl-6"/>
      </object_component>
      <object_component id="oc-28">
         <name>.debug_line</name>
         <load_address>0x193</load_address>
         <run_address>0x193</run_address>
         <size>0x37</size>
         <input_file_ref idref="fl-7"/>
      </object_component>
      <object_component id="oc-2f">
         <name>.debug_line</name>
         <load_address>0x1ca</load_address>
         <run_address>0x1ca</run_address>
         <size>0x601</size>
         <input_file_ref idref="fl-8"/>
      </object_component>
      <object_component id="oc-33">
         <name>.debug_line</name>
         <load_address>0x7cb</load_address>
         <run_address>0x7cb</run_address>
         <size>0xd8</size>
         <input_file_ref idref="fl-e"/>
      </object_component>
      <object_component id="oc-37">
         <name>.debug_line</name>
         <load_address>0x8a3</load_address>
         <run_address>0x8a3</run_address>
         <size>0x1ba</size>
         <input_file_ref idref="fl-f"/>
      </object_component>
      <object_component id="oc-3b">
         <name>.debug_line</name>
         <load_address>0xa5d</load_address>
         <run_address>0xa5d</run_address>
         <size>0xad</size>
         <input_file_ref idref="fl-10"/>
      </object_component>
      <object_component id="oc-40">
         <name>.debug_line</name>
         <load_address>0xb0a</load_address>
         <run_address>0xb0a</run_address>
         <size>0x2d8</size>
         <input_file_ref idref="fl-11"/>
      </object_component>
      <object_component id="oc-44">
         <name>.debug_line</name>
         <load_address>0xde2</load_address>
         <run_address>0xde2</run_address>
         <size>0x169</size>
         <input_file_ref idref="fl-12"/>
      </object_component>
      <object_component id="oc-49">
         <name>.debug_line</name>
         <load_address>0xf4b</load_address>
         <run_address>0xf4b</run_address>
         <size>0x143</size>
         <input_file_ref idref="fl-13"/>
      </object_component>
      <object_component id="oc-4d">
         <name>.debug_line</name>
         <load_address>0x108e</load_address>
         <run_address>0x108e</run_address>
         <size>0x3d</size>
         <input_file_ref idref="fl-14"/>
      </object_component>
      <object_component id="oc-52">
         <name>.debug_line</name>
         <load_address>0x10cb</load_address>
         <run_address>0x10cb</run_address>
         <size>0x4f</size>
         <input_file_ref idref="fl-15"/>
      </object_component>
      <object_component id="oc-55">
         <name>.debug_line</name>
         <load_address>0x111a</load_address>
         <run_address>0x111a</run_address>
         <size>0x6a</size>
         <input_file_ref idref="fl-16"/>
      </object_component>
      <object_component id="oc-5a">
         <name>.debug_line</name>
         <load_address>0x1184</load_address>
         <run_address>0x1184</run_address>
         <size>0x35</size>
         <input_file_ref idref="fl-17"/>
      </object_component>
      <object_component id="oc-5e">
         <name>.debug_line</name>
         <load_address>0x11b9</load_address>
         <run_address>0x11b9</run_address>
         <size>0x31a</size>
         <input_file_ref idref="fl-18"/>
      </object_component>
      <object_component id="oc-61">
         <name>.debug_line</name>
         <load_address>0x14d3</load_address>
         <run_address>0x14d3</run_address>
         <size>0x3f</size>
         <input_file_ref idref="fl-19"/>
      </object_component>
      <object_component id="oc-64">
         <name>.debug_line</name>
         <load_address>0x1512</load_address>
         <run_address>0x1512</run_address>
         <size>0x45</size>
         <input_file_ref idref="fl-1a"/>
      </object_component>
      <object_component id="oc-67">
         <name>.debug_line</name>
         <load_address>0x1557</load_address>
         <run_address>0x1557</run_address>
         <size>0x49</size>
         <input_file_ref idref="fl-1b"/>
      </object_component>
      <object_component id="oc-6a">
         <name>.debug_line</name>
         <load_address>0x15a0</load_address>
         <run_address>0x15a0</run_address>
         <size>0x45</size>
         <input_file_ref idref="fl-1c"/>
      </object_component>
      <object_component id="oc-6d">
         <name>.debug_line</name>
         <load_address>0x15e5</load_address>
         <run_address>0x15e5</run_address>
         <size>0x44</size>
         <input_file_ref idref="fl-1d"/>
      </object_component>
      <object_component id="oc-76">
         <name>.debug_line</name>
         <load_address>0x1629</load_address>
         <run_address>0x1629</run_address>
         <size>0x3c</size>
         <input_file_ref idref="fl-20"/>
      </object_component>
      <object_component id="oc-79">
         <name>.debug_line</name>
         <load_address>0x1665</load_address>
         <run_address>0x1665</run_address>
         <size>0x44</size>
         <input_file_ref idref="fl-21"/>
      </object_component>
      <object_component id="oc-7c">
         <name>.debug_line</name>
         <load_address>0x16a9</load_address>
         <run_address>0x16a9</run_address>
         <size>0x3d</size>
         <input_file_ref idref="fl-22"/>
      </object_component>
      <object_component id="oc-7f">
         <name>.debug_line</name>
         <load_address>0x16e6</load_address>
         <run_address>0x16e6</run_address>
         <size>0x3d</size>
         <input_file_ref idref="fl-23"/>
      </object_component>
      <object_component id="oc-82">
         <name>.debug_line</name>
         <load_address>0x1723</load_address>
         <run_address>0x1723</run_address>
         <size>0x3f</size>
         <input_file_ref idref="fl-24"/>
      </object_component>
      <object_component id="oc-86">
         <name>.debug_line</name>
         <load_address>0x1762</load_address>
         <run_address>0x1762</run_address>
         <size>0x93</size>
         <input_file_ref idref="fl-25"/>
      </object_component>
      <object_component id="oc-89">
         <name>.debug_line</name>
         <load_address>0x17f5</load_address>
         <run_address>0x17f5</run_address>
         <size>0x3e</size>
         <input_file_ref idref="fl-26"/>
      </object_component>
      <object_component id="oc-8c">
         <name>.debug_line</name>
         <load_address>0x1833</load_address>
         <run_address>0x1833</run_address>
         <size>0x73</size>
         <input_file_ref idref="fl-27"/>
      </object_component>
      <object_component id="oc-8f">
         <name>.debug_line</name>
         <load_address>0x18a6</load_address>
         <run_address>0x18a6</run_address>
         <size>0x61</size>
         <input_file_ref idref="fl-28"/>
      </object_component>
      <object_component id="oc-92">
         <name>.debug_line</name>
         <load_address>0x1907</load_address>
         <run_address>0x1907</run_address>
         <size>0x38</size>
         <input_file_ref idref="fl-29"/>
      </object_component>
      <object_component id="oc-95">
         <name>.debug_line</name>
         <load_address>0x193f</load_address>
         <run_address>0x193f</run_address>
         <size>0x56</size>
         <input_file_ref idref="fl-2a"/>
      </object_component>
      <object_component id="oc-9a">
         <name>.debug_line</name>
         <load_address>0x1995</load_address>
         <run_address>0x1995</run_address>
         <size>0xf5</size>
         <input_file_ref idref="fl-2b"/>
      </object_component>
      <object_component id="oc-9d">
         <name>.debug_line</name>
         <load_address>0x1a8a</load_address>
         <run_address>0x1a8a</run_address>
         <size>0x40</size>
         <input_file_ref idref="fl-2c"/>
      </object_component>
      <object_component id="oc-a0">
         <name>.debug_line</name>
         <load_address>0x1aca</load_address>
         <run_address>0x1aca</run_address>
         <size>0x3f</size>
         <input_file_ref idref="fl-2d"/>
      </object_component>
      <object_component id="oc-a3">
         <name>.debug_line</name>
         <load_address>0x1b09</load_address>
         <run_address>0x1b09</run_address>
         <size>0x4a</size>
         <input_file_ref idref="fl-2e"/>
      </object_component>
      <object_component id="oc-a6">
         <name>.debug_line</name>
         <load_address>0x1b53</load_address>
         <run_address>0x1b53</run_address>
         <size>0x46</size>
         <input_file_ref idref="fl-2f"/>
      </object_component>
      <object_component id="oc-a9">
         <name>.debug_line</name>
         <load_address>0x1b99</load_address>
         <run_address>0x1b99</run_address>
         <size>0x39</size>
         <input_file_ref idref="fl-30"/>
      </object_component>
      <object_component id="oc-ad">
         <name>.debug_line</name>
         <load_address>0x1bd2</load_address>
         <run_address>0x1bd2</run_address>
         <size>0x126</size>
         <input_file_ref idref="fl-31"/>
      </object_component>
      <object_component id="oc-b1">
         <name>.debug_line</name>
         <load_address>0x1cf8</load_address>
         <run_address>0x1cf8</run_address>
         <size>0x66</size>
         <input_file_ref idref="fl-32"/>
      </object_component>
      <object_component id="oc-b4">
         <name>.debug_line</name>
         <load_address>0x1d5e</load_address>
         <run_address>0x1d5e</run_address>
         <size>0x40</size>
         <input_file_ref idref="fl-33"/>
      </object_component>
      <object_component id="oc-b7">
         <name>.debug_line</name>
         <load_address>0x1d9e</load_address>
         <run_address>0x1d9e</run_address>
         <size>0x23</size>
         <input_file_ref idref="fl-34"/>
      </object_component>
      <object_component id="oc-ba">
         <name>.debug_line</name>
         <load_address>0x1dc1</load_address>
         <run_address>0x1dc1</run_address>
         <size>0x3e</size>
         <input_file_ref idref="fl-35"/>
      </object_component>
      <object_component id="oc-bd">
         <name>.debug_line</name>
         <load_address>0x1dff</load_address>
         <run_address>0x1dff</run_address>
         <size>0x3c</size>
         <input_file_ref idref="fl-36"/>
      </object_component>
      <object_component id="oc-c0">
         <name>.debug_line</name>
         <load_address>0x1e3b</load_address>
         <run_address>0x1e3b</run_address>
         <size>0x3f</size>
         <input_file_ref idref="fl-37"/>
      </object_component>
      <object_component id="oc-c5">
         <name>.debug_line</name>
         <load_address>0x1e7a</load_address>
         <run_address>0x1e7a</run_address>
         <size>0x42</size>
         <input_file_ref idref="fl-38"/>
      </object_component>
      <object_component id="oc-cb">
         <name>.debug_line</name>
         <load_address>0x1ebc</load_address>
         <run_address>0x1ebc</run_address>
         <size>0xa7</size>
         <input_file_ref idref="fl-39"/>
      </object_component>
      <object_component id="oc-ce">
         <name>.debug_line</name>
         <load_address>0x1f63</load_address>
         <run_address>0x1f63</run_address>
         <size>0x3e</size>
         <input_file_ref idref="fl-3a"/>
      </object_component>
      <object_component id="oc-d1">
         <name>.debug_line</name>
         <load_address>0x1fa1</load_address>
         <run_address>0x1fa1</run_address>
         <size>0x39</size>
         <input_file_ref idref="fl-3b"/>
      </object_component>
      <object_component id="oc-13">
         <name>.debug_abbrev</name>
         <load_address>0x0</load_address>
         <run_address>0x0</run_address>
         <size>0x20</size>
         <input_file_ref idref="fl-2"/>
      </object_component>
      <object_component id="oc-17">
         <name>.debug_abbrev</name>
         <load_address>0x20</load_address>
         <run_address>0x20</run_address>
         <size>0xab</size>
         <input_file_ref idref="fl-3"/>
      </object_component>
      <object_component id="oc-19">
         <name>.debug_abbrev</name>
         <load_address>0xcb</load_address>
         <run_address>0xcb</run_address>
         <size>0x34</size>
         <input_file_ref idref="fl-4"/>
      </object_component>
      <object_component id="oc-21">
         <name>.debug_abbrev</name>
         <load_address>0xff</load_address>
         <run_address>0xff</run_address>
         <size>0x110</size>
         <input_file_ref idref="fl-5"/>
      </object_component>
      <object_component id="oc-25">
         <name>.debug_abbrev</name>
         <load_address>0x20f</load_address>
         <run_address>0x20f</run_address>
         <size>0xf8</size>
         <input_file_ref idref="fl-6"/>
      </object_component>
      <object_component id="oc-29">
         <name>.debug_abbrev</name>
         <load_address>0x307</load_address>
         <run_address>0x307</run_address>
         <size>0xdf</size>
         <input_file_ref idref="fl-7"/>
      </object_component>
      <object_component id="oc-30">
         <name>.debug_abbrev</name>
         <load_address>0x3e6</load_address>
         <run_address>0x3e6</run_address>
         <size>0x229</size>
         <input_file_ref idref="fl-8"/>
      </object_component>
      <object_component id="oc-34">
         <name>.debug_abbrev</name>
         <load_address>0x60f</load_address>
         <run_address>0x60f</run_address>
         <size>0x104</size>
         <input_file_ref idref="fl-e"/>
      </object_component>
      <object_component id="oc-38">
         <name>.debug_abbrev</name>
         <load_address>0x713</load_address>
         <run_address>0x713</run_address>
         <size>0x175</size>
         <input_file_ref idref="fl-f"/>
      </object_component>
      <object_component id="oc-3c">
         <name>.debug_abbrev</name>
         <load_address>0x888</load_address>
         <run_address>0x888</run_address>
         <size>0xf0</size>
         <input_file_ref idref="fl-10"/>
      </object_component>
      <object_component id="oc-41">
         <name>.debug_abbrev</name>
         <load_address>0x978</load_address>
         <run_address>0x978</run_address>
         <size>0x208</size>
         <input_file_ref idref="fl-11"/>
      </object_component>
      <object_component id="oc-45">
         <name>.debug_abbrev</name>
         <load_address>0xb80</load_address>
         <run_address>0xb80</run_address>
         <size>0x147</size>
         <input_file_ref idref="fl-12"/>
      </object_component>
      <object_component id="oc-4a">
         <name>.debug_abbrev</name>
         <load_address>0xcc7</load_address>
         <run_address>0xcc7</run_address>
         <size>0x136</size>
         <input_file_ref idref="fl-13"/>
      </object_component>
      <object_component id="oc-4e">
         <name>.debug_abbrev</name>
         <load_address>0xdfd</load_address>
         <run_address>0xdfd</run_address>
         <size>0xfe</size>
         <input_file_ref idref="fl-14"/>
      </object_component>
      <object_component id="oc-53">
         <name>.debug_abbrev</name>
         <load_address>0xefb</load_address>
         <run_address>0xefb</run_address>
         <size>0x119</size>
         <input_file_ref idref="fl-15"/>
      </object_component>
      <object_component id="oc-56">
         <name>.debug_abbrev</name>
         <load_address>0x1014</load_address>
         <run_address>0x1014</run_address>
         <size>0x161</size>
         <input_file_ref idref="fl-16"/>
      </object_component>
      <object_component id="oc-5b">
         <name>.debug_abbrev</name>
         <load_address>0x1175</load_address>
         <run_address>0x1175</run_address>
         <size>0x9f</size>
         <input_file_ref idref="fl-17"/>
      </object_component>
      <object_component id="oc-5f">
         <name>.debug_abbrev</name>
         <load_address>0x1214</load_address>
         <run_address>0x1214</run_address>
         <size>0x1d1</size>
         <input_file_ref idref="fl-18"/>
      </object_component>
      <object_component id="oc-62">
         <name>.debug_abbrev</name>
         <load_address>0x13e5</load_address>
         <run_address>0x13e5</run_address>
         <size>0xe1</size>
         <input_file_ref idref="fl-19"/>
      </object_component>
      <object_component id="oc-65">
         <name>.debug_abbrev</name>
         <load_address>0x14c6</load_address>
         <run_address>0x14c6</run_address>
         <size>0xcc</size>
         <input_file_ref idref="fl-1a"/>
      </object_component>
      <object_component id="oc-68">
         <name>.debug_abbrev</name>
         <load_address>0x1592</load_address>
         <run_address>0x1592</run_address>
         <size>0x13f</size>
         <input_file_ref idref="fl-1b"/>
      </object_component>
      <object_component id="oc-6b">
         <name>.debug_abbrev</name>
         <load_address>0x16d1</load_address>
         <run_address>0x16d1</run_address>
         <size>0xdd</size>
         <input_file_ref idref="fl-1c"/>
      </object_component>
      <object_component id="oc-6e">
         <name>.debug_abbrev</name>
         <load_address>0x17ae</load_address>
         <run_address>0x17ae</run_address>
         <size>0x10c</size>
         <input_file_ref idref="fl-1d"/>
      </object_component>
      <object_component id="oc-70">
         <name>.debug_abbrev</name>
         <load_address>0x18ba</load_address>
         <run_address>0x18ba</run_address>
         <size>0x5f</size>
         <input_file_ref idref="fl-1e"/>
      </object_component>
      <object_component id="oc-74">
         <name>.debug_abbrev</name>
         <load_address>0x1919</load_address>
         <run_address>0x1919</run_address>
         <size>0x8e</size>
         <input_file_ref idref="fl-1f"/>
      </object_component>
      <object_component id="oc-77">
         <name>.debug_abbrev</name>
         <load_address>0x19a7</load_address>
         <run_address>0x19a7</run_address>
         <size>0xf5</size>
         <input_file_ref idref="fl-20"/>
      </object_component>
      <object_component id="oc-7a">
         <name>.debug_abbrev</name>
         <load_address>0x1a9c</load_address>
         <run_address>0x1a9c</run_address>
         <size>0x3a</size>
         <input_file_ref idref="fl-21"/>
      </object_component>
      <object_component id="oc-7d">
         <name>.debug_abbrev</name>
         <load_address>0x1ad6</load_address>
         <run_address>0x1ad6</run_address>
         <size>0xac</size>
         <input_file_ref idref="fl-22"/>
      </object_component>
      <object_component id="oc-80">
         <name>.debug_abbrev</name>
         <load_address>0x1b82</load_address>
         <run_address>0x1b82</run_address>
         <size>0xc3</size>
         <input_file_ref idref="fl-23"/>
      </object_component>
      <object_component id="oc-83">
         <name>.debug_abbrev</name>
         <load_address>0x1c45</load_address>
         <run_address>0x1c45</run_address>
         <size>0x11f</size>
         <input_file_ref idref="fl-24"/>
      </object_component>
      <object_component id="oc-87">
         <name>.debug_abbrev</name>
         <load_address>0x1d64</load_address>
         <run_address>0x1d64</run_address>
         <size>0x14b</size>
         <input_file_ref idref="fl-25"/>
      </object_component>
      <object_component id="oc-8a">
         <name>.debug_abbrev</name>
         <load_address>0x1eaf</load_address>
         <run_address>0x1eaf</run_address>
         <size>0x8c</size>
         <input_file_ref idref="fl-26"/>
      </object_component>
      <object_component id="oc-8d">
         <name>.debug_abbrev</name>
         <load_address>0x1f3b</load_address>
         <run_address>0x1f3b</run_address>
         <size>0xc3</size>
         <input_file_ref idref="fl-27"/>
      </object_component>
      <object_component id="oc-90">
         <name>.debug_abbrev</name>
         <load_address>0x1ffe</load_address>
         <run_address>0x1ffe</run_address>
         <size>0xc3</size>
         <input_file_ref idref="fl-28"/>
      </object_component>
      <object_component id="oc-93">
         <name>.debug_abbrev</name>
         <load_address>0x20c1</load_address>
         <run_address>0x20c1</run_address>
         <size>0xd0</size>
         <input_file_ref idref="fl-29"/>
      </object_component>
      <object_component id="oc-96">
         <name>.debug_abbrev</name>
         <load_address>0x2191</load_address>
         <run_address>0x2191</run_address>
         <size>0xa3</size>
         <input_file_ref idref="fl-2a"/>
      </object_component>
      <object_component id="oc-9b">
         <name>.debug_abbrev</name>
         <load_address>0x2234</load_address>
         <run_address>0x2234</run_address>
         <size>0x215</size>
         <input_file_ref idref="fl-2b"/>
      </object_component>
      <object_component id="oc-9e">
         <name>.debug_abbrev</name>
         <load_address>0x2449</load_address>
         <run_address>0x2449</run_address>
         <size>0xe3</size>
         <input_file_ref idref="fl-2c"/>
      </object_component>
      <object_component id="oc-a1">
         <name>.debug_abbrev</name>
         <load_address>0x252c</load_address>
         <run_address>0x252c</run_address>
         <size>0xae</size>
         <input_file_ref idref="fl-2d"/>
      </object_component>
      <object_component id="oc-a4">
         <name>.debug_abbrev</name>
         <load_address>0x25da</load_address>
         <run_address>0x25da</run_address>
         <size>0x3a</size>
         <input_file_ref idref="fl-2e"/>
      </object_component>
      <object_component id="oc-a7">
         <name>.debug_abbrev</name>
         <load_address>0x2614</load_address>
         <run_address>0x2614</run_address>
         <size>0xd0</size>
         <input_file_ref idref="fl-2f"/>
      </object_component>
      <object_component id="oc-aa">
         <name>.debug_abbrev</name>
         <load_address>0x26e4</load_address>
         <run_address>0x26e4</run_address>
         <size>0x71</size>
         <input_file_ref idref="fl-30"/>
      </object_component>
      <object_component id="oc-ae">
         <name>.debug_abbrev</name>
         <load_address>0x2755</load_address>
         <run_address>0x2755</run_address>
         <size>0x180</size>
         <input_file_ref idref="fl-31"/>
      </object_component>
      <object_component id="oc-b2">
         <name>.debug_abbrev</name>
         <load_address>0x28d5</load_address>
         <run_address>0x28d5</run_address>
         <size>0xd5</size>
         <input_file_ref idref="fl-32"/>
      </object_component>
      <object_component id="oc-b5">
         <name>.debug_abbrev</name>
         <load_address>0x29aa</load_address>
         <run_address>0x29aa</run_address>
[...]
      </symbol>
      <symbol id="sm-189">
         <name>_L138_initialise_poll</name>
         <value>0x118111c4</value>
         <object_component_ref idref="oc-d6"/>
      </symbol>
      <symbol id="sm-18a">
         <name>_output_left_sample</name>
         <value>0x11810068</value>
         <object_component_ref idref="oc-d6"/>
      </symbol>
      <symbol id="sm-18b">
         <name>_L138_init_mcasp_intr</name>
         <value>0x118108ec</value>
         <object_component_ref idref="oc-d6"/>
      </symbol>
      <symbol id="sm-18c">
         <name>_input_left_sample</name>
         <value>0x118101a8</value>
         <object_component_ref idref="oc-d6"/>
      </symbol>
      <symbol id="sm-18d">
         <name>_prand_seed</name>
         <value>0x1181a528</value>
         <object_component_ref idref="oc-2a"/>
      </symbol>
      <symbol id="sm-18e">
         <name>_output_sample</name>
         <value>0x11810000</value>
         <object_component_ref idref="oc-d6"/>
      </symbol>
      <symbol id="sm-18f">
         <name>_pingIN</name>
         <value>0x1181a514</value>
         <object_component_ref idref="oc-2a"/>
      </symbol>
      <symbol id="sm-190">
         <name>_AIC31_data</name>
         <value>0x11819dbc</value>
         <object_component_ref idref="oc-2d"/>
      </symbol>
      <symbol id="sm-191">
         <name>_sreg</name>
         <value>0x11819dc0</value>
         <object_component_ref idref="oc-2d"/>
      </symbol>
      <symbol id="sm-192">
         <name>_input_right_sample</name>
         <value>0x11810200</value>
         <object_component_ref idref="oc-d6"/>
      </symbol>
      <symbol id="sm-193">
         <name>_EDMA3_PaRAM_setup</name>
         <value>0x11810258</value>
         <object_component_ref idref="oc-d6"/>
      </symbol>
      <symbol id="sm-194">
         <name>_L138_init_LCDK_DIP</name>
         <value>0x11811118</value>
         <object_component_ref idref="oc-d6"/>
      </symbol>
      <symbol id="sm-195">
         <name>_prand</name>
         <value>0x11811534</value>
         <object_component_ref idref="oc-d6"/>
      </symbol>
      <symbol id="sm-196">
         <name>_fb</name>
         <value>0x1181a524</value>
         <object_component_ref idref="oc-2a"/>
      </symbol>
      <symbol id="sm-197">
         <name>_rand31_next</name>
         <value>0x118114b8</value>
         <object_component_ref idref="oc-d6"/>
      </symbol>
      <symbol id="sm-198">
         <name>_read_LCDK_user_DIP</name>
         <value>0x11811160</value>
         <object_component_ref idref="oc-d6"/>
      </symbol>
      <symbol id="sm-199">
         <name>_L138_init_mcasp_edma</name>
         <value>0x11810630</value>
         <object_component_ref idref="oc-d6"/>
      </symbol>
      <symbol id="sm-19a">
         <name>_L138_init_aic3106_registers</name>
         <value>0x11810de0</value>
         <object_component_ref idref="oc-d6"/>
      </symbol>
      <symbol id="sm-19b">
         <name>_L138_initialise_intr</name>
         <value>0x118112ac</value>
         <object_component_ref idref="oc-d6"/>
      </symbol>
      <symbol id="sm-19c">
         <name>_input_sample</name>
         <value>0x11810150</value>
         <object_component_ref idref="oc-d6"/>
      </symbol>
      <symbol id="sm-19d">
         <name>_output_right_sample</name>
         <value>0x118100e0</value>
         <object_component_ref idref="oc-d6"/>
      </symbol>
      <symbol id="sm-19e">
         <name>_pongIN</name>
         <value>0x1181a51c</value>
         <object_component_ref idref="oc-2a"/>
      </symbol>
      <symbol id="sm-19f">
         <name>_pongOUT</name>
         <value>0x1181a520</value>
         <object_component_ref idref="oc-2a"/>
      </symbol>
      <symbol id="sm-1a0">
         <name>_pingOUT</name>
         <value>0x1181a518</value>
         <object_component_ref idref="oc-2a"/>
      </symbol>
      <symbol id="sm-1a1">
         <name>_L138_init_mcasp_poll</name>
         <value>0x11810b4c</value>
         <object_component_ref idref="oc-d6"/>
      </symbol>
      <symbol id="sm-1b0">
         <name>_USTIMER_get</name>
         <value>0x11816684</value>
         <object_component_ref idref="oc-e6"/>
      </symbol>
      <symbol id="sm-1b1">
         <name>_USTIMER_delay</name>
         <value>0x118165c4</value>
         <object_component_ref idref="oc-e6"/>
      </symbol>
      <symbol id="sm-1b2">
         <name>_USTIMER_set</name>
         <value>0x11816698</value>
         <object_component_ref idref="oc-e6"/>
      </symbol>
      <symbol id="sm-1b3">
         <name>_USTIMER_init</name>
         <value>0x118164e0</value>
         <object_component_ref idref="oc-e6"/>
      </symbol>
      <symbol id="sm-1b4">
         <name>_USTIMER_reset</name>
         <value>0x11816654</value>
         <object_component_ref idref="oc-e6"/>
      </symbol>
      <symbol id="sm-1ee">
         <name>_GPIO_getInput</name>
         <value>0x11813e18</value>
         <object_component_ref idref="oc-e5"/>
      </symbol>
      <symbol id="sm-1ef">
         <name>_GPIO_setDir</name>
         <value>0x11813da0</value>
         <object_component_ref idref="oc-e5"/>
      </symbol>
      <symbol id="sm-1f0">
         <name>_GPIO_toggleLoop</name>
         <value>0x11813f0c</value>
         <object_component_ref idref="oc-e5"/>
      </symbol>
      <symbol id="sm-1f1">
         <name>_GPIO_setOutput</name>
         <value>0x11813e8c</value>
         <object_component_ref idref="oc-e5"/>
      </symbol>
      <symbol id="sm-21d">
         <name>_AIC3106_writeRegister</name>
         <value>0x11816b70</value>
         <object_component_ref idref="oc-e4"/>
      </symbol>
      <symbol id="sm-21e">
         <name>_AIC3106_init</name>
         <value>0x11816a20</value>
         <object_component_ref idref="oc-e4"/>
      </symbol>
      <symbol id="sm-21f">
         <name>_AIC3106_readRegister</name>
         <value>0x11816b18</value>
         <object_component_ref idref="oc-e4"/>
      </symbol>
      <symbol id="sm-2bc">
         <name>_config_pll1</name>
         <value>0x11811e24</value>
         <object_component_ref idref="oc-e7"/>
      </symbol>
      <symbol id="sm-2bd">
         <name>_config_pll0</name>
         <value>0x11811be8</value>
         <object_component_ref idref="oc-e7"/>
      </symbol>
      <symbol id="sm-2be">
         <name>_UTIL_isUIBoardAttached</name>
         <value>0x11812160</value>
         <object_component_ref idref="oc-e7"/>
      </symbol>
      <symbol id="sm-2bf">
         <name>_EVMOMAPL138_initRAM</name>
         <value>0x1181158c</value>
         <object_component_ref idref="oc-e7"/>
      </symbol>
      <symbol id="sm-2c0">
         <name>_EVMOMAPL138_lpscTransition</name>
         <value>0x11811810</value>
         <object_component_ref idref="oc-e7"/>
      </symbol>
      <symbol id="sm-2c1">
         <name>_EVMOMAPL138_enableDsp</name>
         <value>0x11811748</value>
         <object_component_ref idref="oc-e7"/>
      </symbol>
      <symbol id="sm-2c2">
         <name>_EVMOMAPL138_init</name>
         <value>0x11811560</value>
         <object_component_ref idref="oc-e7"/>
      </symbol>
      <symbol id="sm-2c3">
         <name>_UTIL_printMem</name>
         <value>0x11812008</value>
         <object_component_ref idref="oc-e7"/>
      </symbol>
      <symbol id="sm-2c4">
         <name>_EVMOMAPL138_pinmuxConfig</name>
         <value>0x11811774</value>
         <object_component_ref idref="oc-e7"/>
      </symbol>
      <symbol id="sm-2c5">
         <name>_bitval_u32</name>
         <value>0x1181a308</value>
         <object_component_ref idref="oc-ec"/>
      </symbol>
      <symbol id="sm-2f3">
         <name>_I2CGPIO_getInput</name>
         <value>0x11812d74</value>
         <object_component_ref idref="oc-ee"/>
      </symbol>
      <symbol id="sm-2f4">
         <name>_I2CGPIO_setOutputAll</name>
         <value>0x118130e8</value>
         <object_component_ref idref="oc-ee"/>
      </symbol>
      <symbol id="sm-2f5">
         <name>_I2CGPIO_setOutput</name>
         <value>0x11812fa0</value>
         <object_component_ref idref="oc-ee"/>
      </symbol>
      <symbol id="sm-2f6">
         <name>_I2CGPIO_getInputAll</name>
         <value>0x11812e90</value>
         <object_component_ref idref="oc-ee"/>
      </symbol>
      <symbol id="sm-2f7">
         <name>_I2CGPIO_init</name>
         <value>0x11812ca0</value>
         <object_component_ref idref="oc-ee"/>
      </symbol>
      <symbol id="sm-340">
         <name>_I2C_read</name>
         <value>0x1181420c</value>
         <object_component_ref idref="oc-ea"/>
      </symbol>
      <symbol id="sm-341">
         <name>_I2C_write</name>
         <value>0x11814368</value>
         <object_component_ref idref="oc-ea"/>
      </symbol>
      <symbol id="sm-342">
         <name>_I2C_init</name>
         <value>0x11814120</value>
         <object_component_ref idref="oc-ea"/>
      </symbol>
      <symbol id="sm-351">
         <name>_c_int00</name>
         <value>0x11818b80</value>
         <object_component_ref idref="oc-e"/>
      </symbol>
      <symbol id="sm-352">
         <name>__stack</name>
         <value>0x11819100</value>
         <object_component_ref idref="oc-4c"/>
      </symbol>
      <symbol id="sm-369">
         <name>C$$EXIT</name>
         <value>0x11819080</value>
         <object_component_ref idref="oc-e3"/>
      </symbol>
      <symbol id="sm-36a">
         <name>_exit</name>
         <value>0x11818040</value>
         <object_component_ref idref="oc-d5"/>
      </symbol>
      <symbol id="sm-36b">
         <name>___TI_enable_exit_profile_output</name>
         <value>0x11819db8</value>
         <object_component_ref idref="oc-51"/>
      </symbol>
      <symbol id="sm-36c">
         <name>_abort</name>
         <value>0x11819080</value>
         <object_component_ref idref="oc-e3"/>
      </symbol>
      <symbol id="sm-36d">
         <name>__cleanup_ptr</name>
         <value>0x11819db0</value>
         <object_component_ref idref="oc-51"/>
      </symbol>
      <symbol id="sm-36e">
         <name>__dtors_ptr</name>
         <value>0x11819db4</value>
         <object_component_ref idref="oc-51"/>
      </symbol>
      <symbol id="sm-383">
         <name>_printf</name>
         <value>0x11817a20</value>
         <object_component_ref idref="oc-ed"/>
      </symbol>
      <symbol id="sm-391">
         <name>__unlock</name>
         <value>0x11819dc8</value>
         <object_component_ref idref="oc-59"/>
      </symbol>
      <symbol id="sm-392">
         <name>__lock</name>
         <value>0x11819dc4</value>
         <object_component_ref idref="oc-59"/>
      </symbol>
      <symbol id="sm-393">
         <name>__nop</name>
         <value>0x11819020</value>
         <object_component_ref idref="oc-d7"/>
      </symbol>
      <symbol id="sm-49d">
         <name>__printfi</name>
         <value>0x11813180</value>
         <object_component_ref idref="oc-f0"/>
      </symbol>
      <symbol id="sm-4a7">
         <name>__args_main</name>
         <value>0x11818f00</value>
         <object_component_ref idref="oc-d4"/>
      </symbol>
      <symbol id="sm-4a8">
         <name>__TI_args_main</name>
         <value>0x1</value>
      </symbol>
      <symbol id="sm-4b6">
         <name>_atoi</name>
         <value>0x11817780</value>
         <object_component_ref idref="oc-fc"/>
      </symbol>
      <symbol id="sm-4c5">
         <name>__auto_init</name>
         <value>0x11817d40</value>
         <object_component_ref idref="oc-d3"/>
      </symbol>
      <symbol id="sm-4d2">
         <name>___TI_cpp_init</name>
         <value>0x11818d00</value>
         <object_component_ref idref="oc-e1"/>
      </symbol>
      <symbol id="sm-4e0">
         <name>_copy_in</name>
         <value>0x11818620</value>
         <object_component_ref idref="oc-df"/>
      </symbol>
      <symbol id="sm-4e8">
         <name>__ctypes_</name>
         <value>0x1181a200</value>
         <object_component_ref idref="oc-102"/>
      </symbol>
      <symbol id="sm-4f2">
         <name>__tmpnams</name>
         <value>0x11819ae0</value>
         <object_component_ref idref="oc-73"/>
      </symbol>
      <symbol id="sm-4f3">
         <name>__ft_end</name>
         <value>0x11819c20</value>
         <object_component_ref idref="oc-73"/>
      </symbol>
      <symbol id="sm-4f4">
         <name>__ftable</name>
         <value>0x11819900</value>
         <object_component_ref idref="oc-73"/>
      </symbol>
      <symbol id="sm-506">
         <name>__divd</name>
         <value>0x11812180</value>
         <object_component_ref idref="oc-114"/>
      </symbol>
      <symbol id="sm-50f">
         <name>__c6xabi_divu</name>
         <value>0x11817ec0</value>
         <object_component_ref idref="oc-11e"/>
      </symbol>
      <symbol id="sm-510">
         <name>__divu</name>
         <value>0x11817ec0</value>
         <object_component_ref idref="oc-11e"/>
      </symbol>
      <symbol id="sm-51d">
         <name>__fixdli</name>
         <value>0x118184e0</value>
         <object_component_ref idref="oc-119"/>
      </symbol>
      <symbol id="sm-528">
         <name>__fltlid</name>
         <value>0x11818a80</value>
         <object_component_ref idref="oc-11b"/>
      </symbol>
      <symbol id="sm-543">
         <name>_putc</name>
         <value>0x11815ec0</value>
         <object_component_ref idref="oc-f7"/>
      </symbol>
      <symbol id="sm-544">
         <name>_fputc</name>
         <value>0x11815ec0</value>
         <object_component_ref idref="oc-f7"/>
      </symbol>
      <symbol id="sm-566">
         <name>_fputs</name>
         <value>0x11813a00</value>
         <object_component_ref idref="oc-f2"/>
      </symbol>
      <symbol id="sm-570">
         <name>__frcmpyd_div</name>
         <value>0x11818f40</value>
         <object_component_ref idref="oc-11d"/>
      </symbol>
      <symbol id="sm-580">
         <name>__divul</name>
         <value>0x11816880</value>
         <object_component_ref idref="oc-11f"/>
      </symbol>
      <symbol id="sm-581">
         <name>__remli</name>
         <value>0x11818fc0</value>
         <object_component_ref idref="oc-123"/>
      </symbol>
      <symbol id="sm-582">
         <name>__divli</name>
         <value>0x11818300</value>
         <object_component_ref idref="oc-124"/>
      </symbol>
      <symbol id="sm-596">
         <name>__subcull</name>
         <value>0x11818d60</value>
         <object_component_ref idref="oc-126"/>
      </symbol>
      <symbol id="sm-597">
         <name>__divull</name>
         <value>0x118155a0</value>
         <object_component_ref idref="oc-120"/>
      </symbol>
      <symbol id="sm-5a1">
         <name>___isinf</name>
         <value>0x11818e80</value>
         <object_component_ref idref="oc-104"/>
      </symbol>
      <symbol id="sm-5af">
         <name>__llshl</name>
         <value>0x11818b00</value>
         <object_component_ref idref="oc-125"/>
      </symbol>
      <symbol id="sm-5b0">
         <name>__llshru</name>
         <value>0x11818f80</value>
         <object_component_ref idref="oc-11c"/>
      </symbol>
      <symbol id="sm-5ed">
         <name>_unlink</name>
         <value>0x11818c80</value>
         <object_component_ref idref="oc-127"/>
      </symbol>
      <symbol id="sm-5ee">
         <name>_lseek</name>
         <value>0x11818760</value>
         <object_component_ref idref="oc-10b"/>
      </symbol>
      <symbol id="sm-5ef">
         <name>_close</name>
         <value>0x11817860</value>
         <object_component_ref idref="oc-121"/>
      </symbol>
      <symbol id="sm-5f0">
         <name>_write</name>
         <value>0x118189e0</value>
         <object_component_ref idref="oc-fa"/>
      </symbol>
      <symbol id="sm-5fd">
         <name>_ltoa</name>
         <value>0x11818100</value>
         <object_component_ref idref="oc-11a"/>
      </symbol>
      <symbol id="sm-60a">
         <name>_memccpy</name>
         <value>0x11818dc0</value>
         <object_component_ref idref="oc-ff"/>
      </symbol>
      <symbol id="sm-612">
         <name>_memcpy</name>
         <value>0x11818800</value>
         <object_component_ref idref="oc-e0"/>
      </symbol>
      <symbol id="sm-61d">
         <name>_memset</name>
         <value>0x11817940</value>
         <object_component_ref idref="oc-fb"/>
      </symbol>
      <symbol id="sm-627">
         <name>__negll</name>
         <value>0x11819000</value>
         <object_component_ref idref="oc-109"/>
      </symbol>
      <symbol id="sm-650">
         <name>_HOSTopen</name>
         <value>0x118176a0</value>
         <object_component_ref idref="oc-d8"/>
      </symbol>
      <symbol id="sm-651">
         <name>_HOSTread</name>
         <value>0x11817b00</value>
         <object_component_ref idref="oc-da"/>
      </symbol>
      <symbol id="sm-652">
         <name>_HOSTrename</name>
         <value>0x11816bc0</value>
         <object_component_ref idref="oc-de"/>
      </symbol>
      <symbol id="sm-653">
         <name>_HOSTwrite</name>
         <value>0x11817c80</value>
         <object_component_ref idref="oc-db"/>
      </symbol>
      <symbol id="sm-654">
         <name>_HOSTlseek</name>
         <value>0x118174a0</value>
         <object_component_ref idref="oc-dc"/>
      </symbol>
      <symbol id="sm-655">
         <name>_HOSTunlink</name>
         <value>0x11817bc0</value>
         <object_component_ref idref="oc-dd"/>
      </symbol>
      <symbol id="sm-656">
         <name>_HOSTclose</name>
         <value>0x118181c0</value>
         <object_component_ref idref="oc-d9"/>
      </symbol>
      <symbol id="sm-666">
         <name>C$$IO$$</name>
         <value>0x11818e78</value>
         <object_component_ref idref="oc-e8"/>
      </symbol>
      <symbol id="sm-667">
         <name>__CIOBUF_</name>
         <value>0x1181a3f0</value>
         <object_component_ref idref="oc-b0"/>
      </symbol>
      <symbol id="sm-668">
         <name>_readmsg</name>
         <value>0x11818c00</value>
         <object_component_ref idref="oc-e9"/>
      </symbol>
      <symbol id="sm-669">
         <name>_writemsg</name>
         <value>0x11818e20</value>
         <object_component_ref idref="oc-e8"/>
      </symbol>
      <symbol id="sm-678">
         <name>__wrt_ok</name>
         <value>0x118175a0</value>
         <object_component_ref idref="oc-f8"/>
      </symbol>
      <symbol id="sm-68c">
         <name>__doflush</name>
         <value>0x11817f80</value>
         <object_component_ref idref="oc-f9"/>
      </symbol>
      <symbol id="sm-69d">
         <name>_fseek</name>
         <value>0x11817380</value>
         <object_component_ref idref="oc-100"/>
      </symbol>
      <symbol id="sm-6b3">
         <name>_setvbuf</name>
         <value>0x118162e0</value>
         <object_component_ref idref="oc-101"/>
      </symbol>
      <symbol id="sm-6c6">
         <name>__cleanup</name>
         <value>0x11818260</value>
         <object_component_ref idref="oc-10e"/>
      </symbol>
      <symbol id="sm-6ff">
         <name>__sys_memory</name>
         <value>0x11800000</value>
         <object_component_ref idref="oc-ca"/>
      </symbol>
      <symbol id="sm-700">
         <name>_free</name>
         <value>0x11815320</value>
         <object_component_ref idref="oc-10c"/>
      </symbol>
      <symbol id="sm-701">
         <name>_malloc</name>
         <value>0x11816d40</value>
         <object_component_ref idref="oc-10d"/>
      </symbol>
      <symbol id="sm-713">
         <name>__closefile</name>
         <value>0x11817140</value>
         <object_component_ref idref="oc-118"/>
      </symbol>
      <symbol id="sm-71d">
         <name>_remove</name>
         <value>0x118190a0</value>
         <object_component_ref idref="oc-122"/>
      </symbol>
   </symbol_table>
</link_info>
